Component: ARM Compiler 5.06 update 6 (build 750) Tool: armlink [4d35ed]

==============================================================================

Section Cross References

    startup_stm32g030xx.o(STACK) refers (Special) to heapauxi.o(.text) for __use_two_region_memory
    startup_stm32g030xx.o(HEAP) refers (Special) to heapauxi.o(.text) for __use_two_region_memory
    startup_stm32g030xx.o(RESET) refers (Special) to heapauxi.o(.text) for __use_two_region_memory
    startup_stm32g030xx.o(RESET) refers to startup_stm32g030xx.o(STACK) for __initial_sp
    startup_stm32g030xx.o(RESET) refers to startup_stm32g030xx.o(.text) for Reset_Handler
    startup_stm32g030xx.o(RESET) refers to stm32g0xx_it.o(i.NMI_Handler) for NMI_Handler
    startup_stm32g030xx.o(RESET) refers to stm32g0xx_it.o(i.HardFault_Handler) for HardFault_Handler
    startup_stm32g030xx.o(RESET) refers to port.o(i.SVC_Handler) for SVC_Handler
    startup_stm32g030xx.o(RESET) refers to port.o(.emb_text) for PendSV_Handler
    startup_stm32g030xx.o(RESET) refers to port.o(i.SysTick_Handler) for SysTick_Handler
    startup_stm32g030xx.o(RESET) refers to stm32g0xx_it.o(i.DMA1_Channel1_IRQHandler) for DMA1_Channel1_IRQHandler
    startup_stm32g030xx.o(RESET) refers to stm32g0xx_it.o(i.DMA1_Channel2_3_IRQHandler) for DMA1_Channel2_3_IRQHandler
    startup_stm32g030xx.o(RESET) refers to stm32g0xx_it.o(i.DMA1_Ch4_5_DMAMUX1_OVR_IRQHandler) for DMA1_Ch4_5_DMAMUX1_OVR_IRQHandler
    startup_stm32g030xx.o(RESET) refers to stm32g0xx_it.o(i.TIM3_IRQHandler) for TIM3_IRQHandler
    startup_stm32g030xx.o(RESET) refers to stm32g0xx_it.o(i.USART2_IRQHandler) for USART2_IRQHandler
    startup_stm32g030xx.o(.text) refers (Special) to heapauxi.o(.text) for __use_two_region_memory
    startup_stm32g030xx.o(.text) refers to system_stm32g0xx.o(i.SystemInit) for SystemInit
    startup_stm32g030xx.o(.text) refers to __main.o(!!!main) for __main
    startup_stm32g030xx.o(.text) refers to startup_stm32g030xx.o(HEAP) for Heap_Mem
    startup_stm32g030xx.o(.text) refers to startup_stm32g030xx.o(STACK) for Stack_Mem
    main.o(i.Error_Handler) refers to stm32g0xx_hal_cortex.o(i.HAL_NVIC_SystemReset) for HAL_NVIC_SystemReset
    main.o(i.GET_RESET_WAY) refers to main.o(.data) for SYS_RESET_WAY
    main.o(i.HAL_TIM_PeriodElapsedCallback) refers to stm32g0xx_hal.o(i.HAL_IncTick) for HAL_IncTick
    main.o(i.SystemClock_Config) refers to rt_memclr.o(.text) for __aeabi_memclr4
    main.o(i.SystemClock_Config) refers to stm32g0xx_hal_pwr_ex.o(i.HAL_PWREx_ControlVoltageScaling) for HAL_PWREx_ControlVoltageScaling
    main.o(i.SystemClock_Config) refers to stm32g0xx_hal_rcc.o(i.HAL_RCC_OscConfig) for HAL_RCC_OscConfig
    main.o(i.SystemClock_Config) refers to main.o(i.Error_Handler) for Error_Handler
    main.o(i.SystemClock_Config) refers to stm32g0xx_hal_rcc.o(i.HAL_RCC_ClockConfig) for HAL_RCC_ClockConfig
    main.o(i.main) refers to stm32g0xx_hal_rcc.o(i.HAL_RCC_DeInit) for HAL_RCC_DeInit
    main.o(i.main) refers to stm32g0xx_hal.o(i.HAL_Init) for HAL_Init
    main.o(i.main) refers to main.o(i.SystemClock_Config) for SystemClock_Config
    main.o(i.main) refers to gpio.o(i.MX_GPIO_Init) for MX_GPIO_Init
    main.o(i.main) refers to tim.o(i.MX_TIM1_Init) for MX_TIM1_Init
    main.o(i.main) refers to dma.o(i.MX_DMA_Init) for MX_DMA_Init
    main.o(i.main) refers to adc.o(i.MX_ADC1_Init) for MX_ADC1_Init
    main.o(i.main) refers to i2c.o(i.MX_I2C1_Init) for MX_I2C1_Init
    main.o(i.main) refers to i2c.o(i.MX_I2C2_Init) for MX_I2C2_Init
    main.o(i.main) refers to spi.o(i.MX_SPI2_Init) for MX_SPI2_Init
    main.o(i.main) refers to usart.o(i.MX_USART2_UART_Init) for MX_USART2_UART_Init
    main.o(i.main) refers to tim.o(i.MX_TIM14_Init) for MX_TIM14_Init
    main.o(i.main) refers to tim.o(i.MX_TIM16_Init) for MX_TIM16_Init
    main.o(i.main) refers to tim.o(i.MX_TIM17_Init) for MX_TIM17_Init
    main.o(i.main) refers to iwdg.o(i.MX_IWDG_Init) for MX_IWDG_Init
    main.o(i.main) refers to rtc.o(i.MX_RTC_Init) for MX_RTC_Init
    main.o(i.main) refers to app_freertos.o(i.MX_FREERTOS_Init) for MX_FREERTOS_Init
    main.o(i.main) refers to cmsis_os.o(i.osKernelStart) for osKernelStart
    gpio.o(i.MX_GPIO_Init) refers to rt_memclr.o(.text) for __aeabi_memclr4
    gpio.o(i.MX_GPIO_Init) refers to stm32g0xx_hal_gpio.o(i.HAL_GPIO_WritePin) for HAL_GPIO_WritePin
    gpio.o(i.MX_GPIO_Init) refers to stm32g0xx_hal_gpio.o(i.HAL_GPIO_Init) for HAL_GPIO_Init
    app_freertos.o(i.MX_FREERTOS_Init) refers to rt_memcpy.o(.emb_text) for __aeabi_memcpy4
    app_freertos.o(i.MX_FREERTOS_Init) refers to cmsis_os.o(i.osThreadCreate) for osThreadCreate
    app_freertos.o(i.MX_FREERTOS_Init) refers to watchdog.o(i.WatchdogInit) for WatchdogInit
    app_freertos.o(i.MX_FREERTOS_Init) refers to app_freertos.o(.constdata) for .constdata
    app_freertos.o(i.MX_FREERTOS_Init) refers to app_freertos.o(.data) for defaultTaskHandle
[...]
    HAL_RCC_OscConfig                        0x08004435   Thumb Code  1434  stm32g0xx_hal_rcc.o(i.HAL_RCC_OscConfig)
    HAL_RTCEx_BKUPWrite                      0x080049e1   Thumb Code    20  stm32g0xx_hal_rtc_ex.o(i.HAL_RTCEx_BKUPWrite)
    HAL_RTC_Init                             0x080049f5   Thumb Code   190  stm32g0xx_hal_rtc.o(i.HAL_RTC_Init)
    HAL_RTC_MspInit                          0x08004ab9   Thumb Code    96  rtc.o(i.HAL_RTC_MspInit)
    HAL_RTC_WaitForSynchro                   0x08004b21   Thumb Code    58  stm32g0xx_hal_rtc.o(i.HAL_RTC_WaitForSynchro)
    HAL_SPI_ErrorCallback                    0x08004b5b   Thumb Code     2  stm32g0xx_hal_spi.o(i.HAL_SPI_ErrorCallback)
    HAL_SPI_Init                             0x08004b5d   Thumb Code   268  stm32g0xx_hal_spi.o(i.HAL_SPI_Init)
    HAL_SPI_MspInit                          0x08004c69   Thumb Code   228  spi.o(i.HAL_SPI_MspInit)
    HAL_SPI_Transmit_DMA                     0x08004d61   Thumb Code   344  stm32g0xx_hal_spi.o(i.HAL_SPI_Transmit_DMA)
    HAL_SPI_TxCpltCallback                   0x08004ec5   Thumb Code     2  stm32g0xx_hal_spi.o(i.HAL_SPI_TxCpltCallback)
    HAL_SPI_TxHalfCpltCallback               0x08004ec7   Thumb Code     2  stm32g0xx_hal_spi.o(i.HAL_SPI_TxHalfCpltCallback)
    HAL_TIMEx_Break2Callback                 0x08004ec9   Thumb Code     2  stm32g0xx_hal_tim_ex.o(i.HAL_TIMEx_Break2Callback)
    HAL_TIMEx_BreakCallback                  0x08004ecb   Thumb Code     2  stm32g0xx_hal_tim_ex.o(i.HAL_TIMEx_BreakCallback)
    HAL_TIMEx_CommutCallback                 0x08004ecd   Thumb Code     2  stm32g0xx_hal_tim_ex.o(i.HAL_TIMEx_CommutCallback)
    HAL_TIMEx_ConfigBreakDeadTime            0x08004ed1   Thumb Code   252  stm32g0xx_hal_tim_ex.o(i.HAL_TIMEx_ConfigBreakDeadTime)
    HAL_TIMEx_MasterConfigSynchronization    0x08004fd1   Thumb Code   132  stm32g0xx_hal_tim_ex.o(i.HAL_TIMEx_MasterConfigSynchronization)
    HAL_TIMEx_PWMN_Start                     0x0800505d   Thumb Code   178  stm32g0xx_hal_tim_ex.o(i.HAL_TIMEx_PWMN_Start)
    HAL_TIMEx_PWMN_Stop                      0x0800511d   Thumb Code   144  stm32g0xx_hal_tim_ex.o(i.HAL_TIMEx_PWMN_Stop)
    HAL_TIM_Base_Init                        0x080051b1   Thumb Code   108  stm32g0xx_hal_tim.o(i.HAL_TIM_Base_Init)
    HAL_TIM_Base_MspInit                     0x0800521d   Thumb Code   158  tim.o(i.HAL_TIM_Base_MspInit)
    HAL_TIM_Base_Start_IT                    0x080052d1   Thumb Code    96  stm32g0xx_hal_tim.o(i.HAL_TIM_Base_Start_IT)
    HAL_TIM_ConfigClockSource                0x0800533d   Thumb Code   276  stm32g0xx_hal_tim.o(i.HAL_TIM_ConfigClockSource)
    HAL_TIM_IC_CaptureCallback               0x08005455   Thumb Code     2  stm32g0xx_hal_tim.o(i.HAL_TIM_IC_CaptureCallback)
    HAL_TIM_IRQHandler                       0x08005459   Thumb Code   498  stm32g0xx_hal_tim.o(i.HAL_TIM_IRQHandler)
    HAL_TIM_MspPostInit                      0x08005651   Thumb Code   330  tim.o(i.HAL_TIM_MspPostInit)
    HAL_TIM_OC_DelayElapsedCallback          0x080057bd   Thumb Code     2  stm32g0xx_hal_tim.o(i.HAL_TIM_OC_DelayElapsedCallback)
    HAL_TIM_PWM_ConfigChannel                0x080057bf   Thumb Code   378  stm32g0xx_hal_tim.o(i.HAL_TIM_PWM_ConfigChannel)
    HAL_TIM_PWM_Init                         0x08005939   Thumb Code   108  stm32g0xx_hal_tim.o(i.HAL_TIM_PWM_Init)
    HAL_TIM_PWM_MspInit                      0x080059a5   Thumb Code     2  stm32g0xx_hal_tim.o(i.HAL_TIM_PWM_MspInit)
    HAL_TIM_PWM_PulseFinishedCallback        0x080059a7   Thumb Code     2  stm32g0xx_hal_tim.o(i.HAL_TIM_PWM_PulseFinishedCallback)
    HAL_TIM_PWM_Start                        0x080059a9   Thumb Code   256  stm32g0xx_hal_tim.o(i.HAL_TIM_PWM_Start)
    HAL_TIM_PWM_Stop                         0x08005abd   Thumb Code   202  stm32g0xx_hal_tim.o(i.HAL_TIM_PWM_Stop)
    HAL_TIM_PeriodElapsedCallback            0x08005b99   Thumb Code    18  main.o(i.HAL_TIM_PeriodElapsedCallback)
    HAL_TIM_TriggerCallback                  0x08005bb1   Thumb Code     2  stm32g0xx_hal_tim.o(i.HAL_TIM_TriggerCallback)
    HAL_UARTEx_ReceiveToIdle_DMA             0x08005bb3   Thumb Code   154  stm32g0xx_hal_uart_ex.o(i.HAL_UARTEx_ReceiveToIdle_DMA)
    HAL_UARTEx_RxEventCallback               0x08005c4d   Thumb Code    40  11_uart_send.o(i.HAL_UARTEx_RxEventCallback)
    HAL_UARTEx_RxFifoFullCallback            0x08005c85   Thumb Code     2  stm32g0xx_hal_uart_ex.o(i.HAL_UARTEx_RxFifoFullCallback)
    HAL_UARTEx_TxFifoEmptyCallback           0x08005c87   Thumb Code     2  stm32g0xx_hal_uart_ex.o(i.HAL_UARTEx_TxFifoEmptyCallback)
    HAL_UARTEx_WakeupCallback                0x08005c89   Thumb Code     2  stm32g0xx_hal_uart_ex.o(i.HAL_UARTEx_WakeupCallback)
    HAL_UART_DMAStop                         0x08005c8b   Thumb Code   200  stm32g0xx_hal_uart.o(i.HAL_UART_DMAStop)
    HAL_UART_ErrorCallback                   0x08005d53   Thumb Code     2  stm32g0xx_hal_uart.o(i.HAL_UART_ErrorCallback)
    HAL_UART_IRQHandler                      0x08005d55   Thumb Code  1070  stm32g0xx_hal_uart.o(i.HAL_UART_IRQHandler)
    HAL_UART_Init                            0x08006183   Thumb Code   130  stm32g0xx_hal_uart.o(i.HAL_UART_Init)
    HAL_UART_MspInit                         0x08006205   Thumb Code   244  usart.o(i.HAL_UART_MspInit)
    HAL_UART_RxCpltCallback                  0x0800630d   Thumb Code     2  stm32g0xx_hal_uart.o(i.HAL_UART_RxCpltCallback)
    HAL_UART_RxHalfCpltCallback              0x0800630f   Thumb Code     2  stm32g0xx_hal_uart.o(i.HAL_UART_RxHalfCpltCallback)
    HAL_UART_Transmit                        0x08006311   Thumb Code   264  stm32g0xx_hal_uart.o(i.HAL_UART_Transmit)
    HAL_UART_TxCpltCallback                  0x08006419   Thumb Code     2  stm32g0xx_hal_uart.o(i.HAL_UART_TxCpltCallback)
    HardFault_Handler                        0x0800641b   Thumb Code     4  stm32g0xx_it.o(i.HardFault_Handler)
    I2C_GY6550_Read                          0x0800646d   Thumb Code    56  03_yg6550.o(i.I2C_GY6550_Read)
    I2C_GY6550_Write                         0x080064a9   Thumb Code    56  03_yg6550.o(i.I2C_GY6550_Write)
    KeyDownCallBack                          0x080068a5   Thumb Code    50  01_key_process.o(i.KeyDownCallBack)
    KeyUpCallBack                            0x080068dd   Thumb Code    28  01_key_process.o(i.KeyUpCallBack)
    Key_Proc                                 0x080068fd   Thumb Code    22  01_key_process.o(i.Key_Proc)
    Key_S1_Long_Str                          0x08006919   Thumb Code    22  01_key_process.o(i.Key_S1_Long_Str)
    Key_S1_SetDown_Str                       0x08006935   Thumb Code     2  01_key_process.o(i.Key_S1_SetDown_Str)
    Key_S1_Str                               0x08006939   Thumb Code    32  01_key_process.o(i.Key_S1_Str)
    Key_S2_Long_Str                          0x0800695d   Thumb Code    68  01_key_process.o(i.Key_S2_Long_Str)
    Key_S2_Str                               0x080069a9   Thumb Code   320  01_key_process.o(i.Key_S2_Str)
    Key_Scan                                 0x08006afd   Thumb Code    62  01_key_process.o(i.Key_Scan)
    Key_SetDown_Function                     0x08006b49   Thumb Code    26  01_key_process.o(i.Key_SetDown_Function)
    Key_SetForWard_Function                  0x08006b63   Thumb Code     8  01_key_process.o(i.Key_SetForWard_Function)
    Key_SetLong_Function                     0x08006b6b   Thumb Code    32  01_key_process.o(i.Key_SetLong_Function)
    Key_SetUp_Function                       0x08006b8b   Thumb Code    32  01_key_process.o(i.Key_SetUp_Function)
    Key_Stroke                               0x08006bad   Thumb Code   252  01_key_process.o(i.Key_Stroke)
    LCD_output_transf                        0x08006cb5   Thumb Code    88  08_led_handle.o(i.LCD_output_transf)
    LED_display                              0x08006d15   Thumb Code   470  08_led_handle.o(i.LED_display)
    MOTO_Handle                              0x08006fd5   Thumb Code    34  07_moto_handle.o(i.MOTO_Handle)
    MX_ADC1_Init                             0x08007001   Thumb Code   266  adc.o(i.MX_ADC1_Init)
    MX_DMA_Init                              0x08007131   Thumb Code    80  dma.o(i.MX_DMA_Init)
    MX_FREERTOS_Init                         0x08007185   Thumb Code    82  app_freertos.o(i.MX_FREERTOS_Init)
    MX_GPIO_Init                             0x080071e9   Thumb Code   496  gpio.o(i.MX_GPIO_Init)
    MX_I2C1_Init                             0x080073f1   Thumb Code    80  i2c.o(i.MX_I2C1_Init)
    MX_I2C2_Init                             0x0800744d   Thumb Code    80  i2c.o(i.MX_I2C2_Init)
    MX_IWDG_Init                             0x080074a9   Thumb Code     2  iwdg.o(i.MX_IWDG_Init)
    MX_RTC_Init                              0x080074ad   Thumb Code    54  rtc.o(i.MX_RTC_Init)
    MX_SPI2_Init                             0x080074ed   Thumb Code    80  spi.o(i.MX_SPI2_Init)
    MX_TIM14_Init                            0x08007545   Thumb Code   104  tim.o(i.MX_TIM14_Init)
    MX_TIM16_Init                            0x080075b5   Thumb Code   166  tim.o(i.MX_TIM16_Init)
    MX_TIM17_Init                            0x08007665   Thumb Code   162  tim.o(i.MX_TIM17_Init)
    MX_TIM1_Init                             0x08007711   Thumb Code   308  tim.o(i.MX_TIM1_Init)
    MX_USART2_UART_Init                      0x08007851   Thumb Code    60  usart.o(i.MX_USART2_UART_Init)
    Manufacturer_Data_Send                   0x08007895   Thumb Code    18  11_uart_send.o(i.Manufacturer_Data_Send)
    Moto_Set_Funtion                         0x080078b5   Thumb Code   120  07_moto_handle.o(i.Moto_Set_Funtion)
    Multicolor_Lamp                          0x08007931   Thumb Code   116  08_led_handle.o(i.Multicolor_Lamp)
    NMI_Handler                              0x080079a5   Thumb Code     4  stm32g0xx_it.o(i.NMI_Handler)
    PID_Inc                                  0x080079a9   Thumb Code    80  04_rf_handle.o(i.PID_Inc)
    READ_MPU6500_ACCEL                       0x080079f9   Thumb Code   160  03_yg6550.o(i.READ_MPU6500_ACCEL)
    READ_MPU6500_GYRO                        0x08007a9d   Thumb Code   160  03_yg6550.o(i.READ_MPU6500_GYRO)
    RF_EMS_OUTPUT_Function                   0x08007b41   Thumb Code   354  09_output.o(i.RF_EMS_OUTPUT_Function)
    RF_OUT_PWM_Start                         0x08007cb9   Thumb Code    20  04_rf_handle.o(i.RF_OUT_PWM_Start)
    RF_OUT_PWM_Stop                          0x08007cd1   Thumb Code    20  04_rf_handle.o(i.RF_OUT_PWM_Stop)
    RF_OUT_Start                             0x08007ce9   Thumb Code    40  04_rf_handle.o(i.RF_OUT_Start)
    RF_OUT_Stop                              0x08007d19   Thumb Code    40  04_rf_handle.o(i.RF_OUT_Stop)
    RF_PID_Init                              0x08007d49   Thumb Code    22  04_rf_handle.o(i.RF_PID_Init)
    RF_SET_VALUE_PWM_Start                   0x08007d71   Thumb Code    12  04_rf_handle.o(i.RF_SET_VALUE_PWM_Start)
    RF_Set_Value                             0x08007d81   Thumb Code   242  04_rf_handle.o(i.RF_Set_Value)
    RF_Value_PID_Handler                     0x08007e7d   Thumb Code   152  04_rf_handle.o(i.RF_Value_PID_Handler)
    RGB_LED_Init                             0x08007f31   Thumb Code    28  08_led_handle.o(i.RGB_LED_Init)
    RTC_EnterInitMode                        0x08007f51   Thumb Code    80  stm32g0xx_hal_rtc.o(i.RTC_EnterInitMode)
    RTC_ExitInitMode                         0x08007fa1   Thumb Code    96  stm32g0xx_hal_rtc.o(i.RTC_ExitInitMode)
    SEAL_MODE_RF_EMS_NOMEL_OUTPUT            0x08008005   Thumb Code    16  09_output.o(i.SEAL_MODE_RF_EMS_NOMEL_OUTPUT)
    SLIDE_MODE_RF_NoEMS_OUPUT                0x08008019   Thumb Code   192  09_output.o(i.SLIDE_MODE_RF_NoEMS_OUPUT)
    SVC_Handler                              0x080083d9   Thumb Code     2  port.o(i.SVC_Handler)
    SYSTEM_Init_Function                     0x080083dd   Thumb Code   252  00_handle.o(i.SYSTEM_Init_Function)
    SealModeOutput_Eight                     0x080084f9   Thumb Code   124  09_output.o(i.SealModeOutput_Eight)
    SealModeOutput_Mode                      0x08008575   Thumb Code    72  09_output.o(i.SealModeOutput_Mode)
    SealModeOutput_Nine                      0x080085bd   Thumb Code   126  09_output.o(i.SealModeOutput_Nine)
    SealModeOutput_Seven                     0x0800863d   Thumb Code    38  09_output.o(i.SealModeOutput_Seven)
    SealModeOutput_Six                       0x08008669   Thumb Code   114  09_output.o(i.SealModeOutput_Six)
    SealMode_Service_Function                0x080086e1   Thumb Code   168  09_output.o(i.SealMode_Service_Function)
    Seal_Check_Skin_Output                   0x08008795   Thumb Code    10  09_output.o(i.Seal_Check_Skin_Output)
    Set_Color_Handle                         0x080087a1   Thumb Code    28  08_led_handle.o(i.Set_Color_Handle)
    Set_Ems_Tim_Psc                          0x080087c1   Thumb Code     6  05_ems_handle.o(i.Set_Ems_Tim_Psc)
    Set_RF_Tim_Psc                           0x080087cd   Thumb Code     6  04_rf_handle.o(i.Set_RF_Tim_Psc)
    StartDefaultTask                         0x080087d9   Thumb Code   128  app_freertos.o(i.StartDefaultTask)
    StartTask02                              0x08008861   Thumb Code   228  app_freertos.o(i.StartTask02)
    StartTask03                              0x0800894d   Thumb Code   136  app_freertos.o(i.StartTask03)
    SysTick_Handler                          0x080089e1   Thumb Code    32  port.o(i.SysTick_Handler)
    Sys_Command_Handle                       0x08008a05   Thumb Code  1744  11_uart_send.o(i.Sys_Command_Handle)
    Sys_Power_Off                            0x080090fd   Thumb Code    34  00_handle.o(i.Sys_Power_Off)
    Sys_Power_On                             0x08009125   Thumb Code    76  00_handle.o(i.Sys_Power_On)
    SystemClock_Config                       0x08009181   Thumb Code   128  main.o(i.SystemClock_Config)
    SystemInit                               0x08009201   Thumb Code     2  system_stm32g0xx.o(i.SystemInit)
    TIM3_IRQHandler                          0x08009205   Thumb Code    10  stm32g0xx_it.o(i.TIM3_IRQHandler)
    TIM_Base_SetConfig                       0x08009215   Thumb Code   122  stm32g0xx_hal_tim.o(i.TIM_Base_SetConfig)
    TIM_CCxChannelCmd                        0x080092a5   Thumb Code    34  stm32g0xx_hal_tim.o(i.TIM_CCxChannelCmd)
    TIM_ETR_SetConfig                        0x080092e9   Thumb Code    28  stm32g0xx_hal_tim.o(i.TIM_ETR_SetConfig)
    TIM_OC2_SetConfig                        0x080093b9   Thumb Code   156  stm32g0xx_hal_tim.o(i.TIM_OC2_SetConfig)
    TX_Command_Handle                        0x080096b5   Thumb Code    66  11_uart_send.o(i.TX_Command_Handle)
    TX_Command_Handle_L10                    0x08009705   Thumb Code    70  11_uart_send.o(i.TX_Command_Handle_L10)
    UART_AdvFeatureConfig                    0x08009759   Thumb Code   240  stm32g0xx_hal_uart.o(i.UART_AdvFeatureConfig)
    UART_CheckIdleState                      0x08009849   Thumb Code   116  stm32g0xx_hal_uart.o(i.UART_CheckIdleState)
    UART_SetConfig                           0x08009b2d   Thumb Code   452  stm32g0xx_hal_uart.o(i.UART_SetConfig)
    UART_Start_Receive_DMA                   0x08009d11   Thumb Code   226  stm32g0xx_hal_uart.o(i.UART_Start_Receive_DMA)
    UART_WaitOnFlagUntilTimeout              0x08009e01   Thumb Code   288  stm32g0xx_hal_uart.o(i.UART_WaitOnFlagUntilTimeout)
    USART2_IRQHandler                        0x08009f21   Thumb Code    10  stm32g0xx_it.o(i.USART2_IRQHandler)
    Uart2_Send_Data                          0x08009f31   Thumb Code    58  11_uart_send.o(i.Uart2_Send_Data)
    User_Uart_Init                           0x08009f79   Thumb Code    30  11_uart_send.o(i.User_Uart_Init)
    WatchdogFeed                             0x08009fa5   Thumb Code    10  watchdog.o(i.WatchdogFeed)
    WatchdogInit                             0x08009fb5   Thumb Code    40  watchdog.o(i.WatchdogInit)
    __ARM_common_switch8                     0x08009fed   Thumb Code    28  stm32g0xx_hal_dma.o(i.__ARM_common_switch8)
    bat_charge_state_check                   0x0800a099   Thumb Code   116  06_batt_handle.o(i.bat_charge_state_check)
    bat_check_in_charge_mode                 0x0800a121   Thumb Code   182  06_batt_handle.o(i.bat_check_in_charge_mode)
    bat_check_in_normal_mode                 0x0800a1e1   Thumb Code    62  06_batt_handle.o(i.bat_check_in_normal_mode)
    bat_check_in_sleep_mode                  0x0800a229   Thumb Code   150  06_batt_handle.o(i.bat_check_in_sleep_mode)
    buzzer0_5                                0x0800a2c9   Thumb Code    74  07_moto_handle.o(i.buzzer0_5)
    buzzer1_0                                0x0800a31d   Thumb Code    70  07_moto_handle.o(i.buzzer1_0)
    buzzerChirp                              0x0800a36d   Thumb Code   264  07_moto_handle.o(i.buzzerChirp)
    crc16_compute                            0x0800a4c9   Thumb Code    62  11_uart_send.o(i.crc16_compute)
    filter                                   0x0800a50d   Thumb Code   126  00_handle.o(i.filter)
    loadCurrent                              0x0800a58d   Thumb Code   114  00_handle.o(i.loadCurrent)
    main                                     0x0800a619   Thumb Code    76  main.o(i.main)
    osDelay                                  0x0800a673   Thumb Code    26  cmsis_os.o(i.osDelay)
    osKernelStart                            0x0800a68d   Thumb Code    10  cmsis_os.o(i.osKernelStart)
    osThreadCreate                           0x0800a697   Thumb Code    98  cmsis_os.o(i.osThreadCreate)
    pvPortMalloc                             0x0800ac01   Thumb Code   274  heap_4.o(i.pvPortMalloc)
    pxPortInitialiseStack                    0x0800ad2d   Thumb Code    26  port.o(i.pxPortInitialiseStack)
    read_gear_for_eeprom_gear                0x0800ad4d   Thumb Code    24  10_eeprom.o(i.read_gear_for_eeprom_gear)
    read_gear_for_eeprom_gearseal            0x0800ad6d   Thumb Code    24  10_eeprom.o(i.read_gear_for_eeprom_gearseal)
    read_gear_for_eeprom_mode                0x0800ad8d   Thumb Code    20  10_eeprom.o(i.read_gear_for_eeprom_mode)
    read_rgb_sensor_data_from_eeprom         0x0800ada9   Thumb Code    52  10_eeprom.o(i.read_rgb_sensor_data_from_eeprom)
    uxListRemove                             0x0800ade5   Thumb Code    40  list.o(i.uxListRemove)
    vApplicationGetIdleTaskMemory            0x0800ae0d   Thumb Code    14  app_freertos.o(i.vApplicationGetIdleTaskMemory)
    vListInitialise                          0x0800ae25   Thumb Code    26  list.o(i.vListInitialise)
    vListInitialiseItem                      0x0800ae3f   Thumb Code     6  list.o(i.vListInitialiseItem)
    vListInsert                              0x0800ae45   Thumb Code    54  list.o(i.vListInsert)
    vListInsertEnd                           0x0800ae7b   Thumb Code    24  list.o(i.vListInsertEnd)
    vPortEnterCritical                       0x0800ae95   Thumb Code    22  port.o(i.vPortEnterCritical)
    vPortExitCritical                        0x0800aeb1   Thumb Code    36  port.o(i.vPortExitCritical)
    vPortFree                                0x0800aed9   Thumb Code   130  heap_4.o(i.vPortFree)
    vPortSetupTimerInterrupt                 0x0800af69   Thumb Code    34  port.o(i.vPortSetupTimerInterrupt)
    vPortYield                               0x0800af95   Thumb Code    18  port.o(i.vPortYield)
    vTaskDelay                               0x0800afad   Thumb Code    62  tasks.o(i.vTaskDelay)
    vTaskDelayUntil                          0x0800aff1   Thumb Code   146  tasks.o(i.vTaskDelayUntil)
    vTaskInternalSetTimeOutState             0x0800b08d   Thumb Code    14  tasks.o(i.vTaskInternalSetTimeOutState)
    vTaskMissedYield                         0x0800b0a5   Thumb Code     8  tasks.o(i.vTaskMissedYield)
    vTaskPlaceOnEventList                    0x0800b0b1   Thumb Code    38  tasks.o(i.vTaskPlaceOnEventList)
    vTaskStartScheduler                      0x0800b0dd   Thumb Code   120  tasks.o(i.vTaskStartScheduler)
    vTaskSuspendAll                          0x0800b171   Thumb Code    12  tasks.o(i.vTaskSuspendAll)
    vTaskSwitchContext                       0x0800b181   Thumb Code   108  tasks.o(i.vTaskSwitchContext)
    write_gear_for_eeprom                    0x0800b201   Thumb Code    92  10_eeprom.o(i.write_gear_for_eeprom)
    xPortStartScheduler                      0x0800b269   Thumb Code    48  port.o(i.xPortStartScheduler)
    xQueueCreateMutex                        0x0800b2a1   Thumb Code    30  queue.o(i.xQueueCreateMutex)
    xQueueGenericCreate                      0x0800b2bf   Thumb Code    82  queue.o(i.xQueueGenericCreate)
    xQueueGenericReset                       0x0800b311   Thumb Code   130  queue.o(i.xQueueGenericReset)
    xQueueGenericSend                        0x0800b393   Thumb Code   346  queue.o(i.xQueueGenericSend)
    xTaskCheckForTimeOut                     0x0800b4ed   Thumb Code   106  tasks.o(i.xTaskCheckForTimeOut)
    xTaskCreate                              0x0800b561   Thumb Code    98  tasks.o(i.xTaskCreate)
    xTaskCreateStatic                        0x0800b5c3   Thumb Code   136  tasks.o(i.xTaskCreateStatic)
    xTaskGetSchedulerState                   0x0800b64d   Thumb Code    28  tasks.o(i.xTaskGetSchedulerState)
    xTaskGetTickCount                        0x0800b671   Thumb Code     6  tasks.o(i.xTaskGetTickCount)
    xTaskIncrementTick                       0x0800b67d   Thumb Code   270  tasks.o(i.xTaskIncrementTick)
    xTaskPriorityDisinherit                  0x0800b7b9   Thumb Code   124  tasks.o(i.xTaskPriorityDisinherit)
    xTaskRemoveFromEventList                 0x0800b841   Thumb Code   112  tasks.o(i.xTaskRemoveFromEventList)
    xTaskResumeAll                           0x0800b8c9   Thumb Code   206  tasks.o(i.xTaskResumeAll)
    __aeabi_cdcmple                          0x0800b9b9   Thumb Code     0  dlef.o(x$fpl$dleqf)
    _dcmple                                  0x0800b9b9   Thumb Code    94  dlef.o(x$fpl$dleqf)
    __aeabi_fadd                             0x0800ba1d   Thumb Code     0  faddsub.o(x$fpl$fadd)
    _fadd                                    0x0800ba1d   Thumb Code   134  faddsub.o(x$fpl$fadd)
    __aeabi_cfcmpeq                          0x0800baa9   Thumb Code     0  feqf.o(x$fpl$feqf)
    _fcmpeq                                  0x0800baa9   Thumb Code    78  feqf.o(x$fpl$feqf)
    __aeabi_fmul                             0x0800bafd   Thumb Code     0  fmul.o(x$fpl$fmul)
    _fmul                                    0x0800bafd   Thumb Code   172  fmul.o(x$fpl$fmul)
    __aeabi_cfrcmple                         0x0800bbad   Thumb Code     0  frlef.o(x$fpl$frleqf)
    _frcmple                                 0x0800bbad   Thumb Code    84  frlef.o(x$fpl$frleqf)
    __aeabi_fsub                             0x0800bc05   Thumb Code     0  faddsub.o(x$fpl$fsub)
    _fsub                                    0x0800bc05   Thumb Code   204  faddsub.o(x$fpl$fsub)
    __I$use$fp                               0x0800bcd4   Number         0  usenofp.o(x$fpl$usenofp)
    UARTPrescTable                           0x0800bd36   Data          24  stm32g0xx_hal_uart.o(.constdata)
    AHBPrescTable                            0x0800bd58   Data          64  system_stm32g0xx.o(.constdata)
    APBPrescTable                            0x0800bd98   Data          32  system_stm32g0xx.o(.constdata)
    Manufacturer_Data_Table                  0x0800bdbd   Data          12  11_uart_send.o(.constdata)
    Region$$Table$$Base                      0x0800be30   Number         0  anon$$obj.o(Region$$Table)
    Region$$Table$$Limit                     0x0800be50   Number         0  anon$$obj.o(Region$$Table)
    defaultTaskHandle                        0x20000000   Data           4  app_freertos.o(.data)
    myTask02Handle                           0x20000004   Data           4  app_freertos.o(.data)
    myTask03Handle                           0x20000008   Data           4  app_freertos.o(.data)
    uwTick                                   0x20000010   Data           4  stm32g0xx_hal.o(.data)
    uwTickPrio                               0x20000014   Data           4  stm32g0xx_hal.o(.data)
    uwTickFreq                               0x20000018   Data           1  stm32g0xx_hal.o(.data)
    SystemCoreClock                          0x2000001c   Data           4  system_stm32g0xx.o(.data)
    Key_Flag                                 0x20000034   Data           1  01_key_process.o(.data)
    KEY_Comps                                0x20000048   Data          12  01_key_process.o(.data)
    GU6500XYZdataACCEL                       0x20000058   Data           6  03_yg6550.o(.data)
    GU6500XYZdataGYRO                        0x2000005e   Data           6  03_yg6550.o(.data)
    I2c_Buf_Write                            0x20000064   Data          10  03_yg6550.o(.data)
    g_ACCELquick                             0x2000006e   Data           1  03_yg6550.o(.data)
    ACCELDataBIG                             0x20000070   Data           4  03_yg6550.o(.data)
    ACCELDataLittle                          0x20000074   Data           4  03_yg6550.o(.data)
    GYRODataBIG                              0x20000078   Data           4  03_yg6550.o(.data)
    GYROLDataLittle                          0x2000007c   Data           4  03_yg6550.o(.data)
    hdhd1                                    0x20000080   Data           5  03_yg6550.o(.data)
    bat_data                                 0x200000a6   Data           6  06_batt_handle.o(.data)
    motor_data                             0x200000b0   Data           8  07_moto_handle.o(.data)
    buzzer_onoff_flage                       0x200000b8   Data           1  07_moto_handle.o(.data)
    PageError                                0x200000e8   Data           4  10_eeprom.o(.data)
    ID_Num                                   0x200000ec   Data           4  10_eeprom.o(.data)
    rx_len                                   0x200000f0   Data           2  11_uart_send.o(.data)
    os_watchdog_handle                       0x200000f4   Data           4  watchdog.o(.data)
    pxCurrentTCB                             0x200000fc   Data           4  tasks.o(.data)
    hadc1                                    0x200002ac   Data         100  adc.o(.bss)
    hdma_adc1                                0x20000310   Data          92  adc.o(.bss)
    hi2c1                                    0x2000036c   Data          76  i2c.o(.bss)
    hi2c2                                    0x200003b8   Data          76  i2c.o(.bss)
    hiwdg                                    0x20000404   Data          16  iwdg.o(.bss)
    hspi2                                    0x20000414   Data         100  spi.o(.bss)
    hdma_spi2_tx                             0x20000478   Data          92  spi.o(.bss)
    htim1                                    0x200004d4   Data          76  tim.o(.bss)
    htim14                                   0x20000520   Data          76  tim.o(.bss)
    htim16                                   0x2000056c   Data          76  tim.o(.bss)
    htim17                                   0x200005b8   Data          76  tim.o(.bss)
    huart2                                   0x20000604   Data         144  usart.o(.bss)
    hdma_usart2_rx                           0x20000694   Data          92  usart.o(.bss)
    hdma_usart2_tx                           0x200006f0   Data          92  usart.o(.bss)
    hrtc                                     0x2000074c   Data          44  rtc.o(.bss)
    htim3                                    0x20000778   Data          76  stm32g0xx_hal_timebase_tim.o(.bss)
    pFlash                                   0x200007c4   Data          28  stm32g0xx_hal_flash.o(.bss)
    Adc_Value                                0x200007e0   Data          80  00_handle.o(.bss)
    Sys_Info                                 0x20000830   Data          44  00_handle.o(.bss)
    ADC_Data                                 0x2000085c   Data          16  00_handle.o(.bss)
    I2c1_Buf_Read                            0x2000086c   Data          10  02_ltr831.o(.bss)
    RGB_Handle                               0x20000878   Data          68  02_ltr831.o(.bss)
    White_Balance                            0x200008bc   Data          20  02_ltr831.o(.bss)
    Cal_Key                                  0x200008d0   Data          24  02_ltr831.o(.bss)
    I2c_Buf_Read                             0x200008e8   Data          10  03_yg6550.o(.bss)
    RF_Handler                               0x200008f4   Data          40  04_rf_handle.o(.bss)
    EMS_Handler                              0x2000091c   Data          40  05_ems_handle.o(.bss)
    Led_Colour                               0x20000944   Data           9  08_led_handle.o(.bss)
    LCD_data                                 0x2000094d   Data          73  08_led_handle.o(.bss)
    recv_data_buff                           0x20000996   Data         255  11_uart_send.o(.bss)
    Tx_Data_Buff                             0x20000a95   Data         255  11_uart_send.o(.bss)
    Gsensor_Data_Table                       0x20000b94   Data          20  11_uart_send.o(.bss)
    __libspace_start                         0x2000165c   Data          96  libspace.o(.bss)
    __temporary_stack_top$libspace           0x200016bc   Data           0  libspace.o(.bss)



==============================================================================

Memory Map of the image

  Image Entry point : 0x080000c1

  Load Region LR_IROM1 (Base: 0x08000000, Size: 0x0000bfa8, Max: 0x00010000, ABSOLUTE, COMPRESSED[0x0000be78])

    Execution Region ER_IROM1 (Exec base: 0x08000000, Load base: 0x08000000, Size: 0x0000be50, Max: 0x00010000, ABSOLUTE)

    Exec Addr    Load Addr    Size         Type   Attr      Idx    E Section Name        Object

    0x08000000   0x08000000   0x000000c0   Data   RO            3    RESET               startup_stm32g030xx.o
    0x080000c0   0x080000c0   0x00000008   Code   RO         7611  * !!!main             c_p.l(__main.o)
    0x080000c8   0x080000c8   0x0000003c   Code   RO         7869    !!!scatter          c_p.l(__scatter.o)
    0x08000104   0x08000104   0x0000001c   Code   RO         7871    !!handler_zi        c_p.l(__scatter_zi.o)
    0x08000120   0x08000120   0x00000002   Code   RO         7737    .ARM.Collect$$libinit$$00000000  c_p.l(libinit.o)
    0x08000122   0x08000122   0x00000000   Code   RO         7750    .ARM.Collect$$libinit$$00000002  c_p.l(libinit2.o)
    0x08000122   0x08000122   0x00000000   Code   RO         7752    .ARM.Collect$$libinit$$00000004  c_p.l(libinit2.o)
    0x08000122   0x08000122   0x00000000   Code   RO         7755    .ARM.Collect$$libinit$$0000000A  c_p.l(libinit2.o)
    0x08000122   0x08000122   0x00000000   Code   RO         7757    .ARM.Collect$$libinit$$0000000C  c_p.l(libinit2.o)
    0x08000122   0x08000122   0x00000000   Code   RO         7759    .ARM.Collect$$libinit$$0000000E  c_p.l(libinit2.o)
    0x08000122   0x08000122   0x00000000   Code   RO         7762    .ARM.Collect$$libinit$$00000011  c_p.l(libinit2.o)
    0x08000122   0x08000122   0x00000000   Code   RO         7764    .ARM.Collect$$libinit$$00000013  c_p.l(libinit2.o)
    0x08000122   0x08000122   0x00000000   Code   RO         7766    .ARM.Collect$$libinit$$00000015  c_p.l(libinit2.o)
    0x08000122   0x08000122   0x00000000   Code   RO         7768    .ARM.Collect$$libinit$$00000017  c_p.l(libinit2.o)
    0x08000122   0x08000122   0x00000000   Code   RO         7770    .ARM.Collect$$libinit$$00000019  c_p.l(libinit2.o)
    0x08000122   0x08000122   0x00000000   Code   RO         7772    .ARM.Collect$$libinit$$0000001B  c_p.l(libinit2.o)
    0x08000122   0x08000122   0x00000000   Code   RO         7774    .ARM.Collect$$libinit$$0000001D  c_p.l(libinit2.o)
    0x08000122   0x08000122   0x00000000   Code   RO         7776    .ARM.Collect$$libinit$$0000001F  c_p.l(libinit2.o)
    0x08000122   0x08000122   0x00000000   Code   RO         7778    .ARM.Collect$$libinit$$00000021  c_p.l(libinit2.o)
    0x08000122   0x08000122   0x00000000   Code   RO         7780    .ARM.Collect$$libinit$$00000023  c_p.l(libinit2.o)
    0x08000122   0x08000122   0x00000000   Code   RO         7782    .ARM.Collect$$libinit$$00000025  c_p.l(libinit2.o)
    0x08000122   0x08000122   0x00000000   Code   RO         7786    .ARM.Collect$$libinit$$0000002C  c_p.l(libinit2.o)
    0x08000122   0x08000122   0x00000000   Code   RO         7788    .ARM.Collect$$libinit$$0000002E  c_p.l(libinit2.o)
    0x08000122   0x08000122   0x00000000   Code   RO         7790    .ARM.Collect$$libinit$$00000030  c_p.l(libinit2.o)
    0x08000122   0x08000122   0x00000000   Code   RO         7792    .ARM.Collect$$libinit$$00000032  c_p.l(libinit2.o)
    0x08000122   0x08000122   0x00000002   Code   RO         7793    .ARM.Collect$$libinit$$00000033  c_p.l(libinit2.o)
    0x08000124   0x08000124   0x00000002   Code   RO         7824    .ARM.Collect$$libshutdown$$00000000  c_p.l(libshutdown.o)
    0x08000126   0x08000126   0x00000000   Code   RO         7850    .ARM.Collect$$libshutdown$$00000002  c_p.l(libshutdown2.o)
    0x08000126   0x08000126   0x00000000   Code   RO         7852    .ARM.Collect$$libshutdown$$00000004  c_p.l(libshutdown2.o)
    0x08000126   0x08000126   0x00000000   Code   RO         7855    .ARM.Collect$$libshutdown$$00000007  c_p.l(libshutdown2.o)
    0x08000126   0x08000126   0x00000000   Code   RO         7858    .ARM.Collect$$libshutdown$$0000000A  c_p.l(libshutdown2.o)
    0x08000126   0x08000126   0x00000000   Code   RO         7860    .ARM.Collect$$libshutdown$$0000000C  c_p.l(libshutdown2.o)
    0x08000126   0x08000126   0x00000000   Code   RO         7863    .ARM.Collect$$libshutdown$$0000000F  c_p.l(libshutdown2.o)
    0x08000126   0x08000126   0x00000002   Code   RO         7864    .ARM.Collect$$libshutdown$$00000010  c_p.l(libshutdown2.o)
    0x08000128   0x08000128   0x00000000   Code   RO         7659    .ARM.Collect$$rtentry$$00000000  c_p.l(__rtentry.o)
    0x08000128   0x08000128   0x00000000   Code   RO         7693    .ARM.Collect$$rtentry$$00000002  c_p.l(__rtentry2.o)
    0x08000128   0x08000128   0x00000006   Code   RO         7705    .ARM.Collect$$rtentry$$00000004  c_p.l(__rtentry4.o)
    0x0800012e   0x0800012e   0x00000000   Code   RO         7695    .ARM.Collect$$rtentry$$00000009  c_p.l(__rtentry2.o)
    0x0800012e   0x0800012e   0x00000004   Code   RO         7696    .ARM.Collect$$rtentry$$0000000A  c_p.l(__rtentry2.o)
    0x08000132   0x08000132   0x00000000   Code   RO         7698    .ARM.Collect$$rtentry$$0000000C  c_p.l(__rtentry2.o)
    0x08000132   0x08000132   0x00000008   Code   RO         7699    .ARM.Collect$$rtentry$$0000000D  c_p.l(__rtentry2.o)
    0x0800013a   0x0800013a   0x00000002   Code   RO         7741    .ARM.Collect$$rtexit$$00000000  c_p.l(rtexit.o)
    0x0800013c   0x0800013c   0x00000000   Code   RO         7797    .ARM.Collect$$rtexit$$00000002  c_p.l(rtexit2.o)
    0x0800013c   0x0800013c   0x00000004   Code   RO         7798    .ARM.Collect$$rtexit$$00000003  c_p.l(rtexit2.o)
    0x08000140   0x08000140   0x00000006   Code   RO         7799    .ARM.Collect$$rtexit$$00000004  c_p.l(rtexit2.o)
    0x08000146   0x08000146   0x00000002   PAD
    0x08000148   0x08000148   0x00000078   Code   RO         7522    .emb_text           port.o
    0x080001c0   0x080001c0   0x00000038   Code   RO         7595    .emb_text           c_p.l(rt_memcpy.o)
    0x080001f8   0x080001f8   0x00000038   Code   RO            4    .text               startup_stm32g030xx.o
    0x08000230   0x08000230   0x00000082   Code   RO         7596    .text               c_p.l(rt_memcpy.o)
    0x080002b2   0x080002b2   0x00000012   Code   RO         7601    .text               c_p.l(aeabi_memset.o)
    0x080002c4   0x080002c4   0x00000040   Code   RO         7603    .text               c_p.l(rt_memclr.o)
    0x08000304   0x08000304   0x0000015a   Code   RO         7605    .text               c_p.l(aeabi_sdiv.o)
    0x0800045e   0x0800045e   0x00000006   Code   RO         7609    .text               c_p.l(heapauxi.o)
    0x08000464   0x08000464   0x00000048   Code   RO         7620    .text               fz_ps.l(dfixui.o)
    0x080004ac   0x080004ac   0x00000058   Code   RO         7622    .text               fz_ps.l(dflti.o)
    0x08000504   0x08000504   0x00000248   Code   RO         7626    .text               fz_ps.l(dmul.o)
    0x0800074c   0x0800074c   0x00000054   Code   RO         7628    .text               fz_ps.l(f2d.o)
    0x080007a0   0x080007a0   0x00000160   Code   RO         7636    .text               fz_ps.l(fdiv.o)
    0x08000900   0x08000900   0x0000004c   Code   RO         7641    .text               fz_ps.l(ffixi.o)
    0x0800094c   0x0800094c   0x0000005e   Code   RO         7643    .text               fz_ps.l(fflti.o)
    0x080009aa   0x080009aa   0x00000002   PAD
    0x080009ac   0x080009ac   0x00000090   Code   RO         7666    .text               fz_ps.l(dcmpin.o)
    0x08000a3c   0x08000a3c   0x00000064   Code   RO         7672    .text               fz_ps.l(fcmpin.o)
    0x08000aa0   0x08000aa0   0x0000002e   Code   RO         7714    .text               fz_ps.l(cmpret.o)
    0x08000ace   0x08000ace   0x00000002   PAD
    0x08000ad0   0x08000ad0   0x00000014   Code   RO         7716    .text               fz_ps.l(dnan2.o)
    0x08000ae4   0x08000ae4   0x00000010   Code   RO         7718    .text               fz_ps.l(fnan2.o)
    0x08000af4   0x08000af4   0x00000008   Code   RO         7720    .text               c_p.l(libspace.o)
    0x08000afc   0x08000afc   0x0000003e   Code   RO         7723    .text               c_p.l(sys_stackheap_outer.o)
    0x08000b3a   0x08000b3a   0x00000010   Code   RO         7726    .text               c_p.l(exit.o)
    0x08000b4a   0x08000b4a   0x0000005e   Code   RO         7738    .text               fz_ps.l(retnan.o)
    0x08000ba8   0x08000ba8   0x0000000c   Code   RO         7794    .text               c_p.l(sys_exit.o)
    0x08000bb4   0x08000bb4   0x00000002   Code   RO         7813    .text               c_p.l(use_no_semi.o)
    0x08000bb6   0x08000bb6   0x00000000   Code   RO         7815    .text               c_p.l(indicate_semi.o)
    0x08000bb6   0x08000bb6   0x00000056   Code   RO         7867    .text               c_p.l(__dczerorl2.o)
    0x08000c0c   0x08000c0c   0x00000130   Code   RO         5604    i.ACCELDataProcessing  03_yg6550.o
    0x08000d3c   0x08000d3c   0x00000070   Code   RO          857    i.ADC_ConversionStop  stm32g0xx_hal_adc.o
    0x08000dac   0x08000dac   0x00000090   Code   RO          858    i.ADC_DMAConvCplt   stm32g0xx_hal_adc.o
    0x08000e3c   0x08000e3c   0x0000001e   Code   RO          859    i.ADC_DMAError      stm32g0xx_hal_adc.o
    0x08000e5a   0x08000e5a   0x0000000e   Code   RO          860    i.ADC_DMAHalfConvCplt  stm32g0xx_hal_adc.o
    0x08000e68   0x08000e68   0x00000018   Code   RO         5290    i.ADC_DMA_COV_START  00_handle.o
    0x08000e80   0x08000e80   0x0000008a   Code   RO          861    i.ADC_Disable       stm32g0xx_hal_adc.o
    0x08000f0a   0x08000f0a   0x00000002   PAD
    0x08000f0c   0x08000f0c   0x000000d8   Code   RO          862    i.ADC_Enable        stm32g0xx_hal_adc.o
    0x08000fe4   0x08000fe4   0x0000011c   Code   RO         6208    i.Aging_Test        11_uart_send.o
    0x08001100   0x08001100   0x00000006   Code   RO         5291    i.AtmosphereBackLight  00_handle.o
    0x08001106   0x08001106   0x00000002   PAD
    0x08001108   0x08001108   0x00000104   Code   RO         5605    i.AttitudeProcessing  03_yg6550.o
    0x0800120c   0x0800120c   0x00000164   Code   RO         5292    i.Auto_Close_Machine  00_handle.o
    0x08001370   0x08001370   0x00000014   Code   RO         6209    i.BKP_SRAM_Init     11_uart_send.o
    0x08001384   0x08001384   0x000000d0   Code   RO         5293    i.Backlight_Display_Funtion  00_handle.o
    0x08001454   0x08001454   0x00000058   Code   RO         5870    i.BatteryPowerJudgment  06_batt_handle.o
    0x080014ac   0x080014ac   0x00000040   Code   RO         5606    i.CHECK_GYRO_IIC    03_yg6550.o
    0x080014ec   0x080014ec   0x000001a0   Code   RO         5294    i.Charge_Insertion_Status  00_handle.o
    0x0800168c   0x0800168c   0x000000b0   Code   RO         5295    i.Control_Funtion   00_handle.o
    0x0800173c   0x0800173c   0x00000018   Code   RO          737    i.DMA1_Ch4_5_DMAMUX1_OVR_IRQHandler  stm32g0xx_it.o
    0x08001754   0x08001754   0x00000010   Code   RO          738    i.DMA1_Channel1_IRQHandler  stm32g0xx_it.o
    0x08001764   0x08001764   0x00000010   Code   RO          739    i.DMA1_Channel2_3_IRQHandler  stm32g0xx_it.o
    0x08001774   0x08001774   0x00000034   Code   RO         1610    i.DMA_CalcDMAMUXChannelBaseAndMask  stm32g0xx_hal_dma.o
    0x080017a8   0x080017a8   0x00000028   Code   RO         1611    i.DMA_CalcDMAMUXRequestGenBaseAndMask  stm32g0xx_hal_dma.o
    0x080017d0   0x080017d0   0x0000004c   Code   RO         1612    i.DMA_SetConfig     stm32g0xx_hal_dma.o
    0x0800181c   0x0800181c   0x0000021c   Code   RO         5982    i.Display_Batter_Charge  08_led_handle.o
    0x08001a38   0x08001a38   0x000000a8   Code   RO         5983    i.Display_Batter_Level  08_led_handle.o
    0x08001ae0   0x08001ae0   0x000000bc   Code   RO         5984    i.Display_Batter_Usering  08_led_handle.o
    0x08001b9c   0x08001b9c   0x00000080   Code   RO         5985    i.Display_LED_Gear  08_led_handle.o
    0x08001c1c   0x08001c1c   0x00000090   Code   RO         5467    i.DitherlessKey     01_key_process.o
    0x08001cac   0x08001cac   0x00000018   Code   RO         5783    i.EMS_OUT_PWM_Start  05_ems_handle.o
    0x08001cc4   0x08001cc4   0x00000018   Code   RO         5784    i.EMS_OUT_PWM_Stop  05_ems_handle.o
    0x08001cdc   0x08001cdc   0x00000020   Code   RO         5785    i.EMS_OUT_Start     05_ems_handle.o
    0x08001cfc   0x08001cfc   0x00000020   Code   RO         5786    i.EMS_OUT_Stop      05_ems_handle.o
    0x08001d1c   0x08001d1c   0x0000007c   Code   RO         5787    i.EMS_PID_Init      05_ems_handle.o
    0x08001d98   0x08001d98   0x00000010   Code   RO         5788    i.EMS_SET_VALUE_PWM_Start  05_ems_handle.o
    0x08001da8   0x08001da8   0x0000008c   Code   RO         5790    i.EMS_Set_Value     05_ems_handle.o
    0x08001e34   0x08001e34   0x000000d4   Code   RO         5791    i.EMS_Value_PID_Handler  05_ems_handle.o
    0x08001f08   0x08001f08   0x0000000a   Code   RO           12    i.Error_Handler     main.o
    0x08001f12   0x08001f12   0x00000002   PAD
    0x08001f14   0x08001f14   0x00000018   Code   RO         1447    i.FLASH_MassErase   stm32g0xx_hal_flash_ex.o
    0x08001f2c   0x08001f2c   0x00000028   Code   RO         1453    i.FLASH_PageErase   stm32g0xx_hal_flash_ex.o
    0x08001f54   0x08001f54   0x00000028   Code   RO         1340    i.FLASH_Program_DoubleWord  stm32g0xx_hal_flash.o
    0x08001f7c   0x08001f7c   0x00000054   Code   RO         1341    i.FLASH_Program_Fast  stm32g0xx_hal_flash.o
    0x08001fd0   0x08001fd0   0x00000074   Code   RO         1342    i.FLASH_WaitForLastOperation  stm32g0xx_hal_flash.o
    0x08002044   0x08002044   0x00000014   Code   RO         5607    i.GY6500_Read       03_yg6550.o
    0x08002058   0x08002058   0x00000068   Code   RO         5608    i.GY6550_INIT       03_yg6550.o
    0x080020c0   0x080020c0   0x000000b4   Code   RO         5609    i.GYRODataProcessing  03_yg6550.o
    0x08002174   0x08002174   0x00000030   Code   RO         5792    i.Get_EMS_Pow_Value  05_ems_handle.o
    0x080021a4   0x080021a4   0x000000b0   Code   RO         6210    i.Gsensor_Data_Send  11_uart_send.o
    0x08002254   0x08002254   0x00000164   Code   RO         1103    i.HAL_ADCEx_Calibration_Start  stm32g0xx_hal_adc_ex.o
    0x080023b8   0x080023b8   0x00000364   Code   RO          864    i.HAL_ADC_ConfigChannel  stm32g0xx_hal_adc.o
    0x0800271c   0x0800271c   0x00000098   Code   RO         5298    i.HAL_ADC_ConvCpltCallback  00_handle.o
    0x080027b4   0x080027b4   0x00000002   Code   RO          866    i.HAL_ADC_ConvHalfCpltCallback  stm32g0xx_hal_adc.o
    0x080027b6   0x080027b6   0x00000002   Code   RO          868    i.HAL_ADC_ErrorCallback  stm32g0xx_hal_adc.o
    0x080027b8   0x080027b8   0x00000298   Code   RO          873    i.HAL_ADC_Init      stm32g0xx_hal_adc.o
    0x08002a50   0x08002a50   0x00000118   Code   RO          425    i.HAL_ADC_MspInit   adc.o
    0x08002b68   0x08002b68   0x000000cc   Code   RO          880    i.HAL_ADC_Start_DMA  stm32g0xx_hal_adc.o
    0x08002c34   0x08002c34   0x00000090   Code   RO          883    i.HAL_ADC_Stop_DMA  stm32g0xx_hal_adc.o
    0x08002cc4   0x08002cc4   0x00000098   Code   RO         1613    i.HAL_DMA_Abort     stm32g0xx_hal_dma.o
    0x08002d5c   0x08002d5c   0x00000094   Code   RO         1614    i.HAL_DMA_Abort_IT  stm32g0xx_hal_dma.o
    0x08002df0   0x08002df0   0x00000006   Code   RO         1616    i.HAL_DMA_GetError  stm32g0xx_hal_dma.o
    0x08002df6   0x08002df6   0x00000002   PAD
    0x08002df8   0x08002df8   0x00000120   Code   RO         1618    i.HAL_DMA_IRQHandler  stm32g0xx_hal_dma.o
    0x08002f18   0x08002f18   0x000000c0   Code   RO         1619    i.HAL_DMA_Init      stm32g0xx_hal_dma.o
    0x08002fd8   0x08002fd8   0x000000cc   Code   RO         1623    i.HAL_DMA_Start_IT  stm32g0xx_hal_dma.o
    0x080030a4   0x080030a4   0x0000000c   Code   RO         5299    i.HAL_Delay         00_handle.o
    0x080030b0   0x080030b0   0x000000a0   Code   RO         1454    i.HAL_FLASHEx_Erase  stm32g0xx_hal_flash_ex.o
    0x08003150   0x08003150   0x00000024   Code   RO         1346    i.HAL_FLASH_Lock    stm32g0xx_hal_flash.o
    0x08003174   0x08003174   0x00000078   Code   RO         1351    i.HAL_FLASH_Program  stm32g0xx_hal_flash.o
    0x080031ec   0x080031ec   0x00000034   Code   RO         1353    i.HAL_FLASH_Unlock  stm32g0xx_hal_flash.o
    0x08003220   0x08003220   0x0000010c   Code   RO         1540    i.HAL_GPIO_DeInit   stm32g0xx_hal_gpio.o
    0x0800332c   0x0800332c   0x000001d8   Code   RO         1544    i.HAL_GPIO_Init     stm32g0xx_hal_gpio.o
    0x08003504   0x08003504   0x00000012   Code   RO         1546    i.HAL_GPIO_ReadPin  stm32g0xx_hal_gpio.o
    0x08003516   0x08003516   0x0000000c   Code   RO         1548    i.HAL_GPIO_WritePin  stm32g0xx_hal_gpio.o
    0x08003522   0x08003522   0x00000002   PAD
    0x08003524   0x08003524   0x0000000c   Code   RO         2087    i.HAL_GetTick       stm32g0xx_hal.o
    0x08003530   0x08003530   0x0000006e   Code   RO         2803    i.HAL_I2CEx_ConfigAnalogFilter  stm32g0xx_hal_i2c_ex.o
    0x0800359e   0x0800359e   0x00000070   Code   RO         2804    i.HAL_I2CEx_ConfigDigitalFilter  stm32g0xx_hal_i2c_ex.o
    0x0800360e   0x0800360e   0x00000042   Code   RO         2345    i.HAL_I2C_DeInit    stm32g0xx_hal_i2c.o
    0x08003650   0x08003650   0x000000d4   Code   RO         2354    i.HAL_I2C_Init      stm32g0xx_hal_i2c.o
    0x08003724   0x08003724   0x000001ac   Code   RO         2372    i.HAL_I2C_Mem_Read  stm32g0xx_hal_i2c.o
    0x080038d0   0x080038d0   0x000001a4   Code   RO         2375    i.HAL_I2C_Mem_Write  stm32g0xx_hal_i2c.o
    0x08003a74   0x08003a74   0x0000006c   Code   RO          485    i.HAL_I2C_MspDeInit  i2c.o
    0x08003ae0   0x08003ae0   0x00000100   Code   RO          486    i.HAL_I2C_MspInit   i2c.o
    0x08003be0   0x08003be0   0x0000007c   Code   RO         2855    i.HAL_IWDG_Init     stm32g0xx_hal_iwdg.o
    0x08003c5c   0x08003c5c   0x00000010   Code   RO         2856    i.HAL_IWDG_Refresh  stm32g0xx_hal_iwdg.o
    0x08003c6c   0x08003c6c   0x00000018   Code   RO         2093    i.HAL_IncTick       stm32g0xx_hal.o
    0x08003c84   0x08003c84   0x0000002c   Code   RO         2094    i.HAL_Init          stm32g0xx_hal.o
    0x08003cb0   0x08003cb0   0x0000008c   Code   RO          821    i.HAL_InitTick      stm32g0xx_hal_timebase_tim.o
    0x08003d3c   0x08003d3c   0x00000050   Code   RO          799    i.HAL_MspInit       stm32g0xx_hal_msp.o
    0x08003d8c   0x08003d8c   0x00000024   Code   RO         1969    i.HAL_NVIC_EnableIRQ  stm32g0xx_hal_cortex.o
    0x08003db0   0x08003db0   0x00000012   Code   RO         1973    i.HAL_NVIC_SetPriority  stm32g0xx_hal_cortex.o
    0x08003dc2   0x08003dc2   0x00000002   PAD
    0x08003dc4   0x08003dc4   0x00000038   Code   RO         1974    i.HAL_NVIC_SystemReset  stm32g0xx_hal_cortex.o
    0x08003dfc   0x08003dfc   0x00000058   Code   RO         1852    i.HAL_PWREx_ControlVoltageScaling  stm32g0xx_hal_pwr_ex.o
    0x08003e54   0x08003e54   0x000001e8   Code   RO         1295    i.HAL_RCCEx_PeriphCLKConfig  stm32g0xx_hal_rcc_ex.o
    0x0800403c   0x0800403c   0x000001d4   Code   RO         1177    i.HAL_RCC_ClockConfig  stm32g0xx_hal_rcc.o
    0x08004210   0x08004210   0x000000d0   Code   RO         1178    i.HAL_RCC_DeInit    stm32g0xx_hal_rcc.o
    0x080042e0   0x080042e0   0x0000003c   Code   RO         1182    i.HAL_RCC_GetClockConfig  stm32g0xx_hal_rcc.o
    0x0800431c   0x0800431c   0x0000000c   Code   RO         1183    i.HAL_RCC_GetHCLKFreq  stm32g0xx_hal_rcc.o
    0x08004328   0x08004328   0x00000028   Code   RO         1185    i.HAL_RCC_GetPCLK1Freq  stm32g0xx_hal_rcc.o
    0x08004350   0x08004350   0x000000e4   Code   RO         1187    i.HAL_RCC_GetSysClockFreq  stm32g0xx_hal_rcc.o
    0x08004434   0x08004434   0x000005ac   Code   RO         1191    i.HAL_RCC_OscConfig  stm32g0xx_hal_rcc.o
    0x080049e0   0x080049e0   0x00000014   Code   RO         4985    i.HAL_RTCEx_BKUPWrite  stm32g0xx_hal_rtc_ex.o
    0x080049f4   0x080049f4   0x000000c4   Code   RO         4824    i.HAL_RTC_Init      stm32g0xx_hal_rtc.o
    0x08004ab8   0x08004ab8   0x00000068   Code   RO          699    i.HAL_RTC_MspInit   rtc.o
    0x08004b20   0x08004b20   0x0000003a   Code   RO         4832    i.HAL_RTC_WaitForSynchro  stm32g0xx_hal_rtc.o
    0x08004b5a   0x08004b5a   0x00000002   Code   RO         2890    i.HAL_SPI_ErrorCallback  stm32g0xx_hal_spi.o
    0x08004b5c   0x08004b5c   0x0000010c   Code   RO         2894    i.HAL_SPI_Init      stm32g0xx_hal_spi.o
    0x08004c68   0x08004c68   0x000000f8   Code   RO          558    i.HAL_SPI_MspInit   spi.o
    0x08004d60   0x08004d60   0x00000164   Code   RO         2906    i.HAL_SPI_Transmit_DMA  stm32g0xx_hal_spi.o
    0x08004ec4   0x08004ec4   0x00000002   Code   RO         2908    i.HAL_SPI_TxCpltCallback  stm32g0xx_hal_spi.o
    0x08004ec6   0x08004ec6   0x00000002   Code   RO         2909    i.HAL_SPI_TxHalfCpltCallback  stm32g0xx_hal_spi.o
    0x08004ec8   0x08004ec8   0x00000002   Code   RO         3955    i.HAL_TIMEx_Break2Callback  stm32g0xx_hal_tim_ex.o
    0x08004eca   0x08004eca   0x00000002   Code   RO         3956    i.HAL_TIMEx_BreakCallback  stm32g0xx_hal_tim_ex.o
    0x08004ecc   0x08004ecc   0x00000002   Code   RO         3957    i.HAL_TIMEx_CommutCallback  stm32g0xx_hal_tim_ex.o
    0x08004ece   0x08004ece   0x00000002   PAD
    0x08004ed0   0x08004ed0   0x00000100   Code   RO         3959    i.HAL_TIMEx_ConfigBreakDeadTime  stm32g0xx_hal_tim_ex.o
    0x08004fd0   0x08004fd0   0x0000008c   Code   RO         3978    i.HAL_TIMEx_MasterConfigSynchronization  stm32g0xx_hal_tim_ex.o
    0x0800505c   0x0800505c   0x000000c0   Code   RO         3989    i.HAL_TIMEx_PWMN_Start  stm32g0xx_hal_tim_ex.o
    0x0800511c   0x0800511c   0x00000094   Code   RO         3992    i.HAL_TIMEx_PWMN_Stop  stm32g0xx_hal_tim_ex.o
    0x080051b0   0x080051b0   0x0000006c   Code   RO         3232    i.HAL_TIM_Base_Init  stm32g0xx_hal_tim.o
    0x0800521c   0x0800521c   0x000000b4   Code   RO          597    i.HAL_TIM_Base_MspInit  tim.o
    0x080052d0   0x080052d0   0x0000006c   Code   RO         3237    i.HAL_TIM_Base_Start_IT  stm32g0xx_hal_tim.o
    0x0800533c   0x0800533c   0x00000118   Code   RO         3241    i.HAL_TIM_ConfigClockSource  stm32g0xx_hal_tim.o
    0x08005454   0x08005454   0x00000002   Code   RO         3266    i.HAL_TIM_IC_CaptureCallback  stm32g0xx_hal_tim.o
    0x08005456   0x08005456   0x00000002   PAD
    0x08005458   0x08005458   0x000001f8   Code   RO         3280    i.HAL_TIM_IRQHandler  stm32g0xx_hal_tim.o
    0x08005650   0x08005650   0x0000016c   Code   RO          598    i.HAL_TIM_MspPostInit  tim.o
    0x080057bc   0x080057bc   0x00000002   Code   RO         3283    i.HAL_TIM_OC_DelayElapsedCallback  stm32g0xx_hal_tim.o
    0x080057be   0x080057be   0x0000017a   Code   RO         3304    i.HAL_TIM_PWM_ConfigChannel  stm32g0xx_hal_tim.o
    0x08005938   0x08005938   0x0000006c   Code   RO         3307    i.HAL_TIM_PWM_Init  stm32g0xx_hal_tim.o
    0x080059a4   0x080059a4   0x00000002   Code   RO         3309    i.HAL_TIM_PWM_MspInit  stm32g0xx_hal_tim.o
    0x080059a6   0x080059a6   0x00000002   Code   RO         3310    i.HAL_TIM_PWM_PulseFinishedCallback  stm32g0xx_hal_tim.o
    0x080059a8   0x080059a8   0x00000114   Code   RO         3312    i.HAL_TIM_PWM_Start  stm32g0xx_hal_tim.o
    0x08005abc   0x08005abc   0x000000dc   Code   RO         3315    i.HAL_TIM_PWM_Stop  stm32g0xx_hal_tim.o
    0x08005b98   0x08005b98   0x00000018   Code   RO           14    i.HAL_TIM_PeriodElapsedCallback  main.o
    0x08005bb0   0x08005bb0   0x00000002   Code   RO         3323    i.HAL_TIM_TriggerCallback  stm32g0xx_hal_tim.o
    0x08005bb2   0x08005bb2   0x0000009a   Code   RO         4692    i.HAL_UARTEx_ReceiveToIdle_DMA  stm32g0xx_hal_uart_ex.o
    0x08005c4c   0x08005c4c   0x00000038   Code   RO         6211    i.HAL_UARTEx_RxEventCallback  11_uart_send.o
    0x08005c84   0x08005c84   0x00000002   Code   RO         4694    i.HAL_UARTEx_RxFifoFullCallback  stm32g0xx_hal_uart_ex.o
    0x08005c86   0x08005c86   0x00000002   Code   RO         4698    i.HAL_UARTEx_TxFifoEmptyCallback  stm32g0xx_hal_uart_ex.o
    0x08005c88   0x08005c88   0x00000002   Code   RO         4699    i.HAL_UARTEx_WakeupCallback  stm32g0xx_hal_uart_ex.o
    0x08005c8a   0x08005c8a   0x000000c8   Code   RO         4277    i.HAL_UART_DMAStop  stm32g0xx_hal_uart.o
    0x08005d52   0x08005d52   0x00000002   Code   RO         4281    i.HAL_UART_ErrorCallback  stm32g0xx_hal_uart.o
    0x08005d54   0x08005d54   0x0000042e   Code   RO         4284    i.HAL_UART_IRQHandler  stm32g0xx_hal_uart.o
    0x08006182   0x08006182   0x00000082   Code   RO         4285    i.HAL_UART_Init     stm32g0xx_hal_uart.o
    0x08006204   0x08006204   0x00000108   Code   RO          660    i.HAL_UART_MspInit  usart.o
    0x0800630c   0x0800630c   0x00000002   Code   RO         4292    i.HAL_UART_RxCpltCallback  stm32g0xx_hal_uart.o
    0x0800630e   0x0800630e   0x00000002   Code   RO         4293    i.HAL_UART_RxHalfCpltCallback  stm32g0xx_hal_uart.o
    0x08006310   0x08006310   0x00000108   Code   RO         4294    i.HAL_UART_Transmit  stm32g0xx_hal_uart.o
    0x08006418   0x08006418   0x00000002   Code   RO         4297    i.HAL_UART_TxCpltCallback  stm32g0xx_hal_uart.o
    0x0800641a   0x0800641a   0x00000004   Code   RO          740    i.HardFault_Handler  stm32g0xx_it.o
    0x0800641e   0x0800641e   0x00000002   PAD
    0x08006420   0x08006420   0x00000018   Code   RO         5610    i.I2C_EEPROM_Error  03_yg6550.o
    0x08006438   0x08006438   0x00000032   Code   RO         2401    i.I2C_Flush_TXDR    stm32g0xx_hal_i2c.o
    0x0800646a   0x0800646a   0x00000002   PAD
    0x0800646c   0x0800646c   0x0000003c   Code   RO         5611    i.I2C_GY6550_Read   03_yg6550.o
    0x080064a8   0x080064a8   0x0000003c   Code   RO         5612    i.I2C_GY6550_Write  03_yg6550.o
    0x080064e4   0x080064e4   0x00000170   Code   RO         2409    i.I2C_IsErrorOccurred  stm32g0xx_hal_i2c.o
    0x08006654   0x08006654   0x00000080   Code   RO         2412    i.I2C_RequestMemoryRead  stm32g0xx_hal_i2c.o
    0x080066d4   0x080066d4   0x00000080   Code   RO         2413    i.I2C_RequestMemoryWrite  stm32g0xx_hal_i2c.o
    0x08006754   0x08006754   0x0000003c   Code   RO         2416    i.I2C_TransferConfig  stm32g0xx_hal_i2c.o
    0x08006790   0x08006790   0x00000058   Code   RO         2418    i.I2C_WaitOnFlagUntilTimeout  stm32g0xx_hal_i2c.o
    0x080067e8   0x080067e8   0x0000005a   Code   RO         2420    i.I2C_WaitOnSTOPFlagUntilTimeout  stm32g0xx_hal_i2c.o
    0x08006842   0x08006842   0x00000060   Code   RO         2421    i.I2C_WaitOnTXISFlagUntilTimeout  stm32g0xx_hal_i2c.o
    0x080068a2   0x080068a2   0x00000002   PAD
    0x080068a4   0x080068a4   0x00000038   Code   RO         5468    i.KeyDownCallBack   01_key_process.o
    0x080068dc   0x080068dc   0x00000020   Code   RO         5469    i.KeyUpCallBack     01_key_process.o
    0x080068fc   0x080068fc   0x0000001c   Code   RO         5470    i.Key_Proc          01_key_process.o
    0x08006918   0x08006918   0x0000001c   Code   RO         5471    i.Key_S1_Long_Str   01_key_process.o
    0x08006934   0x08006934   0x00000002   Code   RO         5472    i.Key_S1_SetDown_Str  01_key_process.o
    0x08006936   0x08006936   0x00000002   PAD
    0x08006938   0x08006938   0x00000024   Code   RO         5473    i.Key_S1_Str        01_key_process.o
    0x0800695c   0x0800695c   0x0000004c   Code   RO         5474    i.Key_S2_Long_Str   01_key_process.o
    0x080069a8   0x080069a8   0x00000154   Code   RO         5475    i.Key_S2_Str        01_key_process.o
    0x08006afc   0x08006afc   0x0000004c   Code   RO         5476    i.Key_Scan          01_key_process.o
    0x08006b48   0x08006b48   0x0000001a   Code   RO         5477    i.Key_SetDown_Function  01_key_process.o
    0x08006b62   0x08006b62   0x00000008   Code   RO         5478    i.Key_SetForWard_Function  01_key_process.o
    0x08006b6a   0x08006b6a   0x00000020   Code   RO         5479    i.Key_SetLong_Function  01_key_process.o
    0x08006b8a   0x08006b8a   0x00000020   Code   RO         5480    i.Key_SetUp_Function  01_key_process.o
    0x08006baa   0x08006baa   0x00000002   PAD
    0x08006bac   0x08006bac   0x00000108   Code   RO         5481    i.Key_Stroke        01_key_process.o
    0x08006cb4   0x08006cb4   0x00000060   Code   RO         5986    i.LCD_output_transf  08_led_handle.o
    0x08006d14   0x08006d14   0x000001fc   Code   RO         5988    i.LED_display       08_led_handle.o
    0x08006f10   0x08006f10   0x00000010   Code   RO          885    i.LL_ADC_Disable    stm32g0xx_hal_adc.o
    0x08006f20   0x08006f20   0x00000010   Code   RO          886    i.LL_ADC_Enable     stm32g0xx_hal_adc.o
    0x08006f30   0x08006f30   0x0000000c   Code   RO          887    i.LL_ADC_GetCommonPathInternalCh  stm32g0xx_hal_adc.o
    0x08006f3c   0x08006f3c   0x0000000c   Code   RO          888    i.LL_ADC_IsDisableOngoing  stm32g0xx_hal_adc.o
    0x08006f48   0x08006f48   0x00000010   Code   RO          889    i.LL_ADC_IsEnabled  stm32g0xx_hal_adc.o
    0x08006f58   0x08006f58   0x00000010   Code   RO         1109    i.LL_ADC_IsEnabled  stm32g0xx_hal_adc_ex.o
    0x08006f68   0x08006f68   0x0000000e   Code   RO          890    i.LL_ADC_IsInternalRegulatorEnabled  stm32g0xx_hal_adc.o
    0x08006f76   0x08006f76   0x0000000c   Code   RO          891    i.LL_ADC_REG_IsConversionOngoing  stm32g0xx_hal_adc.o
    0x08006f82   0x08006f82   0x00000016   Code   RO          892    i.LL_ADC_REG_IsTriggerSourceSWStart  stm32g0xx_hal_adc.o
    0x08006f98   0x08006f98   0x00000010   Code   RO          893    i.LL_ADC_REG_StartConversion  stm32g0xx_hal_adc.o
    0x08006fa8   0x08006fa8   0x0000000e   Code   RO          895    i.LL_ADC_SetCommonPathInternalCh  stm32g0xx_hal_adc.o
    0x08006fb6   0x08006fb6   0x0000001e   Code   RO          896    i.LL_ADC_SetSamplingTimeCommonChannels  stm32g0xx_hal_adc.o
    0x08006fd4   0x08006fd4   0x0000002c   Code   RO         5931    i.MOTO_Handle       07_moto_handle.o
    0x08007000   0x08007000   0x00000130   Code   RO          426    i.MX_ADC1_Init      adc.o
    0x08007130   0x08007130   0x00000054   Code   RO          463    i.MX_DMA_Init       dma.o
    0x08007184   0x08007184   0x00000064   Code   RO          361    i.MX_FREERTOS_Init  app_freertos.o
    0x080071e8   0x080071e8   0x00000208   Code   RO          339    i.MX_GPIO_Init      gpio.o
    0x080073f0   0x080073f0   0x0000005c   Code   RO          487    i.MX_I2C1_Init      i2c.o
    0x0800744c   0x0800744c   0x0000005c   Code   RO          488    i.MX_I2C2_Init      i2c.o
    0x080074a8   0x080074a8   0x00000002   Code   RO          530    i.MX_IWDG_Init      iwdg.o
    0x080074aa   0x080074aa   0x00000002   PAD
    0x080074ac   0x080074ac   0x00000040   Code   RO          700    i.MX_RTC_Init       rtc.o
    0x080074ec   0x080074ec   0x00000058   Code   RO          559    i.MX_SPI2_Init      spi.o
    0x08007544   0x08007544   0x00000070   Code   RO          599    i.MX_TIM14_Init     tim.o
    0x080075b4   0x080075b4   0x000000b0   Code   RO          600    i.MX_TIM16_Init     tim.o
    0x08007664   0x08007664   0x000000ac   Code   RO          601    i.MX_TIM17_Init     tim.o
    0x08007710   0x08007710   0x00000140   Code   RO          602    i.MX_TIM1_Init      tim.o
    0x08007850   0x08007850   0x00000044   Code   RO          661    i.MX_USART2_UART_Init  usart.o
    0x08007894   0x08007894   0x00000020   Code   RO         6213    i.Manufacturer_Data_Send  11_uart_send.o
    0x080078b4   0x080078b4   0x0000007c   Code   RO         5932    i.Moto_Set_Funtion  07_moto_handle.o
    0x08007930   0x08007930   0x00000074   Code   RO         5989    i.Multicolor_Lamp   08_led_handle.o
    0x080079a4   0x080079a4   0x00000004   Code   RO          741    i.NMI_Handler       stm32g0xx_it.o
    0x080079a8   0x080079a8   0x00000050   Code   RO         5692    i.PID_Inc           04_rf_handle.o
    0x080079f8   0x080079f8   0x000000a4   Code   RO         5613    i.READ_MPU6500_ACCEL  03_yg6550.o
    0x08007a9c   0x08007a9c   0x000000a4   Code   RO         5614    i.READ_MPU6500_GYRO  03_yg6550.o
    0x08007b40   0x08007b40   0x00000178   Code   RO         6065    i.RF_EMS_OUTPUT_Function  09_output.o
    0x08007cb8   0x08007cb8   0x00000018   Code   RO         5693    i.RF_OUT_PWM_Start  04_rf_handle.o
    0x08007cd0   0x08007cd0   0x00000018   Code   RO         5694    i.RF_OUT_PWM_Stop   04_rf_handle.o
    0x08007ce8   0x08007ce8   0x00000030   Code   RO         5695    i.RF_OUT_Start      04_rf_handle.o
    0x08007d18   0x08007d18   0x00000030   Code   RO         5696    i.RF_OUT_Stop       04_rf_handle.o
    0x08007d48   0x08007d48   0x00000028   Code   RO         5697    i.RF_PID_Init       04_rf_handle.o
    0x08007d70   0x08007d70   0x00000010   Code   RO         5698    i.RF_SET_VALUE_PWM_Start  04_rf_handle.o
    0x08007d80   0x08007d80   0x000000fc   Code   RO         5700    i.RF_Set_Value      04_rf_handle.o
    0x08007e7c   0x08007e7c   0x000000b4   Code   RO         5701    i.RF_Value_PID_Handler  04_rf_handle.o
    0x08007f30   0x08007f30   0x00000020   Code   RO         5990    i.RGB_LED_Init      08_led_handle.o
    0x08007f50   0x08007f50   0x00000050   Code   RO         4835    i.RTC_EnterInitMode  stm32g0xx_hal_rtc.o
    0x08007fa0   0x08007fa0   0x00000064   Code   RO         4836    i.RTC_ExitInitMode  stm32g0xx_hal_rtc.o
    0x08008004   0x08008004   0x00000014   Code   RO         6066    i.SEAL_MODE_RF_EMS_NOMEL_OUTPUT  09_output.o
    0x08008018   0x08008018   0x000000c8   Code   RO         6069    i.SLIDE_MODE_RF_NoEMS_OUPUT  09_output.o
    0x080080e0   0x080080e0   0x00000028   Code   RO         2922    i.SPI_DMAError      stm32g0xx_hal_spi.o
    0x08008108   0x08008108   0x0000000e   Code   RO         2924    i.SPI_DMAHalfTransmitCplt  stm32g0xx_hal_spi.o
    0x08008116   0x08008116   0x00000080   Code   RO         2928    i.SPI_DMATransmitCplt  stm32g0xx_hal_spi.o
    0x08008196   0x08008196   0x0000006a   Code   RO         2932    i.SPI_EndRxTxTransaction  stm32g0xx_hal_spi.o
    0x08008200   0x08008200   0x000000fc   Code   RO         2937    i.SPI_WaitFifoStateUntilTimeout  stm32g0xx_hal_spi.o
    0x080082fc   0x080082fc   0x000000dc   Code   RO         2938    i.SPI_WaitFlagStateUntilTimeout  stm32g0xx_hal_spi.o
    0x080083d8   0x080083d8   0x00000002   Code   RO         7523    i.SVC_Handler       port.o
    0x080083da   0x080083da   0x00000002   PAD
    0x080083dc   0x080083dc   0x0000011c   Code   RO         5300    i.SYSTEM_Init_Function  00_handle.o
    0x080084f8   0x080084f8   0x0000007c   Code   RO         6070    i.SealModeOutput_Eight  09_output.o
    0x08008574   0x08008574   0x00000048   Code   RO         6071    i.SealModeOutput_Mode  09_output.o
    0x080085bc   0x080085bc   0x0000007e   Code   RO         6072    i.SealModeOutput_Nine  09_output.o
    0x0800863a   0x0800863a   0x00000002   PAD
    0x0800863c   0x0800863c   0x0000002c   Code   RO         6073    i.SealModeOutput_Seven  09_output.o
    0x08008668   0x08008668   0x00000078   Code   RO         6074    i.SealModeOutput_Six  09_output.o
    0x080086e0   0x080086e0   0x000000b4   Code   RO         6075    i.SealMode_Service_Function  09_output.o
    0x08008794   0x08008794   0x0000000a   Code   RO         6076    i.Seal_Check_Skin_Output  09_output.o
    0x0800879e   0x0800879e   0x00000002   PAD
    0x080087a0   0x080087a0   0x00000020   Code   RO         5991    i.Set_Color_Handle  08_led_handle.o
    0x080087c0   0x080087c0   0x0000000c   Code   RO         5793    i.Set_Ems_Tim_Psc   05_ems_handle.o
    0x080087cc   0x080087cc   0x0000000c   Code   RO         5702    i.Set_RF_Tim_Psc    04_rf_handle.o
    0x080087d8   0x080087d8   0x00000088   Code   RO          362    i.StartDefaultTask  app_freertos.o
    0x08008860   0x08008860   0x000000ec   Code   RO          363    i.StartTask02       app_freertos.o
    0x0800894c   0x0800894c   0x00000094   Code   RO          364    i.StartTask03       app_freertos.o
    0x080089e0   0x080089e0   0x00000024   Code   RO         7524    i.SysTick_Handler   port.o
    0x08008a04   0x08008a04   0x000006f8   Code   RO         6214    i.Sys_Command_Handle  11_uart_send.o
    0x080090fc   0x080090fc   0x00000028   Code   RO         5301    i.Sys_Power_Off     00_handle.o
    0x08009124   0x08009124   0x0000005c   Code   RO         5302    i.Sys_Power_On      00_handle.o
    0x08009180   0x08009180   0x00000080   Code   RO           15    i.SystemClock_Config  main.o
    0x08009200   0x08009200   0x00000002   Code   RO         5258    i.SystemInit        system_stm32g0xx.o
    0x08009202   0x08009202   0x00000002   PAD
    0x08009204   0x08009204   0x00000010   Code   RO          742    i.TIM3_IRQHandler   stm32g0xx_it.o
    0x08009214   0x08009214   0x00000090   Code   RO         3325    i.TIM_Base_SetConfig  stm32g0xx_hal_tim.o
    0x080092a4   0x080092a4   0x00000022   Code   RO         3326    i.TIM_CCxChannelCmd  stm32g0xx_hal_tim.o
    0x080092c6   0x080092c6   0x00000022   Code   RO         4000    i.TIM_CCxNChannelCmd  stm32g0xx_hal_tim_ex.o
    0x080092e8   0x080092e8   0x0000001c   Code   RO         3336    i.TIM_ETR_SetConfig  stm32g0xx_hal_tim.o
    0x08009304   0x08009304   0x00000018   Code   RO         3337    i.TIM_ITRx_SetConfig  stm32g0xx_hal_tim.o
    0x0800931c   0x0800931c   0x0000009c   Code   RO         3338    i.TIM_OC1_SetConfig  stm32g0xx_hal_tim.o
    0x080093b8   0x080093b8   0x000000ac   Code   RO         3339    i.TIM_OC2_SetConfig  stm32g0xx_hal_tim.o
    0x08009464   0x08009464   0x000000a8   Code   RO         3340    i.TIM_OC3_SetConfig  stm32g0xx_hal_tim.o
    0x0800950c   0x0800950c   0x00000074   Code   RO         3341    i.TIM_OC4_SetConfig  stm32g0xx_hal_tim.o
    0x08009580   0x08009580   0x00000068   Code   RO         3342    i.TIM_OC5_SetConfig  stm32g0xx_hal_tim.o
    0x080095e8   0x080095e8   0x00000068   Code   RO         3343    i.TIM_OC6_SetConfig  stm32g0xx_hal_tim.o
    0x08009650   0x08009650   0x00000032   Code   RO         3345    i.TIM_TI1_ConfigInputStage  stm32g0xx_hal_tim.o
    0x08009682   0x08009682   0x00000032   Code   RO         3347    i.TIM_TI2_ConfigInputStage  stm32g0xx_hal_tim.o
    0x080096b4   0x080096b4   0x00000050   Code   RO         6215    i.TX_Command_Handle  11_uart_send.o
    0x08009704   0x08009704   0x00000054   Code   RO         6216    i.TX_Command_Handle_L10  11_uart_send.o
    0x08009758   0x08009758   0x000000f0   Code   RO         4299    i.UART_AdvFeatureConfig  stm32g0xx_hal_uart.o
    0x08009848   0x08009848   0x00000078   Code   RO         4300    i.UART_CheckIdleState  stm32g0xx_hal_uart.o
    0x080098c0   0x080098c0   0x00000018   Code   RO         4301    i.UART_DMAAbortOnError  stm32g0xx_hal_uart.o
    0x080098d8   0x080098d8   0x0000005a   Code   RO         4302    i.UART_DMAError     stm32g0xx_hal_uart.o
    0x08009932   0x08009932   0x000000c8   Code   RO         4303    i.UART_DMAReceiveCplt  stm32g0xx_hal_uart.o
    0x080099fa   0x080099fa   0x00000022   Code   RO         4305    i.UART_DMARxHalfCplt  stm32g0xx_hal_uart.o
    0x08009a1c   0x08009a1c   0x00000084   Code   RO         4311    i.UART_EndRxTransfer  stm32g0xx_hal_uart.o
    0x08009aa0   0x08009aa0   0x00000038   Code   RO         4312    i.UART_EndTransmit_IT  stm32g0xx_hal_uart.o
    0x08009ad8   0x08009ad8   0x00000052   Code   RO         4313    i.UART_EndTxTransfer  stm32g0xx_hal_uart.o
    0x08009b2a   0x08009b2a   0x00000002   PAD
    0x08009b2c   0x08009b2c   0x000001e4   Code   RO         4318    i.UART_SetConfig    stm32g0xx_hal_uart.o
    0x08009d10   0x08009d10   0x000000f0   Code   RO         4319    i.UART_Start_Receive_DMA  stm32g0xx_hal_uart.o
    0x08009e00   0x08009e00   0x00000120   Code   RO         4325    i.UART_WaitOnFlagUntilTimeout  stm32g0xx_hal_uart.o
    0x08009f20   0x08009f20   0x00000010   Code   RO          743    i.USART2_IRQHandler  stm32g0xx_it.o
    0x08009f30   0x08009f30   0x00000048   Code   RO         6217    i.Uart2_Send_Data   11_uart_send.o
    0x08009f78   0x08009f78   0x0000002c   Code   RO         6218    i.User_Uart_Init    11_uart_send.o
    0x08009fa4   0x08009fa4   0x00000010   Code   RO         6303    i.WatchdogFeed      watchdog.o
    0x08009fb4   0x08009fb4   0x00000038   Code   RO         6304    i.WatchdogInit      watchdog.o
    0x08009fec   0x08009fec   0x0000001c   Code   RO         1708    i.__ARM_common_switch8  stm32g0xx_hal_dma.o
    0x0800a008   0x0800a008   0x00000078   Code   RO         1979    i.__NVIC_SetPriority  stm32g0xx_hal_cortex.o
    0x0800a080   0x0800a080   0x00000006   Code   RO         4326    i.__get_PRIMASK     stm32g0xx_hal_uart.o
    0x0800a086   0x0800a086   0x00000006   Code   RO         4702    i.__get_PRIMASK     stm32g0xx_hal_uart_ex.o
    0x0800a08c   0x0800a08c   0x00000006   Code   RO         4327    i.__set_PRIMASK     stm32g0xx_hal_uart.o
    0x0800a092   0x0800a092   0x00000006   Code   RO         4703    i.__set_PRIMASK     stm32g0xx_hal_uart_ex.o
    0x0800a098   0x0800a098   0x00000088   Code   RO         5873    i.bat_charge_state_check  06_batt_handle.o
    0x0800a120   0x0800a120   0x000000c0   Code   RO         5874    i.bat_check_in_charge_mode  06_batt_handle.o
    0x0800a1e0   0x0800a1e0   0x00000048   Code   RO         5875    i.bat_check_in_normal_mode  06_batt_handle.o
    0x0800a228   0x0800a228   0x000000a0   Code   RO         5876    i.bat_check_in_sleep_mode  06_batt_handle.o
    0x0800a2c8   0x0800a2c8   0x00000054   Code   RO         5933    i.buzzer0_5         07_moto_handle.o
    0x0800a31c   0x0800a31c   0x00000050   Code   RO         5934    i.buzzer1_0         07_moto_handle.o
    0x0800a36c   0x0800a36c   0x0000015c   Code   RO         5935    i.buzzerChirp       07_moto_handle.o
    0x0800a4c8   0x0800a4c8   0x00000044   Code   RO         6219    i.crc16_compute     11_uart_send.o
    0x0800a50c   0x0800a50c   0x0000007e   Code   RO         5306    i.filter            00_handle.o
    0x0800a58a   0x0800a58a   0x00000002   PAD
    0x0800a58c   0x0800a58c   0x0000008c   Code   RO         5307    i.loadCurrent       00_handle.o
    0x0800a618   0x0800a618   0x0000004c   Code   RO           16    i.main              main.o
    0x0800a664   0x0800a664   0x0000000e   Code   RO         7122    i.makeFreeRtosPriority  cmsis_os.o
    0x0800a672   0x0800a672   0x0000001a   Code   RO         7124    i.osDelay           cmsis_os.o
    0x0800a68c   0x0800a68c   0x0000000a   Code   RO         7127    i.osKernelStart     cmsis_os.o
    0x0800a696   0x0800a696   0x00000062   Code   RO         7161    i.osThreadCreate    cmsis_os.o
    0x0800a6f8   0x0800a6f8   0x0000007c   Code   RO         6807    i.prvAddCurrentTaskToDelayedList  tasks.o
    0x0800a774   0x0800a774   0x000000a4   Code   RO         6808    i.prvAddNewTaskToReadyList  tasks.o
    0x0800a818   0x0800a818   0x00000002   Code   RO         6809    i.prvCheckTasksWaitingTermination  tasks.o
    0x0800a81a   0x0800a81a   0x00000080   Code   RO         6494    i.prvCopyDataToQueue  queue.o
    0x0800a89a   0x0800a89a   0x00000002   PAD
    0x0800a89c   0x0800a89c   0x0000007c   Code   RO         7467    i.prvHeapInit       heap_4.o
    0x0800a918   0x0800a918   0x00000018   Code   RO         6810    i.prvIdleTask       tasks.o
    0x0800a930   0x0800a930   0x00000020   Code   RO         6496    i.prvInitialiseMutex  queue.o
    0x0800a950   0x0800a950   0x00000022   Code   RO         6497    i.prvInitialiseNewQueue  queue.o
    0x0800a972   0x0800a972   0x000000bc   Code   RO         6811    i.prvInitialiseNewTask  tasks.o
    0x0800aa2e   0x0800aa2e   0x00000002   PAD
    0x0800aa30   0x0800aa30   0x0000005c   Code   RO         6812    i.prvInitialiseTaskLists  tasks.o
    0x0800aa8c   0x0800aa8c   0x00000068   Code   RO         7468    i.prvInsertBlockIntoFreeList  heap_4.o
    0x0800aaf4   0x0800aaf4   0x0000001e   Code   RO         6499    i.prvIsQueueFull    queue.o
    0x0800ab12   0x0800ab12   0x00000002   PAD
    0x0800ab14   0x0800ab14   0x00000038   Code   RO         6813    i.prvResetNextTaskUnblockTime  tasks.o
    0x0800ab4c   0x0800ab4c   0x00000024   Code   RO         7525    i.prvTaskExitError  port.o
    0x0800ab70   0x0800ab70   0x0000008e   Code   RO         6500    i.prvUnlockQueue    queue.o
    0x0800abfe   0x0800abfe   0x00000002   PAD
    0x0800ac00   0x0800ac00   0x0000012c   Code   RO         7469    i.pvPortMalloc      heap_4.o
    0x0800ad2c   0x0800ad2c   0x00000020   Code   RO         7526    i.pxPortInitialiseStack  port.o
    0x0800ad4c   0x0800ad4c   0x00000020   Code   RO         6155    i.read_gear_for_eeprom_gear  10_eeprom.o
    0x0800ad6c   0x0800ad6c   0x00000020   Code   RO         6156    i.read_gear_for_eeprom_gearseal  10_eeprom.o
    0x0800ad8c   0x0800ad8c   0x0000001c   Code   RO         6157    i.read_gear_for_eeprom_mode  10_eeprom.o
    0x0800ada8   0x0800ada8   0x0000003c   Code   RO         6158    i.read_rgb_sensor_data_from_eeprom  10_eeprom.o
    0x0800ade4   0x0800ade4   0x00000028   Code   RO         6457    i.uxListRemove      list.o
    0x0800ae0c   0x0800ae0c   0x00000018   Code   RO          365    i.vApplicationGetIdleTaskMemory  app_freertos.o
    0x0800ae24   0x0800ae24   0x0000001a   Code   RO         6458    i.vListInitialise   list.o
    0x0800ae3e   0x0800ae3e   0x00000006   Code   RO         6459    i.vListInitialiseItem  list.o
    0x0800ae44   0x0800ae44   0x00000036   Code   RO         6460    i.vListInsert       list.o
    0x0800ae7a   0x0800ae7a   0x00000018   Code   RO         6461    i.vListInsertEnd    list.o
    0x0800ae92   0x0800ae92   0x00000002   PAD
    0x0800ae94   0x0800ae94   0x0000001c   Code   RO         7528    i.vPortEnterCritical  port.o
    0x0800aeb0   0x0800aeb0   0x00000028   Code   RO         7529    i.vPortExitCritical  port.o
    0x0800aed8   0x0800aed8   0x00000090   Code   RO         7470    i.vPortFree         heap_4.o
    0x0800af68   0x0800af68   0x0000002c   Code   RO         7530    i.vPortSetupTimerInterrupt  port.o
    0x0800af94   0x0800af94   0x00000018   Code   RO         7531    i.vPortYield        port.o
    0x0800afac   0x0800afac   0x00000044   Code   RO         6822    i.vTaskDelay        tasks.o
    0x0800aff0   0x0800aff0   0x0000009c   Code   RO         6823    i.vTaskDelayUntil   tasks.o
    0x0800b08c   0x0800b08c   0x00000018   Code   RO         6825    i.vTaskInternalSetTimeOutState  tasks.o
    0x0800b0a4   0x0800b0a4   0x0000000c   Code   RO         6826    i.vTaskMissedYield  tasks.o
    0x0800b0b0   0x0800b0b0   0x0000002c   Code   RO         6828    i.vTaskPlaceOnEventList  tasks.o
    0x0800b0dc   0x0800b0dc   0x00000094   Code   RO         6834    i.vTaskStartScheduler  tasks.o
    0x0800b170   0x0800b170   0x00000010   Code   RO         6836    i.vTaskSuspendAll   tasks.o
    0x0800b180   0x0800b180   0x00000080   Code   RO         6837    i.vTaskSwitchContext  tasks.o
    0x0800b200   0x0800b200   0x00000068   Code   RO         6159    i.write_gear_for_eeprom  10_eeprom.o
    0x0800b268   0x0800b268   0x00000038   Code   RO         7532    i.xPortStartScheduler  port.o
    0x0800b2a0   0x0800b2a0   0x0000001e   Code   RO         6505    i.xQueueCreateMutex  queue.o
    0x0800b2be   0x0800b2be   0x00000052   Code   RO         6507    i.xQueueGenericCreate  queue.o
    0x0800b310   0x0800b310   0x00000082   Code   RO         6509    i.xQueueGenericReset  queue.o
    0x0800b392   0x0800b392   0x0000015a   Code   RO         6510    i.xQueueGenericSend  queue.o
    0x0800b4ec   0x0800b4ec   0x00000074   Code   RO         6839    i.xTaskCheckForTimeOut  tasks.o
    0x0800b560   0x0800b560   0x00000062   Code   RO         6840    i.xTaskCreate       tasks.o
    0x0800b5c2   0x0800b5c2   0x00000088   Code   RO         6841    i.xTaskCreateStatic  tasks.o
    0x0800b64a   0x0800b64a   0x00000002   PAD
    0x0800b64c   0x0800b64c   0x00000024   Code   RO         6845    i.xTaskGetSchedulerState  tasks.o
    0x0800b670   0x0800b670   0x0000000c   Code   RO         6846    i.xTaskGetTickCount  tasks.o
    0x0800b67c   0x0800b67c   0x0000013c   Code   RO         6848    i.xTaskIncrementTick  tasks.o
    0x0800b7b8   0x0800b7b8   0x00000088   Code   RO         6851    i.xTaskPriorityDisinherit  tasks.o
    0x0800b840   0x0800b840   0x00000088   Code   RO         6853    i.xTaskRemoveFromEventList  tasks.o
    0x0800b8c8   0x0800b8c8   0x000000f0   Code   RO         6854    i.xTaskResumeAll    tasks.o
    0x0800b9b8   0x0800b9b8   0x00000064   Code   RO         7624    x$fpl$dleqf         fz_ps.l(dlef.o)
    0x0800ba1c   0x0800ba1c   0x0000008c   Code   RO         7630    x$fpl$fadd          fz_ps.l(faddsub.o)
    0x0800baa8   0x0800baa8   0x00000054   Code   RO         7639    x$fpl$feqf          fz_ps.l(feqf.o)
    0x0800bafc   0x0800bafc   0x000000b0   Code   RO         7645    x$fpl$fmul          fz_ps.l(fmul.o)
    0x0800bbac   0x0800bbac   0x00000058   Code   RO         7647    x$fpl$frleqf        fz_ps.l(frlef.o)
    0x0800bc04   0x0800bc04   0x000000d0   Code   RO         7632    x$fpl$fsub          fz_ps.l(faddsub.o)
    0x0800bcd4   0x0800bcd4   0x00000000   Code   RO         7674    x$fpl$usenofp       fz_ps.l(usenofp.o)
    0x0800bcd4   0x0800bcd4   0x0000005c   Data   RO          367    .constdata          app_freertos.o
    0x0800bd30   0x0800bd30   0x0000001e   Data   RO         4328    .constdata          stm32g0xx_hal_uart.o
    0x0800bd4e   0x0800bd4e   0x00000002   PAD
    0x0800bd50   0x0800bd50   0x00000068   Data   RO         5259    .constdata          system_stm32g0xx.o
    0x0800bdb8   0x0800bdb8   0x00000011   Data   RO         6221    .constdata          11_uart_send.o
    0x0800bdc9   0x0800bdc9   0x00000040   Data   RO         7637    .constdata          fz_ps.l(fdiv.o)
    0x0800be09   0x0800be09   0x00000003   PAD
    0x0800be0c   0x0800be0c   0x00000024   Data   RO          368    .conststring        app_freertos.o
    0x0800be30   0x0800be30   0x00000020   Data   RO         7865    Region$$Table       anon$$obj.o


    Execution Region RW_IRAM1 (Exec base: 0x20000000, Load base: 0x0800be50, Size: 0x00001cc0, Max: 0x00002000, ABSOLUTE, COMPRESSED[0x00000028])

    Exec Addr    Load Addr    Size         Type   Attr      Idx    E Section Name        Object

    0x20000000   COMPRESSED   0x0000000d   Data   RW          369    .data               app_freertos.o
    0x2000000d   COMPRESSED   0x00000003   PAD
    0x20000010   COMPRESSED   0x00000009   Data   RW         2108    .data               stm32g0xx_hal.o
    0x20000019   COMPRESSED   0x00000003   PAD
    0x2000001c   COMPRESSED   0x00000004   Data   RW         5260    .data               system_stm32g0xx.o
    0x20000020   COMPRESSED   0x00000013   Data   RW         5310    .data               00_handle.o
    0x20000033   COMPRESSED   0x00000001   PAD
    0x20000034   COMPRESSED   0x00000024   Data   RW         5483    .data               01_key_process.o
    0x20000058   COMPRESSED   0x0000004e   Data   RW         5617    .data               03_yg6550.o
    0x200000a6   COMPRESSED   0x00000007   Data   RW         5878    .data               06_batt_handle.o
    0x200000ad   COMPRESSED   0x00000003   PAD
    0x200000b0   COMPRESSED   0x00000028   Data   RW         5937    .data               07_moto_handle.o
    0x200000d8   COMPRESSED   0x00000008   Data   RW         5994    .data               08_led_handle.o
    0x200000e0   COMPRESSED   0x00000005   Data   RW         6078    .data               09_output.o
    0x200000e5   COMPRESSED   0x00000003   PAD
    0x200000e8   COMPRESSED   0x00000008   Data   RW         6161    .data               10_eeprom.o
    0x200000f0   COMPRESSED   0x00000004   Data   RW         6222    .data               11_uart_send.o
    0x200000f4   COMPRESSED   0x00000008   Data   RW         6312    .data               watchdog.o
    0x200000fc   COMPRESSED   0x00000038   Data   RW         6857    .data               tasks.o
    0x20000134   COMPRESSED   0x00000020   Data   RW         7476    .data               heap_4.o
    0x20000154   COMPRESSED   0x00000004   Data   RW         7533    .data               port.o
    0x20000158        -       0x00000154   Zero   RW          366    .bss                app_freertos.o
    0x200002ac        -       0x000000c0   Zero   RW          427    .bss                adc.o
    0x2000036c        -       0x00000098   Zero   RW          489    .bss                i2c.o
    0x20000404        -       0x00000010   Zero   RW          531    .bss                iwdg.o
    0x20000414        -       0x000000c0   Zero   RW          560    .bss                spi.o
    0x200004d4        -       0x00000130   Zero   RW          603    .bss                tim.o
    0x20000604        -       0x00000148   Zero   RW          662    .bss                usart.o
    0x2000074c        -       0x0000002c   Zero   RW          701    .bss                rtc.o
    0x20000778        -       0x0000004c   Zero   RW          824    .bss                stm32g0xx_hal_timebase_tim.o
    0x200007c4        -       0x0000001c   Zero   RW         1354    .bss                stm32g0xx_hal_flash.o
    0x200007e0        -       0x0000008c   Zero   RW         5308    .bss                00_handle.o
    0x2000086c        -       0x0000007c   Zero   RW         5582    .bss                02_ltr831.o
    0x200008e8        -       0x0000000a   Zero   RW         5615    .bss                03_yg6550.o
    0x200008f2   COMPRESSED   0x00000002   PAD
    0x200008f4        -       0x00000028   Zero   RW         5703    .bss                04_rf_handle.o
    0x2000091c        -       0x00000028   Zero   RW         5794    .bss                05_ems_handle.o
    0x20000944        -       0x00000052   Zero   RW         5992    .bss                08_led_handle.o
    0x20000996        -       0x00000212   Zero   RW         6220    .bss                11_uart_send.o
    0x20000ba8        -       0x000000b4   Zero   RW         6856    .bss                tasks.o
    0x20000c5c        -       0x00000a00   Zero   RW         7475    .bss                heap_4.o
    0x2000165c        -       0x00000060   Zero   RW         7721    .bss                c_p.l(libspace.o)
    0x200016bc   COMPRESSED   0x00000004   PAD
    0x200016c0        -       0x00000200   Zero   RW            2    HEAP                startup_stm32g030xx.o
    0x200018c0        -       0x00000400   Zero   RW            1    STACK               startup_stm32g030xx.o


==============================================================================

Image component sizes


      Code (inc. data)   RO Data    RW Data    ZI Data      Debug   Object Name

      2032        204          0         19        140      17904   00_handle.o
      1180         80          0         36          0      14492   01_key_process.o
         0          0          0          0        124       4414   02_ltr831.o
      1404        136          0         78         10       7825   03_yg6550.o
       724         90          0          0         40       6095   04_rf_handle.o
       664        118          0          0         40       5335   05_ems_handle.o
       648         62          0          7          0       4835   06_batt_handle.o
       680        118          0         40          0       4769   07_moto_handle.o
      1808        144          0          8         82       6931   08_led_handle.o
      1272         58          0          5          0       6243   09_output.o
       256         44          0          8          0       2998   10_eeprom.o
      2700        252         17          4        530       7935   11_uart_send.o
       584         64          0          0        192       1943   adc.o
       644         56        128         13        340       3969   app_freertos.o
       148          0          0          0          0       7891   cmsis_os.o
        84          4          0          0          0        718   dma.o
         0          0          0          0          0      10872   event_groups.o
       520         24          0          0          0       1135   gpio.o
       672         72          0         32       2560       4475   heap_4.o
       548         48          0          0        152       2766   i2c.o
         2          0          0          0         16        615   iwdg.o
       150          0          0          0          0       3282   list.o
       238          6          0          0          0     499810   main.o
       418         58          0          4          0       7163   port.o
       954          0          0          0          0      11271   queue.o
       168         18          0          0         44       1535   rtc.o
       336         28          0          0        192       1762   spi.o
        56         26        192          0       1536        620   startup_stm32g030xx.o
        80         18          0          9          0      14714   stm32g0xx_hal.o
      2718        112          0          0          0      47345   stm32g0xx_hal_adc.o
       372         14          0          0          0      34222   stm32g0xx_hal_adc_ex.o
       230         24          0          0          0      11915   stm32g0xx_hal_cortex.o
      1186         40          0          0          0       6393   stm32g0xx_hal_dma.o
       448         50          0          0         28      16194   stm32g0xx_hal_flash.o
       224         24          0          0          0       2318   stm32g0xx_hal_flash_ex.o
       770         34          0          0          0       3305   stm32g0xx_hal_gpio.o
      2134         38          0          0          0      12035   stm32g0xx_hal_i2c.o
       222          0          0          0          0       1843   stm32g0xx_hal_i2c_ex.o
       140         18          0          0          0       1795   stm32g0xx_hal_iwdg.o
        80          6          0          0          0        794   stm32g0xx_hal_msp.o
        88         12          0          0          0        726   stm32g0xx_hal_pwr_ex.o
      2468        128          0          0          0      21963   stm32g0xx_hal_rcc.o
       488         14          0          0          0       1552   stm32g0xx_hal_rcc_ex.o
       434         10          0          0          0       3039   stm32g0xx_hal_rtc.o
        20          0          0          0          0       1066   stm32g0xx_hal_rtc_ex.o
      1390         24          0          0          0       8284   stm32g0xx_hal_spi.o
      3142        186          0          0          0      17311   stm32g0xx_hal_tim.o
       776         30          0          0          0       5833   stm32g0xx_hal_tim_ex.o
       140         20          0          0         76       1435   stm32g0xx_hal_timebase_tim.o
      3674         72         30          0          0      36407   stm32g0xx_hal_uart.o
       172          0          0          0          0       3804   stm32g0xx_hal_uart_ex.o
        96         32          0          0          0       3080   stm32g0xx_it.o
         0          0          0          0          0       8816   stream_buffer.o
         2          0        104          4          0       1095   system_stm32g0xx.o
      2472        320          0         56        180      24146   tasks.o
      1324         96          0          0        304       4645   tim.o
       332         28          0          0        328       1792   usart.o
        72         22          0          8          0       2059   watchdog.o

    ----------------------------------------------------------------------
     44636       3082        505        344       6916     949529   Object Totals
         0          0         32          0          0          0   (incl. Generated)
        52          0          2         13          2          0   (incl. Padding)

    ----------------------------------------------------------------------

      Code (inc. data)   RO Data    RW Data    ZI Data      Debug   Library Member Name

        86          0          0          0          0          0   __dczerorl2.o
         8          0          0          0          0         68   __main.o
         0          0          0          0          0          0   __rtentry.o
        12          0          0          0          0          0   __rtentry2.o
         6          0          0          0          0          0   __rtentry4.o
        60          8          0          0          0          0   __scatter.o
        28          0          0          0          0          0   __scatter_zi.o
        18          0          0          0          0         68   aeabi_memset.o
       346          0          0          0          0         92   aeabi_sdiv.o
        16          0          0          0          0         68   exit.o
         6          0          0          0          0        136   heapauxi.o
         0          0          0          0          0          0   indicate_semi.o
         2          0          0          0          0          0   libinit.o
         2          0          0          0          0          0   libinit2.o
         2          0          0          0          0          0   libshutdown.o
         2          0          0          0          0          0   libshutdown2.o
         8          4          0          0         96         68   libspace.o
        64          0          0          0          0        108   rt_memclr.o
       186          0          0          0          0        144   rt_memcpy.o
         2          0          0          0          0          0   rtexit.o
        10          0          0          0          0          0   rtexit2.o
        12          4          0          0          0         60   sys_exit.o
        62          0          0          0          0         80   sys_stackheap_outer.o
         2          0          0          0          0         68   use_no_semi.o
        46          0          0          0          0         60   cmpret.o
       144          4          0          0          0         76   dcmpin.o
        72          4          0          0          0         68   dfixui.o
        88          0          0          0          0         92   dflti.o
       100          4          0          0          0         92   dlef.o
       584         26          0          0          0         84   dmul.o
        20          6          0          0          0         68   dnan2.o
        84          4          0          0          0         60   f2d.o
       348          8          0          0          0        160   faddsub.o
       100          4          0          0          0         68   fcmpin.o
       352         10         64          0          0         92   fdiv.o
        84          4          0          0          0         76   feqf.o
        76          0          0          0          0         68   ffixi.o
        94          0          0          0          0         92   fflti.o
       176          4          0          0          0         80   fmul.o
        16          6          0          0          0         68   fnan2.o
        88          4          0          0          0         76   frlef.o
        94          0          0          0          0         68   retnan.o
         0          0          0          0          0          0   usenofp.o

    ----------------------------------------------------------------------
      3512        104         67          0        100       2408   Library Totals
         6          0          3          0          4          0   (incl. Padding)

    ----------------------------------------------------------------------

      Code (inc. data)   RO Data    RW Data    ZI Data      Debug   Library Name

       940         16          0          0         96        960   c_p.l
      2566         88         64          0          0       1448   fz_ps.l

    ----------------------------------------------------------------------
      3512        104         67          0        100       2408   Library Totals

    ----------------------------------------------------------------------

==============================================================================


      Code (inc. data)   RO Data    RW Data    ZI Data      Debug

     48148       3186        572        344       7016     935101   Grand Totals
     48148       3186        572         40       7016     935101   ELF Image Totals (compressed)
     48148       3186        572         40          0          0   ROM Totals

==============================================================================

    Total RO  Size (Code + RO Data)                48720 (  47.58kB)
    Total RW  Size (RW Data + ZI Data)              7360 (   7.19kB)
    Total ROM Size (Code + RO Data + RW Data)      48760 (  47.62kB)

==============================================================================

