<html>
<body>
<pre>
<h1>µVision Build Log</h1>
<h2>Tool Versions:</h2>
IDE-Version: ¦ÌVision V5.29.0.0
Copyright (C) 2019 ARM Ltd and ARM Germany GmbH. All rights reserved.
License Information: 1 1, 1, LIC=QF8G8-3AMPI-GIX5Q-N5ZJU-H3ETI-WXM51
 
Tool Versions:
Toolchain:       MDK-ARM Plus  Version: 5.29.0.0
Toolchain Path:  D:\Keil_v5\ARM\ARMCLANG\Bin
C Compiler:      ArmClang.exe V6.13.1
Assembler:       Armasm.exe V6.13.1
Linker/Locator:  ArmLink.exe V6.13.1
Library Manager: ArmAr.exe V6.13.1
Hex Converter:   FromElf.exe V6.13.1
CPU DLL:         
Dialog DLL:      
Target DLL:      Segger\JL2CM3.dll V2.99.36.0
Dialog DLL:      TCM.DLL V1.36.5.0
 
<h2>Project:</h2>
F:\RF_HAND\RF_HAND_GD32E230_V0005\MDK\Project.uvprojx
Project File Date:  04/12/2023

<h2>Output:</h2>
*** Using Compiler 'V6.13.1', folder: 'D:\Keil_v5\ARM\ARMCLANG\Bin'
Build target 'GD32E23x'
compiling device_app.c...
compiling drv_ems.c...
compiling main.c...
compiling task_app.c...
compiling led_app.c...
../UserApp/key_app.c(35): warning: implicit declaration of function 'Sys_state_Ctrl' is invalid in C99 [-Wimplicit-function-declaration]
                                                Sys_state_Ctrl(SYS_ON);
                                                ^
../UserApp/key_app.c(40): warning: implicit declaration of function 'Sys_state_Ctrl' is invalid in C99 [-Wimplicit-function-declaration]
                                                Sys_state_Ctrl(SYS_WAKE);
                                                ^
../UserApp/key_app.c(63): warning: implicit declaration of function 'Sys_state_Ctrl' is invalid in C99 [-Wimplicit-function-declaration]
                                        Sys_state_Ctrl(SYS_OFF);
                                        ^
../UserApp/key_app.c(150): warning: implicit declaration of function 'Sys_state_Ctrl' is invalid in C99 [-Wimplicit-function-declaration]
                                                Sys_state_Ctrl(SYS_ADJUST_RELOAD);
                                                ^
../UserApp/key_app.c(161): warning: implicit declaration of function 'Sys_state_Ctrl' is invalid in C99 [-Wimplicit-function-declaration]
                                Sys_state_Ctrl(SYS_WAKE);
                                ^
5 warnings generated.
compiling key_app.c...
compiling common.c...
compiling test_app.c...
compiling drv_adc.c...
compiling gd32e23x_it.c...
compiling drv_key.c...
compiling drv_delay.c...
compiling drv_motor.c...
compiling drv_gpio.c...
../UserDriver/drv_power.c(140): warning: using the result of an assignment as a condition without parentheses [-Wparentheses]
        else if(Power.BatLevel = BAT_LEVEL_EMETY)
                ~~~~~~~~~~~~~~~^~~~~~~~~~~~~~~~~
../UserDriver/drv_power.c(140): note: place parentheses around the assignment to silence this warning
        else if(Power.BatLevel = BAT_LEVEL_EMETY)
                               ^
                (                               )
../UserDriver/drv_power.c(140): note: use '==' to turn this assignment into an equality comparison
        else if(Power.BatLevel = BAT_LEVEL_EMETY)
                               ^
                               ==
1 warning generated.
compiling drv_power.c...
../UserApp/err_check_app.c(36): warning: implicit declaration of function 'Sys_state_Ctrl' is invalid in C99 [-Wimplicit-function-declaration]
                                        Sys_state_Ctrl(SYS_ERR);
                                        ^
../UserApp/err_check_app.c(164): warning: implicit declaration of function 'Sys_state_Ctrl' is invalid in C99 [-Wimplicit-function-declaration]
                                        Sys_state_Ctrl(SYS_ERR);
                                        ^
../UserApp/err_check_app.c(191): warning: implicit declaration of function 'Sys_state_Ctrl' is invalid in C99 [-Wimplicit-function-declaration]
                                        Sys_state_Ctrl(SYS_ERR);
                                        ^
../UserApp/err_check_app.c(283): warning: implicit declaration of function 'Sys_state_Ctrl' is invalid in C99 [-Wimplicit-function-declaration]
                                                Sys_state_Ctrl(SYS_ERR);
                                                ^
4 warnings generated.
compiling err_check_app.c...
compiling drv_rf.c...
compiling drv_sensor.c...
compiling drv_flash.c...
compiling drv_uart.c...
compiling drv_ems_rf_en_pin.c...
compiling drv_led.c...
linking...
Program Size: Code=30676 RO-data=568 RW-data=40 ZI-data=1344  
FromELF: creating hex file...
After Build - User command #1: D:\Keil_v5\ARM\ARMCC\bin\fromelf.exe --bin --output=ABF_206_V0003.bin .\output\ABF_206_V0003.axf
".\output\ABF_206_V0003.axf" - 0 Error(s), 10 Warning(s).

<h2>Software Packages used:</h2>

Package Vendor: ARM
                http://www.keil.com/pack/ARM.CMSIS.5.6.0.pack
                ARM.CMSIS.5.6.0
                CMSIS (Cortex Microcontroller Software Interface Standard)
   * Component: CORE Version: 5.3.0

Package Vendor: GigaDevice
                http://gd32mcu.21ic.com/data/documents/yingyongruanjian/GigaDevice.GD32E23x_DFP.1.0.0.pack
                GigaDevice.GD32E23x_DFP.1.0.0
                GigaDevice GD32E23x Series Device Support and Examples

<h2>Collection of Component include folders:</h2>
  .\RTE\_GD32E23x
  D:\Keil_v5\ARM\PACK\ARM\CMSIS\5.6.0\CMSIS\Core\Include
  D:\Keil_v5\ARM\PACK\GigaDevice\GD32E23x_DFP\1.0.0\Device\Include

<h2>Collection of Component Files used:</h2>

   * Component: ARM::CMSIS:CORE:5.3.0
Build Time Elapsed:  00:00:04
</pre>
</body>
</html>
