<html>
<body>
<pre>
<h1>µVision Build Log</h1>
<h2>Tool Versions:</h2>
IDE-Version: ¦ÌVision V5.25.2.0
Copyright (C) 2018 ARM Ltd and ARM Germany GmbH. All rights reserved.
License Information: 1 1, 1, LIC=QF8G8-3AMPI-GIX5Q-N5ZJU-H3ETI-WXM51
 
Tool Versions:
Toolchain:       MDK-ARM Plus  Version: 5.25.2.0
Toolchain Path:  D:\Keil_v5\ARM\ARMCC\Bin
C Compiler:      Armcc.exe V5.06 update 6 (build 750)
Assembler:       Armasm.exe V5.06 update 6 (build 750)
Linker/Locator:  ArmLink.exe V5.06 update 6 (build 750)
Library Manager: ArmAr.exe V5.06 update 6 (build 750)
Hex Converter:   FromElf.exe V5.06 update 6 (build 750)
CPU DLL:         SARMCM3.DLL V5.25.2.0
Dialog DLL:      DARMCM1.DLL V1.19.1.0
Target DLL:      Segger\JL2CM3.dll V2.99.29.0
Dialog DLL:      TARMCM1.DLL V1.14.0.0
 
<h2>Project:</h2>
F:\S1_ROTATE\S1_board\ABF202_SOFT_RTOS_base_TESTMODE_V2.3\MDK-ARM\ABF202.uvprojx
Project File Date:  01/10/2023

<h2>Output:</h2>
*** Using Compiler 'V5.06 update 6 (build 750)', folder: 'D:\Keil_v5\ARM\ARMCC\Bin'
Build target 'ABF202'
compiling 11_UART_Send.c...
..\Source\11_UART_Send.c(663): warning:  #1294-D: Old-style function Life_Test
  void Life_Test(coid)
..\Source\11_UART_Send.c(663): warning:  #1079-D: standard requires that parameter "coid"  be given a type by a subsequent declaration ("int" assumed)
  void Life_Test(coid)
..\Source\11_UART_Send.c: 2 warnings, 0 errors
linking...
Program Size: Code=48176 RO-data=572 RW-data=348 ZI-data=7012  
FromELF: creating hex file...
After Build - User command #1: fromelf.exe --bin -o "ABF202\ABF202.bin" "ABF202\ABF202.axf"
"ABF202\ABF202.axf" - 0 Error(s), 2 Warning(s).

<h2>Software Packages used:</h2>

Package Vendor: ARM
                http://www.keil.com/pack/ARM.CMSIS.5.6.0.pack
                ARM.CMSIS.5.6.0
                CMSIS (Cortex Microcontroller Software Interface Standard)
   * Component: CORE Version: 5.3.0

Package Vendor: Keil
                http://www.keil.com/pack/Keil.STM32G0xx_DFP.1.4.0.pack
                Keil.STM32G0xx_DFP.1.4.0
                STMicroelectronics STM32G0 Series Device Support

<h2>Collection of Component include folders:</h2>
  .\RTE\_ABF202
  D:\Keil_v5\ARM\PACK\ARM\CMSIS\5.6.0\CMSIS\Core\Include
  D:\Keil_v5\ARM\PACK\Keil\STM32G0xx_DFP\1.4.0\Drivers\CMSIS\Device\ST\STM32G0xx\Include

<h2>Collection of Component Files used:</h2>

   * Component: ARM::CMSIS:CORE:5.3.0
Build Time Elapsed:  00:00:03
</pre>
</body>
</html>
