LX51 LINKER/LOCATER V4.66.41.0                                                          02/14/2022  15:16:21  PAGE 1


LX51 LINKER/LOCATER V4.66.41.0, INVOKED BY:
D:\MYSOFT\KEILC51\SETUP\C51\BIN\LX51.EXE .\output\uart.obj, .\output\main.obj, .\output\delay.obj, .\output\STARTUP.obj 
>> TO .\output\ca51f003 PRINT (.\lst\ca51f003.map) REMOVEUNUSED CLASSES (XDATA (X:0X0-X:0X3FF), HDATA (X:0X0-X:0X3FF), C
>> ODE (C:0X0-C:0X47FF), CONST (C:0X0-C:0X47FF), ECODE (C:0X0-C:0X47FF), HCONST (C:0X0-C:0X47FF))


CPU MODE:     8051 MODE
MEMORY MODEL: SMALL


INPUT MODULES INCLUDED:
  .\output\uart.obj (UART)
         COMMENT TYPE 0: C51 V9.54
  .\output\main.obj (MAIN)
         COMMENT TYPE 0: C51 V9.54
  .\output\delay.obj (DELAY)
         COMMENT TYPE 0: C51 V9.54
  .\output\STARTUP.obj (?C_STARTUP)
         COMMENT TYPE 1: A51 / ASM51 Assembler
  D:\MYSOFT\KEILC51\SETUP\C51\LIB\C51S.LIB (?C?CLDPTR)
         COMMENT TYPE 1: A51 / ASM51 Assembler
  D:\MYSOFT\KEILC51\SETUP\C51\LIB\C51S.LIB (?C?ULCMP)
         COMMENT TYPE 1: A51 / ASM51 Assembler
  D:\MYSOFT\KEILC51\SETUP\C51\LIB\C51S.LIB (?C?LLDCODE)
         COMMENT TYPE 1: A51 / ASM51 Assembler
  D:\MYSOFT\KEILC51\SETUP\C51\LIB\C51S.LIB (VSPRINTF)
         COMMENT TYPE 1: A51 / ASM51 Assembler
  D:\MYSOFT\KEILC51\SETUP\C51\LIB\C51S.LIB (PRINTF)
         COMMENT TYPE 1: A51 / ASM51 Assembler
  D:\MYSOFT\KEILC51\SETUP\C51\LIB\C51S.LIB (?C?CLDOPTR)
         COMMENT TYPE 1: A51 / ASM51 Assembler
  D:\MYSOFT\KEILC51\SETUP\C51\LIB\C51S.LIB (?C?CSTPTR)
         COMMENT TYPE 1: A51 / ASM51 Assembler
  D:\MYSOFT\KEILC51\SETUP\C51\LIB\C51S.LIB (?C?PLDIIDATA)
         COMMENT TYPE 1: A51 / ASM51 Assembler
  D:\MYSOFT\KEILC51\SETUP\C51\LIB\C51S.LIB (?C?CCASE)
         COMMENT TYPE 1: A51 / ASM51 Assembler
  D:\MYSOFT\KEILC51\SETUP\C51\LIB\C51S.LIB (PUTCHAR)
         COMMENT TYPE 1: A51 / ASM51 Assembler


ACTIVE MEMORY CLASSES OF MODULE:  .\output\ca51f003 (UART)

BASE        START       END         USED      MEMORY CLASS
==========================================================
X:000000H   X:000000H   X:0003FFH   00020AH   XDATA
X:000000H   X:000000H   X:0003FFH             HDATA
C:000000H   C:000000H   C:0047FFH   0006ABH   CODE
C:000000H   C:000000H   C:0047FFH   000040H   CONST
C:000000H   C:000000H   C:0047FFH             ECODE
B00:0000H   C:000000H   C:0047FFH             HCONST
I:000000H   I:000000H   I:00007FH   000037H   DATA
I:000020H.0 I:000020H.0 I:00002FH.7 000001H.2 BIT
I:000000H   I:000000H   I:0000FFH   000001H   IDATA


MEMORY MAP OF MODULE:  .\output\ca51f003 (UART)


START     STOP      LENGTH    ALIGN  RELOC    MEMORY CLASS   SEGMENT NAME
=========================================================================

* * * * * * * * * * *   D A T A   M E M O R Y   * * * * * * * * * * * * *
000000H   000007H   000008H   ---    AT..     DATA           "REG BANK 0"
000008H.0 00001FH.7 000018H.0 ---    ---      **GAP**
000020H.0 000021H.0 000001H.1 BIT    UNIT     BIT            _BIT_GROUP_
LX51 LINKER/LOCATER V4.66.41.0                                                        02/14/2022  15:16:21  PAGE 2


000021H.1 000021H.1 000000H.1 BIT    UNIT     BIT            ?BI?UART
000021H.2 000021H   000000H.6 ---    ---      **GAP**
000022H   000050H   00002FH   BYTE   UNIT     DATA           _DATA_GROUP_
000051H   000051H   000001H   BYTE   UNIT     IDATA          ?STACK

* * * * * * * * * * *   C O D E   M E M O R Y   * * * * * * * * * * * * *
000000H   000002H   000003H   ---    OFFS..   CODE           ?CO??C_STARTUP?0
000003H   000033H   000031H   BYTE   UNIT     CODE           ?CO?MAIN
000034H   00003FH   00000CH   BYTE   UNIT     CODE           ?C_C51STARTUP
000040H   000042H   000003H   ---    ---      **GAP**
000043H   000045H   000003H   BYTE   OFFS..   CODE           ?UART?00043
000046H   0003A1H   00035CH   BYTE   UNIT     CODE           ?PR?PRINTF?PRINTF
0003A2H   000450H   0000AFH   BYTE   UNIT     CODE           ?C?LIB_CODE
000451H   0004FDH   0000ADH   BYTE   UNIT     CODE           ?PR?_UART2_INITIAL?UART
0004FEH   000577H   00007AH   BYTE   UNIT     CODE           ?PR?UART2_ISR?UART
000578H   0005E0H   000069H   BYTE   UNIT     CODE           ?PR?_UART2_PUTCHAR?UART
0005E1H   000610H   000030H   BYTE   UNIT     CODE           ?PR?_UART_PRINTF?UART
000611H   00063EH   00002EH   BYTE   UNIT     CODE           ?PR?_VSPRINTF?VSPRINTF
00063FH   000665H   000027H   BYTE   UNIT     CODE           ?PR?PUTCHAR?PUTCHAR
000666H   00068AH   000025H   BYTE   UNIT     CODE           ?PR?_UARTPUTSTR?UART
00068BH   0006ADH   000023H   BYTE   UNIT     CODE           ?PR?MAIN?MAIN
0006AEH   0006EDH   000040H   BYTE   UNIT     CONST          ?CO?UART

* * * * * * * * * * *  X D A T A   M E M O R Y  * * * * * * * * * * * * *
000000H   0000FFH   000100H   BYTE   UNIT     XDATA          _XDATA_GROUP_
000100H   00017BH   00007CH   BYTE   UNIT     XDATA          ?XD?UART
00017CH   007FFFH   007E84H   ---    ---      **GAP**
008000H   008000H   000001H   BYTE   OFFS..   XDATA          ?XD?MAIN?108
008001H   008001H   000001H   BYTE   OFFS..   XDATA          ?XD?MAIN?113
008002H   008002H   000001H   BYTE   OFFS..   XDATA          ?XD?MAIN?118
008003H   008003H   000001H   BYTE   OFFS..   XDATA          ?XD?MAIN?125
008004H   008004H   000001H   BYTE   OFFS..   XDATA          ?XD?MAIN?129
008005H   008005H   000001H   BYTE   OFFS..   XDATA          ?XD?MAIN?134
008006H   008006H   000001H   BYTE   OFFS..   XDATA          ?XD?MAIN?137
008007H   008007H   000001H   BYTE   OFFS..   XDATA          ?XD?MAIN?141
008008H   008008H   000001H   BYTE   OFFS..   XDATA          ?XD?MAIN?112
008009H   008009H   000001H   BYTE   OFFS..   XDATA          ?XD?MAIN?117
00800AH   00800AH   000001H   BYTE   OFFS..   XDATA          ?XD?MAIN?124
00800BH   00800BH   000001H   BYTE   OFFS..   XDATA          ?XD?MAIN?128
00800CH   00800CH   000001H   BYTE   OFFS..   XDATA          ?XD?MAIN?133
00800DH   00800DH   000001H   BYTE   OFFS..   XDATA          ?XD?MAIN?136
00800EH   00800EH   000001H   BYTE   OFFS..   XDATA          ?XD?MAIN?140
00800FH   00800FH   000001H   BYTE   OFFS..   XDATA          ?XD?MAIN?1
008010H   008010H   000001H   BYTE   OFFS..   XDATA          ?XD?MAIN?116
008011H   008011H   000001H   BYTE   OFFS..   XDATA          ?XD?MAIN?62
008012H   008012H   000001H   BYTE   OFFS..   XDATA          ?XD?MAIN?55
008013H   008013H   000001H   BYTE   OFFS..   XDATA          ?XD?MAIN?54
008014H   008014H   000001H   BYTE   OFFS..   XDATA          ?XD?MAIN?51
008015H   008015H   000001H   BYTE   OFFS..   XDATA          ?XD?MAIN?45
008016H   008016H   000001H   BYTE   OFFS..   XDATA          ?XD?MAIN?41
008017H   008017H   000001H   ---    ---      **GAP**
008018H   008018H   000001H   BYTE   OFFS..   XDATA          ?XD?MAIN?123
008019H   008019H   000001H   BYTE   OFFS..   XDATA          ?XD?MAIN?107
00801AH   00801AH   000001H   BYTE   OFFS..   XDATA          ?XD?MAIN?40
00801BH   00801BH   000001H   BYTE   OFFS..   XDATA          ?XD?MAIN?103
00801CH   00801CH   000001H   BYTE   OFFS..   XDATA          ?XD?MAIN?91
00801DH   00801DH   000001H   BYTE   OFFS..   XDATA          ?XD?MAIN?42
00801EH   00801EH   000001H   BYTE   OFFS..   XDATA          ?XD?MAIN?35
00801FH   00807FH   000061H   ---    ---      **GAP**
008080H   008080H   000001H   BYTE   OFFS..   XDATA          ?XD?MAIN?90
008081H   008081H   000001H   BYTE   OFFS..   XDATA          ?XD?MAIN?96
008082H   008082H   000001H   BYTE   OFFS..   XDATA          ?XD?MAIN?92
008083H   008083H   000001H   BYTE   OFFS..   XDATA          ?XD?MAIN?34
008084H   008084H   000001H   BYTE   OFFS..   XDATA          ?XD?MAIN?25
008085H   008085H   000001H   BYTE   OFFS..   XDATA          ?XD?MAIN?39
LX51 LINKER/LOCATER V4.66.41.0                                                        02/14/2022  15:16:21  PAGE 3


008086H   008086H   000001H   BYTE   OFFS..   XDATA          ?XD?MAIN?61
008087H   008087H   000001H   ---    ---      **GAP**
008088H   008088H   000001H   BYTE   OFFS..   XDATA          ?XD?MAIN?19
008089H   008089H   000001H   BYTE   OFFS..   XDATA          ?XD?MAIN?17
00808AH   00808AH   000001H   BYTE   OFFS..   XDATA          ?XD?MAIN?38
00808BH   00808BH   000001H   BYTE   OFFS..   XDATA          ?XD?MAIN?33
00808CH   00808CH   000001H   BYTE   OFFS..   XDATA          ?XD?MAIN?32
00808DH   00808DH   000001H   BYTE   OFFS..   XDATA          ?XD?MAIN?23
00808EH   00808EH   000001H   BYTE   OFFS..   XDATA          ?XD?MAIN?18
00808FH   00808FH   000001H   BYTE   OFFS..   XDATA          ?XD?MAIN?86
008090H   008090H   000001H   BYTE   OFFS..   XDATA          ?XD?MAIN?132
008091H   008091H   000001H   BYTE   OFFS..   XDATA          ?XD?MAIN?111
008092H   008092H   000001H   BYTE   OFFS..   XDATA          ?XD?MAIN?85
008093H   008093H   000001H   BYTE   OFFS..   XDATA          ?XD?MAIN?83
008094H   008094H   000001H   BYTE   OFFS..   XDATA          ?XD?MAIN?71
008095H   008097H   000003H   ---    ---      **GAP**
008098H   008098H   000001H   BYTE   OFFS..   XDATA          ?XD?MAIN?14
008099H   008099H   000001H   BYTE   OFFS..   XDATA          ?XD?MAIN?10
00809AH   00809AH   000001H   BYTE   OFFS..   XDATA          ?XD?MAIN?48
00809BH   00809BH   000001H   BYTE   OFFS..   XDATA          ?XD?MAIN?64
00809CH   00809CH   000001H   BYTE   OFFS..   XDATA          ?XD?MAIN?60
00809DH   00809DH   000001H   BYTE   OFFS..   XDATA          ?XD?MAIN?131
00809EH   00809FH   000002H   ---    ---      **GAP**
0080A0H   0080A0H   000001H   BYTE   OFFS..   XDATA          ?XD?MAIN?43
0080A1H   0080A1H   000001H   BYTE   OFFS..   XDATA          ?XD?MAIN?122
0080A2H   0080A2H   000001H   BYTE   OFFS..   XDATA          ?XD?MAIN?78
0080A3H   0080A3H   000001H   BYTE   OFFS..   XDATA          ?XD?MAIN?84
0080A4H   0080A4H   000001H   BYTE   OFFS..   XDATA          ?XD?MAIN?80
0080A5H   0080A7H   000003H   ---    ---      **GAP**
0080A8H   0080A8H   000001H   BYTE   OFFS..   XDATA          ?XD?MAIN?2
0080A9H   0080A9H   000001H   BYTE   OFFS..   XDATA          ?XD?MAIN?13
0080AAH   0080AFH   000006H   ---    ---      **GAP**
0080B0H   0080B0H   000001H   BYTE   OFFS..   XDATA          ?XD?MAIN?67
0080B1H   0080B1H   000001H   BYTE   OFFS..   XDATA          ?XD?MAIN?59
0080B2H   0080B2H   000001H   BYTE   OFFS..   XDATA          ?XD?MAIN?73
0080B3H   0080B3H   000001H   BYTE   OFFS..   XDATA          ?XD?MAIN?89
0080B4H   0080B7H   000004H   ---    ---      **GAP**
0080B8H   0080B8H   000001H   BYTE   OFFS..   XDATA          ?XD?MAIN?47
0080B9H   0080B9H   000001H   BYTE   OFFS..   XDATA          ?XD?MAIN?49
0080BAH   0080BAH   000001H   BYTE   OFFS..   XDATA          ?XD?MAIN?69
0080BBH   0080BFH   000005H   ---    ---      **GAP**
0080C0H   0080C0H   000001H   BYTE   OFFS..   XDATA          ?XD?MAIN?139
0080C1H   0080C1H   000001H   BYTE   OFFS..   XDATA          ?XD?MAIN?57
0080C2H   0080C2H   000001H   BYTE   OFFS..   XDATA          ?XD?MAIN?53
0080C3H   0080C3H   000001H   BYTE   OFFS..   XDATA          ?XD?MAIN?68
0080C4H   0080C4H   000001H   BYTE   OFFS..   XDATA          ?XD?MAIN?65
0080C5H   0080CFH   00000BH   ---    ---      **GAP**
0080D0H   0080D0H   000001H   BYTE   OFFS..   XDATA          ?XD?MAIN?15
0080D1H   0080D1H   000001H   BYTE   OFFS..   XDATA          ?XD?MAIN?16
0080D2H   0080D2H   000001H   BYTE   OFFS..   XDATA          ?XD?MAIN?8
0080D3H   0080D3H   000001H   BYTE   OFFS..   XDATA          ?XD?MAIN?20
0080D4H   0080D4H   000001H   BYTE   OFFS..   XDATA          ?XD?MAIN?28
0080D5H   0080D5H   000001H   BYTE   OFFS..   XDATA          ?XD?MAIN?27
0080D6H   0080D6H   000001H   BYTE   OFFS..   XDATA          ?XD?MAIN?36
0080D7H   0080D7H   000001H   BYTE   OFFS..   XDATA          ?XD?MAIN?22
0080D8H   0080D8H   000001H   BYTE   OFFS..   XDATA          ?XD?MAIN?31
0080D9H   0080D9H   000001H   BYTE   OFFS..   XDATA          ?XD?MAIN?30
0080DAH   0080DAH   000001H   BYTE   OFFS..   XDATA          ?XD?MAIN?37
0080DBH   0080DBH   000001H   BYTE   OFFS..   XDATA          ?XD?MAIN?52
0080DCH   0080DCH   000001H   BYTE   OFFS..   XDATA          ?XD?MAIN?56
0080DDH   0080DDH   000001H   BYTE   OFFS..   XDATA          ?XD?MAIN?82
0080DEH   0080DFH   000002H   ---    ---      **GAP**
0080E0H   0080E0H   000001H   BYTE   OFFS..   XDATA          ?XD?MAIN?58
0080E1H   0080E1H   000001H   BYTE   OFFS..   XDATA          ?XD?MAIN?63
0080E2H   0080E2H   000001H   BYTE   OFFS..   XDATA          ?XD?MAIN?44
LX51 LINKER/LOCATER V4.66.41.0                                                        02/14/2022  15:16:21  PAGE 4


0080E3H   0080E3H   000001H   BYTE   OFFS..   XDATA          ?XD?MAIN?70
0080E4H   0080E4H   000001H   BYTE   OFFS..   XDATA          ?XD?MAIN?75
0080E5H   0080E5H   000001H   BYTE   OFFS..   XDATA          ?XD?MAIN?74
0080E6H   0080E6H   000001H   BYTE   OFFS..   XDATA          ?XD?MAIN?79
0080E7H   0080E7H   000001H   BYTE   OFFS..   XDATA          ?XD?MAIN?72
0080E8H   0080E8H   000001H   BYTE   OFFS..   XDATA          ?XD?MAIN?77
0080E9H   0080E9H   000001H   BYTE   OFFS..   XDATA          ?XD?MAIN?76
0080EAH   0080EAH   000001H   BYTE   OFFS..   XDATA          ?XD?MAIN?81
0080EBH   0080EBH   000001H   BYTE   OFFS..   XDATA          ?XD?MAIN?121
0080ECH   0080ECH   000001H   BYTE   OFFS..   XDATA          ?XD?MAIN?138
0080EDH   0080EDH   000001H   BYTE   OFFS..   XDATA          ?XD?MAIN?11
0080EEH   0080F7H   00000AH   ---    ---      **GAP**
0080F8H   0080F8H   000001H   BYTE   OFFS..   XDATA          ?XD?MAIN?135
0080F9H   0080F9H   000001H   BYTE   OFFS..   XDATA          ?XD?MAIN?9
0080FAH   0080FAH   000001H   BYTE   OFFS..   XDATA          ?XD?MAIN?12
0080FBH   0080FBH   000001H   BYTE   OFFS..   XDATA          ?XD?MAIN?4
0080FCH   0080FCH   000001H   BYTE   OFFS..   XDATA          ?XD?MAIN?3
0080FDH   0080FFH   000003H   ---    ---      **GAP**
008100H   008100H   000001H   BYTE   OFFS..   XDATA          ?XD?MAIN?6
008101H   008101H   000001H   BYTE   OFFS..   XDATA          ?XD?MAIN?24
008102H   008117H   000016H   ---    ---      **GAP**
008118H   008118H   000001H   BYTE   OFFS..   XDATA          ?XD?MAIN?26
008119H   008119H   000001H   BYTE   OFFS..   XDATA          ?XD?MAIN?29
00811AH   00811DH   000004H   ---    ---      **GAP**
00811EH   00811EH   000001H   BYTE   OFFS..   XDATA          ?XD?MAIN?0
00811FH   00811FH   000001H   BYTE   OFFS..   XDATA          ?XD?MAIN?5
008120H   008120H   000001H   BYTE   OFFS..   XDATA          ?XD?MAIN?95
008121H   008121H   000001H   BYTE   OFFS..   XDATA          ?XD?MAIN?98
008122H   008122H   000001H   BYTE   OFFS..   XDATA          ?XD?MAIN?102
008123H   008123H   000001H   BYTE   OFFS..   XDATA          ?XD?MAIN?106
008124H   008124H   000001H   BYTE   OFFS..   XDATA          ?XD?MAIN?110
008125H   008125H   000001H   BYTE   OFFS..   XDATA          ?XD?MAIN?115
008126H   008126H   000001H   BYTE   OFFS..   XDATA          ?XD?MAIN?120
008127H   008127H   000001H   BYTE   OFFS..   XDATA          ?XD?MAIN?127
008128H   008128H   000001H   BYTE   OFFS..   XDATA          ?XD?MAIN?97
008129H   008129H   000001H   BYTE   OFFS..   XDATA          ?XD?MAIN?101
00812AH   00812AH   000001H   BYTE   OFFS..   XDATA          ?XD?MAIN?105
00812BH   00812BH   000001H   BYTE   OFFS..   XDATA          ?XD?MAIN?109
00812CH   00812CH   000001H   BYTE   OFFS..   XDATA          ?XD?MAIN?114
00812DH   00812DH   000001H   BYTE   OFFS..   XDATA          ?XD?MAIN?119
00812EH   00812EH   000001H   BYTE   OFFS..   XDATA          ?XD?MAIN?126
00812FH   00812FH   000001H   BYTE   OFFS..   XDATA          ?XD?MAIN?130
008130H   008130H   000001H   BYTE   OFFS..   XDATA          ?XD?MAIN?100
008131H   008137H   000007H   ---    ---      **GAP**
008138H   008138H   000001H   BYTE   OFFS..   XDATA          ?XD?MAIN?104
008139H   00FBFFH   007AC7H   ---    ---      **GAP**
00FC00H   00FC00H   000001H   BYTE   OFFS..   XDATA          ?XD?MAIN?94
00FC01H   00FC01H   000001H   BYTE   OFFS..   XDATA          ?XD?MAIN?88
00FC02H   00FC02H   000001H   BYTE   OFFS..   XDATA          ?XD?MAIN?93
00FC03H   00FC03H   000001H   BYTE   OFFS..   XDATA          ?XD?MAIN?21
00FC04H   00FC04H   000001H   BYTE   OFFS..   XDATA          ?XD?MAIN?87
00FC05H   00FC05H   000001H   BYTE   OFFS..   XDATA          ?XD?MAIN?50
00FC06H   00FC06H   000001H   BYTE   OFFS..   XDATA          ?XD?MAIN?46
00FC07H   00FC07H   000001H   BYTE   OFFS..   XDATA          ?XD?MAIN?66
00FC08H   00FC0CH   000005H   ---    ---      **GAP**
00FC0DH   00FC0DH   000001H   BYTE   OFFS..   XDATA          ?XD?MAIN?7
00FC0EH   00FC0EH   000001H   ---    ---      **GAP**
00FC0FH   00FC0FH   000001H   BYTE   OFFS..   XDATA          ?XD?MAIN?99

* * * * * * * * *   R E M O V E D     S E G M E N T S   * * * * * * * *
   *DEL*:           000016H   BYTE   UNIT     CODE           ?PR?_DELAY_50US?DELAY
   *DEL*:           00001BH   BYTE   UNIT     CODE           ?PR?_DELAY_MS?DELAY



LX51 LINKER/LOCATER V4.66.41.0                                                        02/14/2022  15:16:21  PAGE 5


OVERLAY MAP OF MODULE:   .\output\ca51f003 (UART)


FUNCTION/MODULE              BIT_GROUP   DATA_GROUP   XDATA_GROUP
--> CALLED FUNCTION/MODULE  START  STOP  START  STOP  START  STOP
=================================================================
UART2_ISR/UART              ----- -----  ----- -----  ----- -----

*** NEW ROOT **************

?C_C51STARTUP               ----- -----  ----- -----  ----- -----
  +--> MAIN/MAIN

MAIN/MAIN                   ----- -----  ----- -----  ----- -----
  +--> _UART2_INITIAL/UART
  +--> ?CO?MAIN
  +--> _UART_PRINTF/UART

_UART2_INITIAL/UART         ----- -----  0022H 0029H  ----- -----
  +--> ?CO?UART

?CO?UART                    ----- -----  ----- -----  ----- -----

?CO?MAIN                    ----- -----  ----- -----  ----- -----

_UART_PRINTF/UART           ----- -----  0022H 0036H  0000H 00FFH
  +--> _VSPRINTF/VSPRINTF
  +--> _UARTPUTSTR/UART

_VSPRINTF/VSPRINTF          ----- -----  0037H 003CH  ----- -----
  +--> PRINTF/PRINTF

PRINTF/PRINTF               20H.0 21H.0  003DH 0050H  ----- -----
  +--> PUTCHAR/PUTCHAR

PUTCHAR/PUTCHAR             ----- -----  ----- -----  ----- -----

_UARTPUTSTR/UART            ----- -----  0037H 0039H  ----- -----
  +--> _UART2_PUTCHAR/UART

_UART2_PUTCHAR/UART         ----- -----  ----- -----  ----- -----



PUBLIC SYMBOLS OF MODULE:  .\output\ca51f003 (UART)


      VALUE       CLASS    TYPE      PUBLIC SYMBOL NAME
      =================================================
      0000003DH   DATA     ---       ?_PRINTF517?BYTE
      0000003DH   DATA     ---       ?_PRINTF?BYTE
      0000003DH   DATA     ---       ?_SPRINTF517?BYTE
      0000003DH   DATA     ---       ?_SPRINTF?BYTE
      00000022H   DATA     BYTE      ?_uart_printf?BYTE
      00010034H   DATA     ---       ?_VSPRINTF?BYTE
      0100042BH   CODE     ---       ?C?CCASE
      010003DCH   CODE     ---       ?C?CLDOPTR
      010003A2H   CODE     ---       ?C?CLDPTR
      00000000H   NUMBER   ---       ?C?CODESEG
      01000409H   CODE     ---       ?C?CSTPTR
      010003CCH   CODE     ---       ?C?LLDCODE
      0100041BH   CODE     ---       ?C?PLDIIDATA
      010003BBH   CODE     ---       ?C?ULCMP
      00000000H   NUMBER   ---       ?C?XDATASEG
      0100068BH   CODE     ---       ?C_START
LX51 LINKER/LOCATER V4.66.41.0                                                        02/14/2022  15:16:21  PAGE 6


      01000000H   CODE     ---       ?C_STARTUP
*DEL*:00000000H   CODE     ---       _Delay_50us
*DEL*:00000000H   CODE     ---       _Delay_ms
      010000A8H   CODE     ---       _PRINTF
      010000A8H   CODE     ---       _PRINTF517
      0100063FH   CODE     ---       _PUTCHAR
      010000A2H   CODE     ---       _SPRINTF
      010000A2H   CODE     ---       _SPRINTF517
      01000451H   CODE     ---       _Uart2_Initial
      01000578H   CODE     ---       _Uart2_PutChar
      010005E1H   CODE     ---       _uart_printf
      01000666H   CODE     ---       _UartPutStr
      01000611H   CODE     ---       _VSPRINTF
*SFR* 000000D0H.6 DATA     BIT       AC
*SFR* 000000E0H   DATA     BYTE      ACC
      02008094H   XDATA    BYTE      ACPBC
      0200808DH   XDATA    BYTE      ACPDHH
      0200808CH   XDATA    BYTE      ACPDHL
      0200808BH   XDATA    BYTE      ACPDLH
      0200808AH   XDATA    BYTE      ACPDLL
      02008089H   XDATA    BYTE      ADCALH
      02008088H   XDATA    BYTE      ADCALL
*SFR* 000000BDH   DATA     BYTE      ADCDH
*SFR* 000000BCH   DATA     BYTE      ADCDL
*SFR* 000000BBH   DATA     BYTE      ADCFGH
*SFR* 000000BAH   DATA     BYTE      ADCFGL
*SFR* 000000B9H   DATA     BYTE      ADCON
      0200808FH   XDATA    BYTE      ADOPC
      0200808EH   XDATA    BYTE      ADPWMST
      020080B9H   XDATA    BYTE      AMPAOS
      020080B8H   XDATA    BYTE      AMPCON
      020080BAH   XDATA    BYTE      AMPOUT
*SFR* 000000F0H   DATA     BYTE      B
      010006CEH   CONST    ---       BR_SET_TAB
      010006AEH   CONST    ---       BR_TAB
      020080C0H   XDATA    BYTE      BZCON
      020080C2H   XDATA    BYTE      BZDIVH
      020080C1H   XDATA    BYTE      BZDIVL
      020080C4H   XDATA    BYTE      BZDUTH
      020080C3H   XDATA    BYTE      BZDUTL
      02008080H   XDATA    BYTE      CKCON
      02008082H   XDATA    BYTE      CKDIV
      02008081H   XDATA    BYTE      CKSEL
*SFR* 000000D0H.7 DATA     BIT       CY
      020080E3H   XDATA    BYTE      DC1BIT0HH
      020080E4H   XDATA    BYTE      DC1BIT0HL
      020080E5H   XDATA    BYTE      DC1BIT0LH
      020080E6H   XDATA    BYTE      DC1BIT0LL
      020080E7H   XDATA    BYTE      DC1BIT1HH
      020080E8H   XDATA    BYTE      DC1BIT1HL
      020080E9H   XDATA    BYTE      DC1BIT1LH
      020080EAH   XDATA    BYTE      DC1BIT1LL
      020080E0H   XDATA    BYTE      DC1CR
      020080E2H   XDATA    BYTE      DC1DB
      020080E1H   XDATA    BYTE      DC1DS
      020080EDH   XDATA    BYTE      DC1FCR
      020080EBH   XDATA    BYTE      DC1OVRH
      020080ECH   XDATA    BYTE      DC1OVRL
      020080D3H   XDATA    BYTE      DCBIT0HH
      020080D4H   XDATA    BYTE      DCBIT0HL
      020080D5H   XDATA    BYTE      DCBIT0LH
      020080D6H   XDATA    BYTE      DCBIT0LL
      020080D7H   XDATA    BYTE      DCBIT1HH
      020080D8H   XDATA    BYTE      DCBIT1HL
      020080D9H   XDATA    BYTE      DCBIT1LH
LX51 LINKER/LOCATER V4.66.41.0                                                        02/14/2022  15:16:21  PAGE 7


      020080DAH   XDATA    BYTE      DCBIT1LL
      020080D0H   XDATA    BYTE      DCCR
      020080D2H   XDATA    BYTE      DCDB
      020080D1H   XDATA    BYTE      DCDS
      020080DDH   XDATA    BYTE      DCFCR
      020080DBH   XDATA    BYTE      DCOVRH
      020080DCH   XDATA    BYTE      DCOVRL
*SFR* 00000083H   DATA     BYTE      DP0H
*SFR* 00000082H   DATA     BYTE      DP0L
*SFR* 00000085H   DATA     BYTE      DP1H
*SFR* 00000084H   DATA     BYTE      DP1L
*SFR* 000000D0H.1 DATA     BIT       DPS
*SFR* 000000A8H.7 DATA     BIT       EA
*SFR* 000000FBH   DATA     BYTE      EPCON
*SFR* 000000F9H   DATA     BYTE      EPIE
*SFR* 000000FAH   DATA     BYTE      EPIF
*SFR* 000000A8H.4 DATA     BIT       ES0
*SFR* 000000A8H.6 DATA     BIT       ES1
*SFR* 000000A8H.1 DATA     BIT       ET0
*SFR* 000000A8H.3 DATA     BIT       ET1
*SFR* 000000A8H.5 DATA     BIT       ET2
*SFR* 000000A8H   DATA     BIT       EX0
*SFR* 000000A8H.2 DATA     BIT       EX1
*SFR* 000000E8H   DATA     BYTE      EXIE
*SFR* 000000F8H   DATA     BYTE      EXIP
*SFR* 000000D0H.5 DATA     BIT       F0
      0200FC01H   XDATA    BYTE      FSCMD
      0200FC02H   XDATA    BYTE      FSDAT
      0200811EH   XDATA    BYTE      FTCTL
      0200801AH   XDATA    BYTE      HVTH
*SFR* 000000B3H   DATA     BYTE      I2CADM
*SFR* 000000B2H   DATA     BYTE      I2CADR
*SFR* 000000B1H   DATA     BYTE      I2CCON
*SFR* 000000B4H   DATA     BYTE      I2CCR
*SFR* 000000B5H   DATA     BYTE      I2CDAT
*SFR* 000000B7H   DATA     BYTE      I2CFLG
      02008101H   XDATA    BYTE      I2CIOS
*SFR* 000000B6H   DATA     BYTE      I2CSTA
*SFR* 000000EFH   DATA     BYTE      IDCODE
*SFR* 000000FDH   DATA     BYTE      IDLSTH
*SFR* 000000FCH   DATA     BYTE      IDLSTL
*SFR* 000000A8H   DATA     BYTE      IE
*SFR* 00000088H.1 DATA     BIT       IE0
*SFR* 00000088H.3 DATA     BIT       IE1
      02008084H   XDATA    BYTE      IHCFGH
      02008083H   XDATA    BYTE      IHCFGL
      02008085H   XDATA    BYTE      ILCFGL
*SFR* 000000F7H   DATA     BYTE      INDEX
*SFR* 000000E8H   DATA     BIT       INT2EN
*SFR* 000000E8H.1 DATA     BIT       INT3EN
*SFR* 000000E8H.2 DATA     BIT       INT4EN
*SFR* 000000E8H.3 DATA     BIT       INT5EN
*SFR* 000000E8H.4 DATA     BIT       INT6EN
*SFR* 000000E8H.5 DATA     BIT       INT7EN
*SFR* 000000E8H.6 DATA     BIT       INT8EN
*SFR* 000000E8H.7 DATA     BIT       INT9EN
*SFR* 000000B8H   DATA     BYTE      IP
*SFR* 00000088H   DATA     BIT       IT0
*SFR* 0000008FH   DATA     BYTE      IT0CON
*SFR* 00000088H.2 DATA     BIT       IT1
*SFR* 0000008EH   DATA     BYTE      IT1CON
*SFR* 000000E3H   DATA     BYTE      LEDAT0
*SFR* 000000E4H   DATA     BYTE      LEDAT1
*SFR* 000000E2H   DATA     BYTE      LEDUTH
*SFR* 000000E1H   DATA     BYTE      LEDUTL
LX51 LINKER/LOCATER V4.66.41.0                                                        02/14/2022  15:16:21  PAGE 8


*SFR* 000000C7H   DATA     BYTE      LEDWTMH
*SFR* 000000C6H   DATA     BYTE      LEDWTML
*SFR* 000000E5H   DATA     BYTE      LEFLG
      0200FC03H   XDATA    BYTE      LOCK
*SFR* 000000D7H   DATA     BYTE      LVDCON
      0100068BH   CODE     ---       main
*SFR* 000000E6H   DATA     BYTE      MDUCON
*SFR* 000000E7H   DATA     BYTE      MDUDAT
      0200FC00H   XDATA    BYTE      MECON
      0200FC0DH   XDATA    BYTE      MEMPTEC
*SFR* 000000D0H.2 DATA     BIT       OV
*SFR* 000000D0H   DATA     BIT       P
*SFR* 00000080H   DATA     BYTE      P0
*SFR* 00000080H   DATA     BIT       P00
      02008120H   XDATA    BYTE      P00C
      02008000H   XDATA    BYTE      P00F
*SFR* 00000080H.1 DATA     BIT       P01
      02008121H   XDATA    BYTE      P01C
      02008001H   XDATA    BYTE      P01F
*SFR* 00000080H.2 DATA     BIT       P02
      02008122H   XDATA    BYTE      P02C
      02008002H   XDATA    BYTE      P02F
*SFR* 00000080H.3 DATA     BIT       P03
      02008123H   XDATA    BYTE      P03C
      02008003H   XDATA    BYTE      P03F
*SFR* 00000080H.4 DATA     BIT       P04
      02008124H   XDATA    BYTE      P04C
      02008004H   XDATA    BYTE      P04F
*SFR* 00000080H.5 DATA     BIT       P05
      02008125H   XDATA    BYTE      P05C
      02008005H   XDATA    BYTE      P05F
*SFR* 00000080H.6 DATA     BIT       P06
      02008126H   XDATA    BYTE      P06C
      02008006H   XDATA    BYTE      P06F
*SFR* 00000080H.7 DATA     BIT       P07
      02008127H   XDATA    BYTE      P07C
      02008007H   XDATA    BYTE      P07F
*SFR* 00000090H   DATA     BYTE      P1
*SFR* 00000090H   DATA     BIT       P10
      02008128H   XDATA    BYTE      P10C
      02008008H   XDATA    BYTE      P10F
*SFR* 00000090H.1 DATA     BIT       P11
      02008129H   XDATA    BYTE      P11C
      02008009H   XDATA    BYTE      P11F
*SFR* 00000090H.2 DATA     BIT       P12
      0200812AH   XDATA    BYTE      P12C
      0200800AH   XDATA    BYTE      P12F
*SFR* 00000090H.3 DATA     BIT       P13
      0200812BH   XDATA    BYTE      P13C
      0200800BH   XDATA    BYTE      P13F
*SFR* 00000090H.4 DATA     BIT       P14
      0200812CH   XDATA    BYTE      P14C
      0200800CH   XDATA    BYTE      P14F
*SFR* 00000090H.5 DATA     BIT       P15
      0200812DH   XDATA    BYTE      P15C
      0200800DH   XDATA    BYTE      P15F
*SFR* 00000090H.6 DATA     BIT       P16
      0200812EH   XDATA    BYTE      P16C
      0200800EH   XDATA    BYTE      P16F
*SFR* 00000090H.7 DATA     BIT       P17
      0200812FH   XDATA    BYTE      P17C
      0200800FH   XDATA    BYTE      P17F
*SFR* 000000A0H   DATA     BYTE      P2
*SFR* 000000A0H   DATA     BIT       P20
      02008130H   XDATA    BYTE      P20C
LX51 LINKER/LOCATER V4.66.41.0                                                        02/14/2022  15:16:21  PAGE 9


      02008010H   XDATA    BYTE      P20F
*SFR* 000000A0H.1 DATA     BIT       P21
*SFR* 000000A0H.2 DATA     BIT       P22
*SFR* 000000A0H.3 DATA     BIT       P23
*SFR* 000000A0H.4 DATA     BIT       P24
*SFR* 000000A0H.5 DATA     BIT       P25
*SFR* 000000A0H.6 DATA     BIT       P26
*SFR* 000000A0H.7 DATA     BIT       P27
*SFR* 000000B0H   DATA     BYTE      P3
*SFR* 000000B0H   DATA     BIT       P30
      02008138H   XDATA    BYTE      P30C
      02008018H   XDATA    BYTE      P30F
*SFR* 000000B0H.1 DATA     BIT       P31
*SFR* 000000B0H.2 DATA     BIT       P32
*SFR* 000000B0H.3 DATA     BIT       P33
*SFR* 000000B0H.4 DATA     BIT       P34
*SFR* 000000B0H.5 DATA     BIT       P35
*SFR* 000000B0H.6 DATA     BIT       P36
*SFR* 000000B0H.7 DATA     BIT       P37
      0200FC04H   XDATA    BYTE      PADRD
      0200FC0FH   XDATA    BYTE      PADRM
*SFR* 00000087H   DATA     BYTE      PCON
      02008091H   XDATA    BYTE      PFGCFGH
      02008090H   XDATA    BYTE      PFGCFGL
      02008093H   XDATA    BYTE      PFGTRIMH
      02008092H   XDATA    BYTE      PFGTRIML
*SFR* 000000B8H.4 DATA     BIT       PS0
*SFR* 000000B8H.6 DATA     BIT       PS1
*SFR* 000000D0H   DATA     BYTE      PSW
*SFR* 000000B8H.1 DATA     BIT       PT0
*SFR* 000000B8H.3 DATA     BIT       PT1
*SFR* 000000B8H.5 DATA     BIT       PT2
      0200FC06H   XDATA    BYTE      PTSH
      0200FC05H   XDATA    BYTE      PTSL
*SFR* 00000086H   DATA     BYTE      PWCON
*SFR* 000000D9H   DATA     BYTE      PWM0NUMH
*SFR* 000000D8H   DATA     BYTE      PWM0NUML
*SFR* 000000D4H   DATA     BYTE      PWMAIF
      0200809DH   XDATA    BYTE      PWMBD
*SFR* 000000D5H   DATA     BYTE      PWMBIF
*SFR* 000000DEH   DATA     BYTE      PWMCFG
*SFR* 000000D6H   DATA     BYTE      PWMCIF
*SFR* 000000DCH   DATA     BYTE      PWMCMAX
*SFR* 000000DDH   DATA     BYTE      PWMCON
*SFR* 000000D1H   DATA     BYTE      PWMDIVH
*SFR* 000000DFH   DATA     BYTE      PWMDIVL
*SFR* 000000D3H   DATA     BYTE      PWMDUTH
*SFR* 000000D2H   DATA     BYTE      PWMDUTL
*SFR* 000000DAH   DATA     BYTE      PWMEN
      0200809AH   XDATA    BYTE      PWMFBC
      0200809BH   XDATA    BYTE      PWMFBS
      02008099H   XDATA    BYTE      PWMHS
      02008098H   XDATA    BYTE      PWMPS
      0200809CH   XDATA    BYTE      PWMSBC
*SFR* 000000DBH   DATA     BYTE      PWMUPD
*SFR* 000000B8H   DATA     BIT       PX0
*SFR* 000000B8H.2 DATA     BIT       PX1
      02008019H   XDATA    BYTE      RCCON
      02008014H   XDATA    BYTE      RCMSHH
      02008013H   XDATA    BYTE      RCMSHL
      02008012H   XDATA    BYTE      RCMSLH
      02008011H   XDATA    BYTE      RCMSLL
      02008016H   XDATA    BYTE      RCTAGH
      02008015H   XDATA    BYTE      RCTAGL
      0200FC07H   XDATA    BYTE      REPSET
LX51 LINKER/LOCATER V4.66.41.0                                                        02/14/2022  15:16:21  PAGE 10


*SFR* 000000D0H.3 DATA     BIT       RS0
*SFR* 000000D0H.4 DATA     BIT       RS1
*SFR* 0000009BH   DATA     BYTE      S1BUF
*SFR* 0000009AH   DATA     BYTE      S1CON
*SFR* 0000009DH   DATA     BYTE      S1RELH
*SFR* 0000009CH   DATA     BYTE      S1RELL
*SFR* 000000A2H   DATA     BYTE      S2BUF
*SFR* 000000A1H   DATA     BYTE      S2CON
*SFR* 000000A4H   DATA     BYTE      S2RELH
*SFR* 000000A3H   DATA     BYTE      S2RELL
*SFR* 00000081H   DATA     BYTE      SP
*SFR* 000000A5H   DATA     BYTE      SPCON
*SFR* 000000A6H   DATA     BYTE      SPDAT
      02008100H   XDATA    BYTE      SPMAX
*SFR* 000000A7H   DATA     BYTE      SPSTA
      0200801DH   XDATA    BYTE      STEP
      0200801EH   XDATA    BYTE      STEPNUM
      020080FCH   XDATA    BYTE      STPCH
      020080FBH   XDATA    BYTE      STPCL
*SFR* 000000FFH   DATA     BYTE      STPSTH
*SFR* 000000FEH   DATA     BYTE      STPSTL
      020080B0H   XDATA    BYTE      SWICON
      020080B1H   XDATA    BYTE      SWIDAT
      020080B3H   XDATA    BYTE      SWIOVT
      020080B2H   XDATA    BYTE      SWISTA
*SFR* 000000CBH   DATA     BYTE      T2CH
*SFR* 000000CAH   DATA     BYTE      T2CL
*SFR* 000000C8H   DATA     BYTE      T2CON
      020080A1H   XDATA    BYTE      T2CPCHS
      020080A2H   XDATA    BYTE      T2CPF
      020080A4H   XDATA    BYTE      T2CPH
      020080A3H   XDATA    BYTE      T2CPL
      020080A0H   XDATA    BYTE      T2CPPS
*SFR* 000000C8H.3 DATA     BIT       T2IE
*SFR* 000000C9H   DATA     BYTE      T2MOD
*SFR* 000000C8H   DATA     BIT       T2P0
*SFR* 000000C8H.1 DATA     BIT       T2P1
*SFR* 000000C8H.4 DATA     BIT       T2R0
*SFR* 000000C8H.5 DATA     BIT       T2R1
*SFR* 00000088H   DATA     BYTE      TCON
*SFR* 00000088H.5 DATA     BIT       TF0
*SFR* 00000088H.7 DATA     BIT       TF1
*SFR* 000000C8H.7 DATA     BIT       TF2
*SFR* 0000008CH   DATA     BYTE      TH0
*SFR* 0000008DH   DATA     BYTE      TH1
*SFR* 000000CDH   DATA     BYTE      TH2
*SFR* 00000091H   DATA     BYTE      TK0CHS
*SFR* 000000F2H   DATA     BYTE      TK0MSH
*SFR* 000000F1H   DATA     BYTE      TK0MSL
*SFR* 00000092H   DATA     BYTE      TK1CHS
*SFR* 000000F4H   DATA     BYTE      TK1MSH
*SFR* 000000F3H   DATA     BYTE      TK1MSL
*SFR* 00000093H   DATA     BYTE      TK2CHS
*SFR* 000000F6H   DATA     BYTE      TK2MSH
*SFR* 000000F5H   DATA     BYTE      TK2MSL
*SFR* 00000094H   DATA     BYTE      TK3CHS
*SFR* 000000EAH   DATA     BYTE      TK3MSH
*SFR* 000000E9H   DATA     BYTE      TK3MSL
*SFR* 00000095H   DATA     BYTE      TK4CHS
*SFR* 000000ECH   DATA     BYTE      TK4MSH
*SFR* 000000EBH   DATA     BYTE      TK4MSL
*SFR* 00000096H   DATA     BYTE      TK5CHS
*SFR* 000000EEH   DATA     BYTE      TK5MSH
*SFR* 000000EDH   DATA     BYTE      TK5MSL
*SFR* 000000C1H   DATA     BYTE      TKCFG
LX51 LINKER/LOCATER V4.66.41.0                                                        02/14/2022  15:16:21  PAGE 11


*SFR* 000000C4H   DATA     BYTE      TKCKS
*SFR* 000000C0H   DATA     BYTE      TKCON
*SFR* 000000C3H   DATA     BYTE      TKIF
*SFR* 000000C2H   DATA     BYTE      TKMTS
*SFR* 000000C5H   DATA     BYTE      TKPWC
*SFR* 0000008AH   DATA     BYTE      TL0
*SFR* 0000008BH   DATA     BYTE      TL1
*SFR* 000000CCH   DATA     BYTE      TL2
      020080A8H   XDATA    BYTE      TMCON
*SFR* 00000089H   DATA     BYTE      TMOD
      020080A9H   XDATA    BYTE      TMSNU
      0200811FH   XDATA    BYTE      TPCTL
*SFR* 00000088H.4 DATA     BIT       TR0
*SFR* 00000088H.6 DATA     BIT       TR1
*SFR* 000000C8H.6 DATA     BIT       TR2
      020080F8H   XDATA    BYTE      TSCMD
      020080F9H   XDATA    BYTE      TSSTA
      020080FAH   XDATA    BYTE      TSSWC
      010004FEH   CODE     ---       UART2_ISR
      02000100H   XDATA    ---       uart2_rev
      02000102H   XDATA    ---       uart2_rx_buf
      0200017AH   XDATA    ---       uart2_send
      02000166H   XDATA    ---       uart2_tx_buf
      00000021H.1 BIT      BIT       uart2_tx_flag
*SFR* 000000C8H.2 DATA     BIT       UCKS
      02008118H   XDATA    BYTE      UDCKS1
      02008119H   XDATA    BYTE      UDCKS2
      0200801CH   XDATA    BYTE      VCKDH
      0200801BH   XDATA    BYTE      VCKDL
*SFR* 000000AAH   DATA     BYTE      WDCON
*SFR* 000000ABH   DATA     BYTE      WDFLG
*SFR* 000000ADH   DATA     BYTE      WDVTHH
*SFR* 000000ACH   DATA     BYTE      WDVTHL
      02008086H   XDATA    BYTE      XHISEL



SYMBOL TABLE OF MODULE:  .\output\ca51f003 (UART)

      VALUE       REP       CLASS    TYPE      SYMBOL NAME
      ====================================================
      ---         MODULE    ---      ---       UART
      0200017AH   PUBLIC    XDATA    ---       uart2_send
      02000166H   PUBLIC    XDATA    ---       uart2_tx_buf
      02000102H   PUBLIC    XDATA    ---       uart2_rx_buf
      00000021H.1 PUBLIC    BIT      BIT       uart2_tx_flag
      02000100H   PUBLIC    XDATA    ---       uart2_rev
      010006CEH   PUBLIC    CONST    ---       BR_SET_TAB
      010006AEH   PUBLIC    CONST    ---       BR_TAB
      00000022H   PUBLIC    DATA     BYTE      ?_uart_printf?BYTE
      010005E1H   PUBLIC    CODE     ---       _uart_printf
      01000666H   PUBLIC    CODE     ---       _UartPutStr
      010004FEH   PUBLIC    CODE     ---       UART2_ISR
      01000578H   PUBLIC    CODE     ---       _Uart2_PutChar
      01000451H   PUBLIC    CODE     ---       _Uart2_Initial
      00000080H   SFRSYM    DATA     BYTE      P0
      000000C0H   SFRSYM    DATA     BYTE      TKCON
      00000090H   SFRSYM    DATA     BYTE      P1
      000000C4H   SFRSYM    DATA     BYTE      TKCKS
      000000A0H   SFRSYM    DATA     BYTE      P2
      000000B0H   SFRSYM    DATA     BYTE      P3
      000000D0H.6 SFRSYM    DATA     BIT       AC
      000000A5H   SFRSYM    DATA     BYTE      SPCON
      000000A8H.7 SFRSYM    DATA     BIT       EA
      000000C8H   SFRSYM    DATA     BIT       T2P0
LX51 LINKER/LOCATER V4.66.41.0                                                        02/14/2022  15:16:21  PAGE 12


      000000C8H.1 SFRSYM    DATA     BIT       T2P1
      000000C8H.4 SFRSYM    DATA     BIT       T2R0
      000000DAH   SFRSYM    DATA     BYTE      PWMEN
      00000086H   SFRSYM    DATA     BYTE      PWCON
      000000C8H.5 SFRSYM    DATA     BIT       T2R1
      000000C5H   SFRSYM    DATA     BYTE      TKPWC
      000000A7H   SFRSYM    DATA     BYTE      SPSTA
      00000083H   SFRSYM    DATA     BYTE      DP0H
      000000A8H   SFRSYM    DATA     BYTE      IE
      00000085H   SFRSYM    DATA     BYTE      DP1H
      00000082H   SFRSYM    DATA     BYTE      DP0L
      000000CBH   SFRSYM    DATA     BYTE      T2CH
      000000B3H   SFRSYM    DATA     BYTE      I2CADM
      00000084H   SFRSYM    DATA     BYTE      DP1L
      000000C8H.3 SFRSYM    DATA     BIT       T2IE
      000000C2H   SFRSYM    DATA     BYTE      TKMTS
      000000CAH   SFRSYM    DATA     BYTE      T2CL
      000000B2H   SFRSYM    DATA     BYTE      I2CADR
      000000C7H   SFRSYM    DATA     BYTE      LEDWTMH
      000000B8H   SFRSYM    DATA     BYTE      IP
      000000B7H   SFRSYM    DATA     BYTE      I2CFLG
      000000B5H   SFRSYM    DATA     BYTE      I2CDAT
      000000D0H.7 SFRSYM    DATA     BIT       CY
      000000E3H   SFRSYM    DATA     BYTE      LEDAT0
      000000C6H   SFRSYM    DATA     BYTE      LEDWTML
      000000E4H   SFRSYM    DATA     BYTE      LEDAT1
      000000BBH   SFRSYM    DATA     BYTE      ADCFGH
      000000DCH   SFRSYM    DATA     BYTE      PWMCMAX
      000000B1H   SFRSYM    DATA     BYTE      I2CCON
      000000D1H   SFRSYM    DATA     BYTE      PWMDIVH
      000000BAH   SFRSYM    DATA     BYTE      ADCFGL
      00000081H   SFRSYM    DATA     BYTE      SP
      000000F9H   SFRSYM    DATA     BYTE      EPIE
      000000D0H.2 SFRSYM    DATA     BIT       OV
      000000FAH   SFRSYM    DATA     BYTE      EPIF
      000000DFH   SFRSYM    DATA     BYTE      PWMDIVL
      000000B6H   SFRSYM    DATA     BYTE      I2CSTA
      000000EFH   SFRSYM    DATA     BYTE      IDCODE
      000000E8H   SFRSYM    DATA     BYTE      EXIE
      000000D3H   SFRSYM    DATA     BYTE      PWMDUTH
      000000C3H   SFRSYM    DATA     BYTE      TKIF
      00000091H   SFRSYM    DATA     BYTE      TK0CHS
      0000008FH   SFRSYM    DATA     BYTE      IT0CON
      00000080H   SFRSYM    DATA     BIT       P00
      000000D2H   SFRSYM    DATA     BYTE      PWMDUTL
      00000092H   SFRSYM    DATA     BYTE      TK1CHS
      0000008EH   SFRSYM    DATA     BYTE      IT1CON
      00000090H   SFRSYM    DATA     BIT       P10
      00000080H.1 SFRSYM    DATA     BIT       P01
      0000009DH   SFRSYM    DATA     BYTE      S1RELH
      00000093H   SFRSYM    DATA     BYTE      TK2CHS
      00000087H   SFRSYM    DATA     BYTE      PCON
      000000A0H   SFRSYM    DATA     BIT       P20
      00000090H.1 SFRSYM    DATA     BIT       P11
      00000080H.2 SFRSYM    DATA     BIT       P02
      000000E8H   SFRSYM    DATA     BIT       INT2EN
      000000A4H   SFRSYM    DATA     BYTE      S2RELH
      00000094H   SFRSYM    DATA     BYTE      TK3CHS
      000000B0H   SFRSYM    DATA     BIT       P30
      000000A0H.1 SFRSYM    DATA     BIT       P21
      00000090H.2 SFRSYM    DATA     BIT       P12
      00000080H.3 SFRSYM    DATA     BIT       P03
      000000E8H.1 SFRSYM    DATA     BIT       INT3EN
      00000095H   SFRSYM    DATA     BYTE      TK4CHS
      000000B0H.1 SFRSYM    DATA     BIT       P31
LX51 LINKER/LOCATER V4.66.41.0                                                        02/14/2022  15:16:21  PAGE 13


      000000A0H.2 SFRSYM    DATA     BIT       P22
      00000090H.3 SFRSYM    DATA     BIT       P13
      00000080H.4 SFRSYM    DATA     BIT       P04
      000000E8H.2 SFRSYM    DATA     BIT       INT4EN
      00000096H   SFRSYM    DATA     BYTE      TK5CHS
      000000B0H.2 SFRSYM    DATA     BIT       P32
      000000A0H.3 SFRSYM    DATA     BIT       P23
      00000090H.4 SFRSYM    DATA     BIT       P14
      00000080H.5 SFRSYM    DATA     BIT       P05
      000000E8H.3 SFRSYM    DATA     BIT       INT5EN
      0000009CH   SFRSYM    DATA     BYTE      S1RELL
      00000089H   SFRSYM    DATA     BYTE      TMOD
      00000088H   SFRSYM    DATA     BYTE      TCON
      000000B0H.3 SFRSYM    DATA     BIT       P33
      000000A0H.4 SFRSYM    DATA     BIT       P24
      00000090H.5 SFRSYM    DATA     BIT       P15
      00000080H.6 SFRSYM    DATA     BIT       P06
      000000E8H.4 SFRSYM    DATA     BIT       INT6EN
      000000A3H   SFRSYM    DATA     BYTE      S2RELL
      000000B0H.4 SFRSYM    DATA     BIT       P34
      000000A0H.5 SFRSYM    DATA     BIT       P25
      00000090H.6 SFRSYM    DATA     BIT       P16
      00000080H.7 SFRSYM    DATA     BIT       P07
      000000E8H.5 SFRSYM    DATA     BIT       INT7EN
      000000C8H.2 SFRSYM    DATA     BIT       UCKS
      000000F8H   SFRSYM    DATA     BYTE      EXIP
      000000B0H.5 SFRSYM    DATA     BIT       P35
      000000A0H.6 SFRSYM    DATA     BIT       P26
      00000090H.7 SFRSYM    DATA     BIT       P17
      000000E8H.6 SFRSYM    DATA     BIT       INT8EN
      000000B0H.6 SFRSYM    DATA     BIT       P36
      000000A0H.7 SFRSYM    DATA     BIT       P27
      000000E8H.7 SFRSYM    DATA     BIT       INT9EN
      000000F2H   SFRSYM    DATA     BYTE      TK0MSH
      000000B0H.7 SFRSYM    DATA     BIT       P37
      000000F4H   SFRSYM    DATA     BYTE      TK1MSH
      000000F6H   SFRSYM    DATA     BYTE      TK2MSH
      000000EAH   SFRSYM    DATA     BYTE      TK3MSH
      000000F1H   SFRSYM    DATA     BYTE      TK0MSL
      000000ECH   SFRSYM    DATA     BYTE      TK4MSH
      00000088H.1 SFRSYM    DATA     BIT       IE0
      000000F3H   SFRSYM    DATA     BYTE      TK1MSL
      000000EEH   SFRSYM    DATA     BYTE      TK5MSH
      00000088H.3 SFRSYM    DATA     BIT       IE1
      000000F5H   SFRSYM    DATA     BYTE      TK2MSL
      000000E9H   SFRSYM    DATA     BYTE      TK3MSL
      000000F0H   SFRSYM    DATA     BYTE      B
      000000EBH   SFRSYM    DATA     BYTE      TK4MSL
      000000E7H   SFRSYM    DATA     BYTE      MDUDAT
      000000EDH   SFRSYM    DATA     BYTE      TK5MSL
      000000DEH   SFRSYM    DATA     BYTE      PWMCFG
      000000D4H   SFRSYM    DATA     BYTE      PWMAIF
      000000E0H   SFRSYM    DATA     BYTE      ACC
      000000D5H   SFRSYM    DATA     BYTE      PWMBIF
      000000A8H.4 SFRSYM    DATA     BIT       ES0
      000000E6H   SFRSYM    DATA     BYTE      MDUCON
      000000E2H   SFRSYM    DATA     BYTE      LEDUTH
      000000D7H   SFRSYM    DATA     BYTE      LVDCON
      000000D6H   SFRSYM    DATA     BYTE      PWMCIF
      000000A8H.1 SFRSYM    DATA     BIT       ET0
      000000A8H.6 SFRSYM    DATA     BIT       ES1
      000000A8H.3 SFRSYM    DATA     BIT       ET1
      00000088H.5 SFRSYM    DATA     BIT       TF0
      000000FDH   SFRSYM    DATA     BYTE      IDLSTH
      000000A8H.5 SFRSYM    DATA     BIT       ET2
LX51 LINKER/LOCATER V4.66.41.0                                                        02/14/2022  15:16:21  PAGE 14


      00000088H.7 SFRSYM    DATA     BIT       TF1
      000000C8H.7 SFRSYM    DATA     BIT       TF2
      000000E1H   SFRSYM    DATA     BYTE      LEDUTL
      0000008CH   SFRSYM    DATA     BYTE      TH0
      000000A8H   SFRSYM    DATA     BIT       EX0
      00000088H   SFRSYM    DATA     BIT       IT0
      0000008DH   SFRSYM    DATA     BYTE      TH1
      000000A8H.2 SFRSYM    DATA     BIT       EX1
      00000088H.2 SFRSYM    DATA     BIT       IT1
      000000FCH   SFRSYM    DATA     BYTE      IDLSTL
      000000CDH   SFRSYM    DATA     BYTE      TH2
      000000D0H   SFRSYM    DATA     BIT       P
      0000008AH   SFRSYM    DATA     BYTE      TL0
      0000008BH   SFRSYM    DATA     BYTE      TL1
      000000CCH   SFRSYM    DATA     BYTE      TL2
      000000B8H.4 SFRSYM    DATA     BIT       PS0
      000000B8H.1 SFRSYM    DATA     BIT       PT0
      000000B8H.6 SFRSYM    DATA     BIT       PS1
      000000B4H   SFRSYM    DATA     BYTE      I2CCR
      000000B8H.3 SFRSYM    DATA     BIT       PT1
      000000D0H.3 SFRSYM    DATA     BIT       RS0
      000000BDH   SFRSYM    DATA     BYTE      ADCDH
      000000B8H.5 SFRSYM    DATA     BIT       PT2
      00000088H.4 SFRSYM    DATA     BIT       TR0
      000000D0H.4 SFRSYM    DATA     BIT       RS1
      000000DDH   SFRSYM    DATA     BYTE      PWMCON
      00000088H.6 SFRSYM    DATA     BIT       TR1
      000000ADH   SFRSYM    DATA     BYTE      WDVTHH
      000000C8H.6 SFRSYM    DATA     BIT       TR2
      000000B8H   SFRSYM    DATA     BIT       PX0
      000000B8H.2 SFRSYM    DATA     BIT       PX1
      000000BCH   SFRSYM    DATA     BYTE      ADCDL
      000000ACH   SFRSYM    DATA     BYTE      WDVTHL
      000000DBH   SFRSYM    DATA     BYTE      PWMUPD
      000000D9H   SFRSYM    DATA     BYTE      PWM0NUMH
      0000009BH   SFRSYM    DATA     BYTE      S1BUF
      000000D8H   SFRSYM    DATA     BYTE      PWM0NUML
      000000A2H   SFRSYM    DATA     BYTE      S2BUF
      0000009AH   SFRSYM    DATA     BYTE      S1CON
      000000B9H   SFRSYM    DATA     BYTE      ADCON
      000000A1H   SFRSYM    DATA     BYTE      S2CON
      000000D0H.1 SFRSYM    DATA     BIT       DPS
      000000C9H   SFRSYM    DATA     BYTE      T2MOD
      000000C8H   SFRSYM    DATA     BYTE      T2CON
      000000FFH   SFRSYM    DATA     BYTE      STPSTH
      000000E5H   SFRSYM    DATA     BYTE      LEFLG
      000000FEH   SFRSYM    DATA     BYTE      STPSTL
      000000C1H   SFRSYM    DATA     BYTE      TKCFG
      000000D0H.5 SFRSYM    DATA     BIT       F0
      000000ABH   SFRSYM    DATA     BYTE      WDFLG
      000000FBH   SFRSYM    DATA     BYTE      EPCON
      000000F7H   SFRSYM    DATA     BYTE      INDEX
      000000D0H   SFRSYM    DATA     BYTE      PSW
      000000AAH   SFRSYM    DATA     BYTE      WDCON
      000000A6H   SFRSYM    DATA     BYTE      SPDAT

      01000451H   BLOCK     CODE     ---       LVL=0
      00000022H   SYMBOL    DATA     DWORD     baudrate
      01000459H   BLOCK     CODE     NEAR LAB  LVL=1
      00000026H   SYMBOL    DATA     WORD      value_temp
      00000028H   SYMBOL    DATA     WORD      i
      ---         BLOCKEND  ---      ---       LVL=1
      01000451H   LINE      CODE     ---       #145
      01000459H   LINE      CODE     ---       #146
      01000459H   LINE      CODE     ---       #149
LX51 LINKER/LOCATER V4.66.41.0                                                        02/14/2022  15:16:21  PAGE 15


      0100045EH   LINE      CODE     ---       #150
      01000460H   LINE      CODE     ---       #151
      01000464H   LINE      CODE     ---       #152
      01000466H   LINE      CODE     ---       #153
      01000468H   LINE      CODE     ---       #155
      0100046EH   LINE      CODE     ---       #156
      01000472H   LINE      CODE     ---       #160
      01000477H   LINE      CODE     ---       #161
      01000477H   LINE      CODE     ---       #162
      0100049EH   LINE      CODE     ---       #163
      0100049EH   LINE      CODE     ---       #164
      010004C6H   LINE      CODE     ---       #165
      010004D9H   LINE      CODE     ---       #166
      010004DBH   LINE      CODE     ---       #167
      010004DBH   LINE      CODE     ---       #168
      010004E9H   LINE      CODE     ---       #169
      010004F1H   LINE      CODE     ---       #172
      010004F5H   LINE      CODE     ---       #173
      010004F8H   LINE      CODE     ---       #175
      010004FBH   LINE      CODE     ---       #176
      010004FDH   LINE      CODE     ---       #177
      ---         BLOCKEND  ---      ---       LVL=0

      01000578H   BLOCK     CODE     ---       LVL=0
      00000007H   SYMBOL    DATA     BYTE      bdat
      01000578H   BLOCK     CODE     NEAR LAB  LVL=1
      00000006H   SYMBOL    DATA     BYTE      free_space
      00000005H   SYMBOL    DATA     BYTE      tail_tmp
      ---         BLOCKEND  ---      ---       LVL=1
      01000578H   LINE      CODE     ---       #178
      01000578H   LINE      CODE     ---       #179
      01000578H   LINE      CODE     ---       #182
      01000578H   LINE      CODE     ---       #183
      01000578H   LINE      CODE     ---       #184
      0100057DH   LINE      CODE     ---       #185
      01000586H   LINE      CODE     ---       #186
      01000586H   LINE      CODE     ---       #187
      0100058AH   LINE      CODE     ---       #188
      0100058CH   LINE      CODE     ---       #190
      0100058CH   LINE      CODE     ---       #191
      01000599H   LINE      CODE     ---       #192
      01000599H   LINE      CODE     ---       #193
      0100059FH   LINE      CODE     ---       #194
      0100059FH   LINE      CODE     ---       #195
      010005A1H   LINE      CODE     ---       #196
      010005A7H   LINE      CODE     ---       #197
      010005AFH   LINE      CODE     ---       #198
      010005BBH   LINE      CODE     ---       #199
      010005BEH   LINE      CODE     ---       #200
      010005BEH   LINE      CODE     ---       #201
      010005C0H   LINE      CODE     ---       #202
      010005C6H   LINE      CODE     ---       #203
      010005CEH   LINE      CODE     ---       #204
      010005DBH   LINE      CODE     ---       #205
      010005DDH   LINE      CODE     ---       #206
      010005DEH   LINE      CODE     ---       #208
      010005DEH   LINE      CODE     ---       #209
      010005E0H   LINE      CODE     ---       #210
      010005E0H   LINE      CODE     ---       #211
      010005E0H   LINE      CODE     ---       #212
      010005E0H   LINE      CODE     ---       #213
      010005E0H   LINE      CODE     ---       #214
      ---         BLOCKEND  ---      ---       LVL=0

      010004FEH   BLOCK     CODE     ---       LVL=0
LX51 LINKER/LOCATER V4.66.41.0                                                        02/14/2022  15:16:21  PAGE 16


      010004FEH   LINE      CODE     ---       #215
      0100050DH   LINE      CODE     ---       #217
      01000512H   LINE      CODE     ---       #218
      01000512H   LINE      CODE     ---       #219
      0100051AH   LINE      CODE     ---       #220
      01000520H   LINE      CODE     ---       #221
      01000528H   LINE      CODE     ---       #222
      01000535H   LINE      CODE     ---       #223
      01000535H   LINE      CODE     ---       #224
      0100053AH   LINE      CODE     ---       #225
      0100053AH   LINE      CODE     ---       #226
      01000542H   LINE      CODE     ---       #227
      0100054EH   LINE      CODE     ---       #228
      0100054EH   LINE      CODE     ---       #229
      01000552H   LINE      CODE     ---       #230
      0100055AH   LINE      CODE     ---       #231
      01000567H   LINE      CODE     ---       #232
      01000569H   LINE      CODE     ---       #234
      01000569H   LINE      CODE     ---       #235
      0100056BH   LINE      CODE     ---       #236
      0100056BH   LINE      CODE     ---       #237
      0100056BH   LINE      CODE     ---       #238
      ---         BLOCKEND  ---      ---       LVL=0

      01000666H   BLOCK     CODE     ---       LVL=0
      00000037H   SYMBOL    DATA     ---       str
      01000666H   LINE      CODE     ---       #247
      0100066CH   LINE      CODE     ---       #248
      0100066CH   LINE      CODE     ---       #249
      01000677H   LINE      CODE     ---       #250
      01000677H   LINE      CODE     ---       #251
      01000688H   LINE      CODE     ---       #252
      0100068AH   LINE      CODE     ---       #253
      ---         BLOCKEND  ---      ---       LVL=0

      010005E1H   BLOCK     CODE     ---       LVL=0
      00000022H   SYMBOL    DATA     ---       fmt
      010005E7H   BLOCK     CODE     NEAR LAB  LVL=1
      00000025H   SYMBOL    DATA     ---       ellipsis_15
      00000034H   SYMBOL    DATA     ---       ap
      02000000H   SYMBOL    XDATA    ---       string
      ---         BLOCKEND  ---      ---       LVL=1
      010005E1H   LINE      CODE     ---       #254
      010005E7H   LINE      CODE     ---       #255
      010005E7H   LINE      CODE     ---       #258
      010005F0H   LINE      CODE     ---       #259
      01000608H   LINE      CODE     ---       #260
      ---         BLOCKEND  ---      ---       LVL=0

      ---         MODULE    ---      ---       MAIN
      02008007H   PUBLIC    XDATA    BYTE      P07F
      0200800EH   PUBLIC    XDATA    BYTE      P16F
      020080C0H   PUBLIC    XDATA    BYTE      BZCON
      020080ECH   PUBLIC    XDATA    BYTE      DC1OVRL
      02008006H   PUBLIC    XDATA    BYTE      P06F
      0200800DH   PUBLIC    XDATA    BYTE      P15F
      020080F8H   PUBLIC    XDATA    BYTE      TSCMD
      02008005H   PUBLIC    XDATA    BYTE      P05F
      0200800CH   PUBLIC    XDATA    BYTE      P14F
      02008090H   PUBLIC    XDATA    BYTE      PFGCFGL
      0200809DH   PUBLIC    XDATA    BYTE      PWMBD
      0200812FH   PUBLIC    XDATA    BYTE      P17C
      02008004H   PUBLIC    XDATA    BYTE      P04F
      0200800BH   PUBLIC    XDATA    BYTE      P13F
      02008127H   PUBLIC    XDATA    BYTE      P07C
LX51 LINKER/LOCATER V4.66.41.0                                                        02/14/2022  15:16:21  PAGE 17


      0200812EH   PUBLIC    XDATA    BYTE      P16C
      02008003H   PUBLIC    XDATA    BYTE      P03F
      0200800AH   PUBLIC    XDATA    BYTE      P12F
      02008018H   PUBLIC    XDATA    BYTE      P30F
      020080A1H   PUBLIC    XDATA    BYTE      T2CPCHS
      020080EBH   PUBLIC    XDATA    BYTE      DC1OVRH
      02008126H   PUBLIC    XDATA    BYTE      P06C
      0200812DH   PUBLIC    XDATA    BYTE      P15C
      02008002H   PUBLIC    XDATA    BYTE      P02F
      02008009H   PUBLIC    XDATA    BYTE      P11F
      02008010H   PUBLIC    XDATA    BYTE      P20F
      02008125H   PUBLIC    XDATA    BYTE      P05C
      0200812CH   PUBLIC    XDATA    BYTE      P14C
      02008001H   PUBLIC    XDATA    BYTE      P01F
      02008008H   PUBLIC    XDATA    BYTE      P10F
      02008091H   PUBLIC    XDATA    BYTE      PFGCFGH
      02008124H   PUBLIC    XDATA    BYTE      P04C
      0200812BH   PUBLIC    XDATA    BYTE      P13C
      02008000H   PUBLIC    XDATA    BYTE      P00F
      02008019H   PUBLIC    XDATA    BYTE      RCCON
      02008123H   PUBLIC    XDATA    BYTE      P03C
      0200812AH   PUBLIC    XDATA    BYTE      P12C
      02008138H   PUBLIC    XDATA    BYTE      P30C
      0200801BH   PUBLIC    XDATA    BYTE      VCKDL
      02008122H   PUBLIC    XDATA    BYTE      P02C
      02008129H   PUBLIC    XDATA    BYTE      P11C
      02008130H   PUBLIC    XDATA    BYTE      P20C
      0200FC0FH   PUBLIC    XDATA    BYTE      PADRM
      02008121H   PUBLIC    XDATA    BYTE      P01C
      02008128H   PUBLIC    XDATA    BYTE      P10C
      02008081H   PUBLIC    XDATA    BYTE      CKSEL
      02008120H   PUBLIC    XDATA    BYTE      P00C
      0200FC00H   PUBLIC    XDATA    BYTE      MECON
      0200FC02H   PUBLIC    XDATA    BYTE      FSDAT
      02008082H   PUBLIC    XDATA    BYTE      CKDIV
      0200801CH   PUBLIC    XDATA    BYTE      VCKDH
      02008080H   PUBLIC    XDATA    BYTE      CKCON
      020080B3H   PUBLIC    XDATA    BYTE      SWIOVT
      0200FC01H   PUBLIC    XDATA    BYTE      FSCMD
      0200FC04H   PUBLIC    XDATA    BYTE      PADRD
      0200808FH   PUBLIC    XDATA    BYTE      ADOPC
      02008092H   PUBLIC    XDATA    BYTE      PFGTRIML
      020080A3H   PUBLIC    XDATA    BYTE      T2CPL
      02008093H   PUBLIC    XDATA    BYTE      PFGTRIMH
      020080DDH   PUBLIC    XDATA    BYTE      DCFCR
      020080EAH   PUBLIC    XDATA    BYTE      DC1BIT1LL
      020080A4H   PUBLIC    XDATA    BYTE      T2CPH
      020080E6H   PUBLIC    XDATA    BYTE      DC1BIT0LL
      020080A2H   PUBLIC    XDATA    BYTE      T2CPF
      020080E8H   PUBLIC    XDATA    BYTE      DC1BIT1HL
      020080E9H   PUBLIC    XDATA    BYTE      DC1BIT1LH
      020080E4H   PUBLIC    XDATA    BYTE      DC1BIT0HL
      020080E5H   PUBLIC    XDATA    BYTE      DC1BIT0LH
      020080B2H   PUBLIC    XDATA    BYTE      SWISTA
      020080E7H   PUBLIC    XDATA    BYTE      DC1BIT1HH
      02008094H   PUBLIC    XDATA    BYTE      ACPBC
      020080E3H   PUBLIC    XDATA    BYTE      DC1BIT0HH
      020080BAH   PUBLIC    XDATA    BYTE      AMPOUT
      020080C3H   PUBLIC    XDATA    BYTE      BZDUTL
      020080B0H   PUBLIC    XDATA    BYTE      SWICON
      0200FC07H   PUBLIC    XDATA    BYTE      REPSET
      020080C4H   PUBLIC    XDATA    BYTE      BZDUTH
      0200809BH   PUBLIC    XDATA    BYTE      PWMFBS
      020080E1H   PUBLIC    XDATA    BYTE      DC1DS
      02008011H   PUBLIC    XDATA    BYTE      RCMSLL
LX51 LINKER/LOCATER V4.66.41.0                                                        02/14/2022  15:16:21  PAGE 18


      02008086H   PUBLIC    XDATA    BYTE      XHISEL
      0200809CH   PUBLIC    XDATA    BYTE      PWMSBC
      020080B1H   PUBLIC    XDATA    BYTE      SWIDAT
      020080E0H   PUBLIC    XDATA    BYTE      DC1CR
      020080C1H   PUBLIC    XDATA    BYTE      BZDIVL
      020080DCH   PUBLIC    XDATA    BYTE      DCOVRL
      02008012H   PUBLIC    XDATA    BYTE      RCMSLH
      02008013H   PUBLIC    XDATA    BYTE      RCMSHL
      020080C2H   PUBLIC    XDATA    BYTE      BZDIVH
      020080DBH   PUBLIC    XDATA    BYTE      DCOVRH
      02008014H   PUBLIC    XDATA    BYTE      RCMSHH
      0200FC05H   PUBLIC    XDATA    BYTE      PTSL
      020080B9H   PUBLIC    XDATA    BYTE      AMPAOS
      0200809AH   PUBLIC    XDATA    BYTE      PWMFBC
      020080B8H   PUBLIC    XDATA    BYTE      AMPCON
      0200FC06H   PUBLIC    XDATA    BYTE      PTSH
      02008015H   PUBLIC    XDATA    BYTE      RCTAGL
      020080E2H   PUBLIC    XDATA    BYTE      DC1DB
      020080A0H   PUBLIC    XDATA    BYTE      T2CPPS
      0200801DH   PUBLIC    XDATA    BYTE      STEP
      02008016H   PUBLIC    XDATA    BYTE      RCTAGH
      0200801AH   PUBLIC    XDATA    BYTE      HVTH
      02008085H   PUBLIC    XDATA    BYTE      ILCFGL
      0200808AH   PUBLIC    XDATA    BYTE      ACPDLL
      020080DAH   PUBLIC    XDATA    BYTE      DCBIT1LL
      020080D6H   PUBLIC    XDATA    BYTE      DCBIT0LL
      0200801EH   PUBLIC    XDATA    BYTE      STEPNUM
      02008083H   PUBLIC    XDATA    BYTE      IHCFGL
      0200808BH   PUBLIC    XDATA    BYTE      ACPDLH
      0200808CH   PUBLIC    XDATA    BYTE      ACPDHL
      020080D8H   PUBLIC    XDATA    BYTE      DCBIT1HL
      020080D9H   PUBLIC    XDATA    BYTE      DCBIT1LH
      02008119H   PUBLIC    XDATA    BYTE      UDCKS2
      020080D4H   PUBLIC    XDATA    BYTE      DCBIT0HL
      020080D5H   PUBLIC    XDATA    BYTE      DCBIT0LH
      02008118H   PUBLIC    XDATA    BYTE      UDCKS1
      02008084H   PUBLIC    XDATA    BYTE      IHCFGH
      02008101H   PUBLIC    XDATA    BYTE      I2CIOS
      0200808DH   PUBLIC    XDATA    BYTE      ACPDHH
      020080D7H   PUBLIC    XDATA    BYTE      DCBIT1HH
      0200FC03H   PUBLIC    XDATA    BYTE      LOCK
      020080D3H   PUBLIC    XDATA    BYTE      DCBIT0HH
      02008088H   PUBLIC    XDATA    BYTE      ADCALL
      0200808EH   PUBLIC    XDATA    BYTE      ADPWMST
      02008089H   PUBLIC    XDATA    BYTE      ADCALH
      020080D1H   PUBLIC    XDATA    BYTE      DCDS
      020080D0H   PUBLIC    XDATA    BYTE      DCCR
      02008098H   PUBLIC    XDATA    BYTE      PWMPS
      020080A9H   PUBLIC    XDATA    BYTE      TMSNU
      020080FAH   PUBLIC    XDATA    BYTE      TSSWC
      020080EDH   PUBLIC    XDATA    BYTE      DC1FCR
      02008099H   PUBLIC    XDATA    BYTE      PWMHS
      020080F9H   PUBLIC    XDATA    BYTE      TSSTA
      020080D2H   PUBLIC    XDATA    BYTE      DCDB
      0200FC0DH   PUBLIC    XDATA    BYTE      MEMPTEC
      02008100H   PUBLIC    XDATA    BYTE      SPMAX
      0200811FH   PUBLIC    XDATA    BYTE      TPCTL
      020080FBH   PUBLIC    XDATA    BYTE      STPCL
      020080FCH   PUBLIC    XDATA    BYTE      STPCH
      020080A8H   PUBLIC    XDATA    BYTE      TMCON
      0200800FH   PUBLIC    XDATA    BYTE      P17F
      0200811EH   PUBLIC    XDATA    BYTE      FTCTL
      0100068BH   PUBLIC    CODE     ---       main
      00000080H   SFRSYM    DATA     BYTE      P0
      000000C0H   SFRSYM    DATA     BYTE      TKCON
LX51 LINKER/LOCATER V4.66.41.0                                                        02/14/2022  15:16:21  PAGE 19


      00000090H   SFRSYM    DATA     BYTE      P1
      000000C4H   SFRSYM    DATA     BYTE      TKCKS
      000000A0H   SFRSYM    DATA     BYTE      P2
      000000B0H   SFRSYM    DATA     BYTE      P3
      000000D0H.6 SFRSYM    DATA     BIT       AC
      000000A5H   SFRSYM    DATA     BYTE      SPCON
      000000A8H.7 SFRSYM    DATA     BIT       EA
      000000C8H   SFRSYM    DATA     BIT       T2P0
      000000C8H.1 SFRSYM    DATA     BIT       T2P1
      000000C8H.4 SFRSYM    DATA     BIT       T2R0
      000000DAH   SFRSYM    DATA     BYTE      PWMEN
      00000086H   SFRSYM    DATA     BYTE      PWCON
      000000C8H.5 SFRSYM    DATA     BIT       T2R1
      000000C5H   SFRSYM    DATA     BYTE      TKPWC
      000000A7H   SFRSYM    DATA     BYTE      SPSTA
      00000083H   SFRSYM    DATA     BYTE      DP0H
      000000A8H   SFRSYM    DATA     BYTE      IE
      00000085H   SFRSYM    DATA     BYTE      DP1H
      00000082H   SFRSYM    DATA     BYTE      DP0L
      000000CBH   SFRSYM    DATA     BYTE      T2CH
      000000B3H   SFRSYM    DATA     BYTE      I2CADM
      00000084H   SFRSYM    DATA     BYTE      DP1L
      000000C8H.3 SFRSYM    DATA     BIT       T2IE
      000000C2H   SFRSYM    DATA     BYTE      TKMTS
      000000CAH   SFRSYM    DATA     BYTE      T2CL
      000000B2H   SFRSYM    DATA     BYTE      I2CADR
      000000C7H   SFRSYM    DATA     BYTE      LEDWTMH
      000000B8H   SFRSYM    DATA     BYTE      IP
      000000B7H   SFRSYM    DATA     BYTE      I2CFLG
      000000B5H   SFRSYM    DATA     BYTE      I2CDAT
      000000D0H.7 SFRSYM    DATA     BIT       CY
      000000E3H   SFRSYM    DATA     BYTE      LEDAT0
      000000C6H   SFRSYM    DATA     BYTE      LEDWTML
      000000E4H   SFRSYM    DATA     BYTE      LEDAT1
      000000BBH   SFRSYM    DATA     BYTE      ADCFGH
      000000DCH   SFRSYM    DATA     BYTE      PWMCMAX
      000000B1H   SFRSYM    DATA     BYTE      I2CCON
      000000D1H   SFRSYM    DATA     BYTE      PWMDIVH
      000000BAH   SFRSYM    DATA     BYTE      ADCFGL
      00000081H   SFRSYM    DATA     BYTE      SP
      000000F9H   SFRSYM    DATA     BYTE      EPIE
      000000D0H.2 SFRSYM    DATA     BIT       OV
      000000FAH   SFRSYM    DATA     BYTE      EPIF
      000000DFH   SFRSYM    DATA     BYTE      PWMDIVL
      000000B6H   SFRSYM    DATA     BYTE      I2CSTA
      000000EFH   SFRSYM    DATA     BYTE      IDCODE
      000000E8H   SFRSYM    DATA     BYTE      EXIE
      000000D3H   SFRSYM    DATA     BYTE      PWMDUTH
      000000C3H   SFRSYM    DATA     BYTE      TKIF
      00000091H   SFRSYM    DATA     BYTE      TK0CHS
      0000008FH   SFRSYM    DATA     BYTE      IT0CON
      00000080H   SFRSYM    DATA     BIT       P00
      000000D2H   SFRSYM    DATA     BYTE      PWMDUTL
      00000092H   SFRSYM    DATA     BYTE      TK1CHS
      0000008EH   SFRSYM    DATA     BYTE      IT1CON
      00000090H   SFRSYM    DATA     BIT       P10
      00000080H.1 SFRSYM    DATA     BIT       P01
      0000009DH   SFRSYM    DATA     BYTE      S1RELH
      00000093H   SFRSYM    DATA     BYTE      TK2CHS
      00000087H   SFRSYM    DATA     BYTE      PCON
      000000A0H   SFRSYM    DATA     BIT       P20
      00000090H.1 SFRSYM    DATA     BIT       P11
      00000080H.2 SFRSYM    DATA     BIT       P02
      000000E8H   SFRSYM    DATA     BIT       INT2EN
      000000A4H   SFRSYM    DATA     BYTE      S2RELH
LX51 LINKER/LOCATER V4.66.41.0                                                        02/14/2022  15:16:21  PAGE 20


      00000094H   SFRSYM    DATA     BYTE      TK3CHS
      000000B0H   SFRSYM    DATA     BIT       P30
      000000A0H.1 SFRSYM    DATA     BIT       P21
      00000090H.2 SFRSYM    DATA     BIT       P12
      00000080H.3 SFRSYM    DATA     BIT       P03
      000000E8H.1 SFRSYM    DATA     BIT       INT3EN
      00000095H   SFRSYM    DATA     BYTE      TK4CHS
      000000B0H.1 SFRSYM    DATA     BIT       P31
      000000A0H.2 SFRSYM    DATA     BIT       P22
      00000090H.3 SFRSYM    DATA     BIT       P13
      00000080H.4 SFRSYM    DATA     BIT       P04
      000000E8H.2 SFRSYM    DATA     BIT       INT4EN
      00000096H   SFRSYM    DATA     BYTE      TK5CHS
      000000B0H.2 SFRSYM    DATA     BIT       P32
      000000A0H.3 SFRSYM    DATA     BIT       P23
      00000090H.4 SFRSYM    DATA     BIT       P14
      00000080H.5 SFRSYM    DATA     BIT       P05
      000000E8H.3 SFRSYM    DATA     BIT       INT5EN
      0000009CH   SFRSYM    DATA     BYTE      S1RELL
      00000089H   SFRSYM    DATA     BYTE      TMOD
      00000088H   SFRSYM    DATA     BYTE      TCON
      000000B0H.3 SFRSYM    DATA     BIT       P33
      000000A0H.4 SFRSYM    DATA     BIT       P24
      00000090H.5 SFRSYM    DATA     BIT       P15
      00000080H.6 SFRSYM    DATA     BIT       P06
      000000E8H.4 SFRSYM    DATA     BIT       INT6EN
      000000A3H   SFRSYM    DATA     BYTE      S2RELL
      000000B0H.4 SFRSYM    DATA     BIT       P34
      000000A0H.5 SFRSYM    DATA     BIT       P25
      00000090H.6 SFRSYM    DATA     BIT       P16
      00000080H.7 SFRSYM    DATA     BIT       P07
      000000E8H.5 SFRSYM    DATA     BIT       INT7EN
      000000C8H.2 SFRSYM    DATA     BIT       UCKS
      000000F8H   SFRSYM    DATA     BYTE      EXIP
      000000B0H.5 SFRSYM    DATA     BIT       P35
      000000A0H.6 SFRSYM    DATA     BIT       P26
      00000090H.7 SFRSYM    DATA     BIT       P17
      000000E8H.6 SFRSYM    DATA     BIT       INT8EN
      000000B0H.6 SFRSYM    DATA     BIT       P36
      000000A0H.7 SFRSYM    DATA     BIT       P27
      000000E8H.7 SFRSYM    DATA     BIT       INT9EN
      000000F2H   SFRSYM    DATA     BYTE      TK0MSH
      000000B0H.7 SFRSYM    DATA     BIT       P37
      000000F4H   SFRSYM    DATA     BYTE      TK1MSH
      000000F6H   SFRSYM    DATA     BYTE      TK2MSH
      000000EAH   SFRSYM    DATA     BYTE      TK3MSH
      000000F1H   SFRSYM    DATA     BYTE      TK0MSL
      000000ECH   SFRSYM    DATA     BYTE      TK4MSH
      00000088H.1 SFRSYM    DATA     BIT       IE0
      000000F3H   SFRSYM    DATA     BYTE      TK1MSL
      000000EEH   SFRSYM    DATA     BYTE      TK5MSH
      00000088H.3 SFRSYM    DATA     BIT       IE1
      000000F5H   SFRSYM    DATA     BYTE      TK2MSL
      000000E9H   SFRSYM    DATA     BYTE      TK3MSL
      000000F0H   SFRSYM    DATA     BYTE      B
      000000EBH   SFRSYM    DATA     BYTE      TK4MSL
      000000E7H   SFRSYM    DATA     BYTE      MDUDAT
      000000EDH   SFRSYM    DATA     BYTE      TK5MSL
      000000DEH   SFRSYM    DATA     BYTE      PWMCFG
      000000D4H   SFRSYM    DATA     BYTE      PWMAIF
      000000E0H   SFRSYM    DATA     BYTE      ACC
      000000D5H   SFRSYM    DATA     BYTE      PWMBIF
      000000A8H.4 SFRSYM    DATA     BIT       ES0
      000000E6H   SFRSYM    DATA     BYTE      MDUCON
      000000E2H   SFRSYM    DATA     BYTE      LEDUTH
LX51 LINKER/LOCATER V4.66.41.0                                                        02/14/2022  15:16:21  PAGE 21


      000000D7H   SFRSYM    DATA     BYTE      LVDCON
      000000D6H   SFRSYM    DATA     BYTE      PWMCIF
      000000A8H.1 SFRSYM    DATA     BIT       ET0
      000000A8H.6 SFRSYM    DATA     BIT       ES1
      000000A8H.3 SFRSYM    DATA     BIT       ET1
      00000088H.5 SFRSYM    DATA     BIT       TF0
      000000FDH   SFRSYM    DATA     BYTE      IDLSTH
      000000A8H.5 SFRSYM    DATA     BIT       ET2
      00000088H.7 SFRSYM    DATA     BIT       TF1
      000000C8H.7 SFRSYM    DATA     BIT       TF2
      000000E1H   SFRSYM    DATA     BYTE      LEDUTL
      0000008CH   SFRSYM    DATA     BYTE      TH0
      000000A8H   SFRSYM    DATA     BIT       EX0
      00000088H   SFRSYM    DATA     BIT       IT0
      0000008DH   SFRSYM    DATA     BYTE      TH1
      000000A8H.2 SFRSYM    DATA     BIT       EX1
      00000088H.2 SFRSYM    DATA     BIT       IT1
      000000FCH   SFRSYM    DATA     BYTE      IDLSTL
      000000CDH   SFRSYM    DATA     BYTE      TH2
      000000D0H   SFRSYM    DATA     BIT       P
      0000008AH   SFRSYM    DATA     BYTE      TL0
      0000008BH   SFRSYM    DATA     BYTE      TL1
      000000CCH   SFRSYM    DATA     BYTE      TL2
      000000B8H.4 SFRSYM    DATA     BIT       PS0
      000000B8H.1 SFRSYM    DATA     BIT       PT0
      000000B8H.6 SFRSYM    DATA     BIT       PS1
      000000B4H   SFRSYM    DATA     BYTE      I2CCR
      000000B8H.3 SFRSYM    DATA     BIT       PT1
      000000D0H.3 SFRSYM    DATA     BIT       RS0
      000000BDH   SFRSYM    DATA     BYTE      ADCDH
      000000B8H.5 SFRSYM    DATA     BIT       PT2
      00000088H.4 SFRSYM    DATA     BIT       TR0
      000000D0H.4 SFRSYM    DATA     BIT       RS1
      000000DDH   SFRSYM    DATA     BYTE      PWMCON
      00000088H.6 SFRSYM    DATA     BIT       TR1
      000000ADH   SFRSYM    DATA     BYTE      WDVTHH
      000000C8H.6 SFRSYM    DATA     BIT       TR2
      000000B8H   SFRSYM    DATA     BIT       PX0
      000000B8H.2 SFRSYM    DATA     BIT       PX1
      000000BCH   SFRSYM    DATA     BYTE      ADCDL
      000000ACH   SFRSYM    DATA     BYTE      WDVTHL
      000000DBH   SFRSYM    DATA     BYTE      PWMUPD
      000000D9H   SFRSYM    DATA     BYTE      PWM0NUMH
      0000009BH   SFRSYM    DATA     BYTE      S1BUF
      000000D8H   SFRSYM    DATA     BYTE      PWM0NUML
      000000A2H   SFRSYM    DATA     BYTE      S2BUF
      0000009AH   SFRSYM    DATA     BYTE      S1CON
      000000B9H   SFRSYM    DATA     BYTE      ADCON
      000000A1H   SFRSYM    DATA     BYTE      S2CON
      000000D0H.1 SFRSYM    DATA     BIT       DPS
      000000C9H   SFRSYM    DATA     BYTE      T2MOD
      000000C8H   SFRSYM    DATA     BYTE      T2CON
      000000FFH   SFRSYM    DATA     BYTE      STPSTH
      000000E5H   SFRSYM    DATA     BYTE      LEFLG
      000000FEH   SFRSYM    DATA     BYTE      STPSTL
      000000C1H   SFRSYM    DATA     BYTE      TKCFG
      000000D0H.5 SFRSYM    DATA     BIT       F0
      000000ABH   SFRSYM    DATA     BYTE      WDFLG
      000000FBH   SFRSYM    DATA     BYTE      EPCON
      000000F7H   SFRSYM    DATA     BYTE      INDEX
      000000D0H   SFRSYM    DATA     BYTE      PSW
      000000AAH   SFRSYM    DATA     BYTE      WDCON
      000000A6H   SFRSYM    DATA     BYTE      SPDAT

      0100068BH   BLOCK     CODE     ---       LVL=0
LX51 LINKER/LOCATER V4.66.41.0                                                        02/14/2022  15:16:21  PAGE 22


      0100068BH   LINE      CODE     ---       #17
      0100068BH   LINE      CODE     ---       #18
      0100068BH   LINE      CODE     ---       #20
      0100068EH   LINE      CODE     ---       #28
      01000699H   LINE      CODE     ---       #31
      0100069BH   LINE      CODE     ---       #34
      010006A4H   LINE      CODE     ---       #39
      010006AAH   LINE      CODE     ---       #40
      010006AAH   LINE      CODE     ---       #41
      010006AAH   LINE      CODE     ---       #42
      010006ACH   LINE      CODE     ---       #43
      ---         BLOCKEND  ---      ---       LVL=0

      ---         MODULE    ---      ---       DELAY
      00000006H   SYMBOL    DATA     WORD      n
      00000005H   SYMBOL    DATA     BYTE      i
      00000082H   SYMBOL    DATA     WORD      n

      ---         MODULE    ---      ---       ?C_STARTUP
      01000000H   PUBLIC    CODE     ---       ?C_STARTUP
      000000E0H   SYMBOL    DATA     ---       ACC
      000000F0H   SYMBOL    DATA     ---       B
      00000083H   SYMBOL    DATA     ---       DPH
      00000082H   SYMBOL    DATA     ---       DPL
      00000000H   SYMBOL    NUMBER   ---       IBPSTACK
      00000100H   SYMBOL    NUMBER   ---       IBPSTACKTOP
      00000080H   SYMBOL    NUMBER   ---       IDATALEN
      01000037H   SYMBOL    CODE     ---       IDATALOOP
      00000000H   SYMBOL    NUMBER   ---       PBPSTACK
      00000100H   SYMBOL    NUMBER   ---       PBPSTACKTOP
      00000000H   SYMBOL    NUMBER   ---       PDATALEN
      00000000H   SYMBOL    NUMBER   ---       PDATASTART
      00000000H   SYMBOL    NUMBER   ---       PPAGE
      00000000H   SYMBOL    NUMBER   ---       PPAGEENABLE
      000000A0H   SYMBOL    DATA     ---       PPAGE_SFR
      00000081H   SYMBOL    DATA     ---       SP
      01000034H   SYMBOL    CODE     ---       STARTUP1
      00000000H   SYMBOL    NUMBER   ---       XBPSTACK
      00000000H   SYMBOL    NUMBER   ---       XBPSTACKTOP
      00000000H   SYMBOL    NUMBER   ---       XDATALEN
      00000000H   SYMBOL    NUMBER   ---       XDATASTART
      01000000H   LINE      CODE     ---       #126
      01000034H   LINE      CODE     ---       #133
      01000036H   LINE      CODE     ---       #134
      01000037H   LINE      CODE     ---       #135
      01000038H   LINE      CODE     ---       #136
      0100003AH   LINE      CODE     ---       #185
      0100003DH   LINE      CODE     ---       #196

      ---         MODULE    ---      ---       ?C?CLDPTR
      010003A2H   PUBLIC    CODE     ---       ?C?CLDPTR

      ---         MODULE    ---      ---       ?C?ULCMP
      010003BBH   PUBLIC    CODE     ---       ?C?ULCMP

      ---         MODULE    ---      ---       ?C?LLDCODE
      010003CCH   PUBLIC    CODE     ---       ?C?LLDCODE

      ---         MODULE    ---      ---       VSPRINTF
      00010034H   PUBLIC    DATA     ---       ?_VSPRINTF?BYTE
      01000611H   PUBLIC    CODE     ---       _VSPRINTF

      ---         MODULE    ---      ---       PRINTF
      0000003DH   PUBLIC    DATA     ---       ?_PRINTF517?BYTE
      0000003DH   PUBLIC    DATA     ---       ?_PRINTF?BYTE
LX51 LINKER/LOCATER V4.66.41.0                                                        02/14/2022  15:16:21  PAGE 23


      0000003DH   PUBLIC    DATA     ---       ?_SPRINTF517?BYTE
      0000003DH   PUBLIC    DATA     ---       ?_SPRINTF?BYTE
      010000A8H   PUBLIC    CODE     ---       _PRINTF
      010000A8H   PUBLIC    CODE     ---       _PRINTF517
      010000A2H   PUBLIC    CODE     ---       _SPRINTF
      010000A2H   PUBLIC    CODE     ---       _SPRINTF517

      ---         MODULE    ---      ---       ?C?CLDOPTR
      010003DCH   PUBLIC    CODE     ---       ?C?CLDOPTR

      ---         MODULE    ---      ---       ?C?CSTPTR
      01000409H   PUBLIC    CODE     ---       ?C?CSTPTR

      ---         MODULE    ---      ---       ?C?PLDIIDATA
      0100041BH   PUBLIC    CODE     ---       ?C?PLDIIDATA

      ---         MODULE    ---      ---       ?C?CCASE
      0100042BH   PUBLIC    CODE     ---       ?C?CCASE

      ---         MODULE    ---      ---       PUTCHAR
      0100063FH   PUBLIC    CODE     ---       _PUTCHAR

Program Size: data=57.2 xdata=522 const=64 code=1707
LX51 RUN COMPLETE.  0 WARNING(S),  0 ERROR(S)
