Component: ARM Compiler 5.06 update 7 (build 960) Tool: armlink [4d3601]

==============================================================================

Section Cross References

    startup_stm32g030xx.o(RESET) refers to startup_stm32g030xx.o(STACK) for __initial_sp
    startup_stm32g030xx.o(RESET) refers to startup_stm32g030xx.o(.text) for Reset_Handler
    startup_stm32g030xx.o(RESET) refers to stm32g0xx_it.o(i.NMI_Handler) for NMI_Handler
    startup_stm32g030xx.o(RESET) refers to stm32g0xx_it.o(i.HardFault_Handler) for HardFault_Handler
    startup_stm32g030xx.o(RESET) refers to port.o(i.SVC_Handler) for SVC_Handler
    startup_stm32g030xx.o(RESET) refers to port.o(.emb_text) for PendSV_Handler
    startup_stm32g030xx.o(RESET) refers to port.o(i.SysTick_Handler) for SysTick_Handler
    startup_stm32g030xx.o(RESET) refers to stm32g0xx_it.o(i.EXTI4_15_IRQHandler) for EXTI4_15_IRQHandler
    startup_stm32g030xx.o(RESET) refers to stm32g0xx_it.o(i.DMA1_Channel1_IRQHandler) for DMA1_Channel1_IRQHandler
    startup_stm32g030xx.o(RESET) refers to stm32g0xx_it.o(i.DMA1_Channel2_3_IRQHandler) for DMA1_Channel2_3_IRQHandler
    startup_stm32g030xx.o(RESET) refers to stm32g0xx_it.o(i.DMA1_Ch4_5_DMAMUX1_OVR_IRQHandler) for DMA1_Ch4_5_DMAMUX1_OVR_IRQHandler
    startup_stm32g030xx.o(RESET) refers to stm32g0xx_it.o(i.TIM3_IRQHandler) for TIM3_IRQHandler
    startup_stm32g030xx.o(RESET) refers to stm32g0xx_it.o(i.USART2_IRQHandler) for USART2_IRQHandler
    startup_stm32g030xx.o(.text) refers to system_stm32g0xx.o(i.SystemInit) for SystemInit
    startup_stm32g030xx.o(.text) refers to entry.o(.ARM.Collect$$$$00000000) for __main
    00_handle.o(i.Bat_level_check) refers to 01_key_read.o(.bss) for SysInfo
    00_handle.o(i.EMS_Procedure_Run) refers to 12_ems.o(i.Ems_DeInit) for Ems_DeInit
    00_handle.o(i.EMS_Procedure_Run) refers to 12_ems.o(i.Ems_Boost_On) for Ems_Boost_On
    00_handle.o(i.EMS_Procedure_Run) refers to 11_rf.o(i.RF_Init) for RF_Init
    00_handle.o(i.EMS_Procedure_Run) refers to 11_rf.o(i.RF_DeInit) for RF_DeInit
    00_handle.o(i.EMS_Procedure_Run) refers to 12_ems.o(i.Ems_Init) for Ems_Init
    00_handle.o(i.EMS_Procedure_Run) refers to 00_handle.o(i.RF_Call_Data) for RF_Call_Data
    00_handle.o(i.EMS_Procedure_Run) refers to 04_led_display.o(i.IRled_stop) for IRled_stop
    00_handle.o(i.EMS_Procedure_Run) refers to 12_ems.o(i.Ems_Boost_Off) for Ems_Boost_Off
    00_handle.o(i.EMS_Procedure_Run) refers to 01_key_read.o(.bss) for SysInfo
    00_handle.o(i.EMS_Procedure_Run) refers to 11_rf.o(.data) for RF_Handle
    00_handle.o(i.EMS_Procedure_Run) refers to 12_ems.o(.bss) for EMS_Handle
    00_handle.o(i.Enter_Sleep_Mode) refers to 12_ems.o(i.Ems_DeInit) for Ems_DeInit
    00_handle.o(i.Enter_Sleep_Mode) refers to 11_rf.o(i.RF_DeInit) for RF_DeInit
    00_handle.o(i.Enter_Sleep_Mode) refers to 00_handle.o(i.adc_param_self_check) for adc_param_self_check
    00_handle.o(i.Enter_Sleep_Mode) refers to stm32g0xx_hal_gpio.o(i.HAL_GPIO_WritePin) for HAL_GPIO_WritePin
    00_handle.o(i.Enter_Sleep_Mode) refers to stm32g0xx_hal_iwdg.o(i.HAL_IWDG_Refresh) for HAL_IWDG_Refresh
    00_handle.o(i.Enter_Sleep_Mode) refers to stm32g0xx_hal_adc.o(i.HAL_ADC_Stop_IT) for HAL_ADC_Stop_IT
    00_handle.o(i.Enter_Sleep_Mode) refers to stm32g0xx_hal_adc.o(i.HAL_ADC_Stop_DMA) for HAL_ADC_Stop_DMA
    00_handle.o(i.Enter_Sleep_Mode) refers to stm32g0xx_hal_uart.o(i.HAL_UART_DMAStop) for HAL_UART_DMAStop
    00_handle.o(i.Enter_Sleep_Mode) refers to usart.o(i.HAL_UART_MspDeInit) for HAL_UART_MspDeInit
    00_handle.o(i.Enter_Sleep_Mode) refers to stm32g0xx_hal_spi.o(i.HAL_SPI_DMAStop) for HAL_SPI_DMAStop
    00_handle.o(i.Enter_Sleep_Mode) refers to spi.o(i.HAL_SPI_MspDeInit) for HAL_SPI_MspDeInit
    00_handle.o(i.Enter_Sleep_Mode) refers to i2c.o(i.HAL_I2C_MspDeInit) for HAL_I2C_MspDeInit
    00_handle.o(i.Enter_Sleep_Mode) refers to tim.o(i.HAL_TIM_Base_MspDeInit) for HAL_TIM_Base_MspDeInit
    00_handle.o(i.Enter_Sleep_Mode) refers to 12_ems.o(i.EMS_Pwm_Stop) for EMS_Pwm_Stop
    00_handle.o(i.Enter_Sleep_Mode) refers to 11_rf.o(i.RF_Osc_Off) for RF_Osc_Off
    00_handle.o(i.Enter_Sleep_Mode) refers to 00_handle.o(i.MX_GPIO_DISInit) for MX_GPIO_DISInit
    00_handle.o(i.Enter_Sleep_Mode) refers to stm32g0xx_hal_cortex.o(i.HAL_NVIC_EnableIRQ) for HAL_NVIC_EnableIRQ
    00_handle.o(i.Enter_Sleep_Mode) refers to stm32g0xx_hal_pwr_ex.o(i.HAL_PWREx_EnableFlashPowerDown) for HAL_PWREx_EnableFlashPowerDown
    00_handle.o(i.Enter_Sleep_Mode) refers to stm32g0xx_hal_timebase_tim.o(i.HAL_SuspendTick) for HAL_SuspendTick
    00_handle.o(i.Enter_Sleep_Mode) refers to stm32g0xx_hal_pwr.o(i.HAL_PWR_EnterSTOPMode) for HAL_PWR_EnterSTOPMode
    00_handle.o(i.Enter_Sleep_Mode) refers to stm32g0xx_hal_pwr_ex.o(i.HAL_PWREx_DisableFlashPowerDown) for HAL_PWREx_DisableFlashPowerDown
    00_handle.o(i.Enter_Sleep_Mode) refers to stm32g0xx_hal_timebase_tim.o(i.HAL_ResumeTick) for HAL_ResumeTick
[...]
    Key_Proc                                 0x080088cd   Thumb Code    76  02_key_process.o(i.Key_Proc)
    Key_Scan                                 0x0800891d   Thumb Code    62  01_key_read.o(i.Key_Scan)
    Key_ctrl_test_mode_func                  0x08008965   Thumb Code   156  14_test_mode.o(i.Key_ctrl_test_mode_func)
    LCD_Refresh                              0x08008a05   Thumb Code    66  04_led_display.o(i.LCD_Refresh)
    Led_Display                              0x08008a9d   Thumb Code   274  04_led_display.o(i.Led_Display)
    Led_Process_Run                          0x08008bbd   Thumb Code   150  00_handle.o(i.Led_Process_Run)
    Level_led_scan                           0x08008cd9   Thumb Code    76  04_led_display.o(i.Level_led_scan)
    Level_leds_set                           0x08008d25   Thumb Code   126  04_led_display.o(i.Level_leds_set)
    MX_ADC1_Init                             0x08008da5   Thumb Code   154  adc.o(i.MX_ADC1_Init)
    MX_DMA_Init                              0x08008e55   Thumb Code    68  dma.o(i.MX_DMA_Init)
    MX_FREERTOS_Init                         0x08008e9d   Thumb Code    74  app_freertos.o(i.MX_FREERTOS_Init)
    MX_GPIO_DISInit                          0x08008ef1   Thumb Code   282  00_handle.o(i.MX_GPIO_DISInit)
    MX_GPIO_Init                             0x08009021   Thumb Code   362  gpio.o(i.MX_GPIO_Init)
    MX_I2C1_Init                             0x080091ad   Thumb Code    76  i2c.o(i.MX_I2C1_Init)
    MX_I2C2_Init                             0x08009205   Thumb Code    76  i2c.o(i.MX_I2C2_Init)
    MX_IWDG_Init                             0x0800925d   Thumb Code    32  iwdg.o(i.MX_IWDG_Init)
    MX_RTC_Init                              0x08009289   Thumb Code    48  rtc.o(i.MX_RTC_Init)
    MX_SPI1_Init                             0x080092c1   Thumb Code    66  spi.o(i.MX_SPI1_Init)
    MX_SPI2_Init                             0x0800930d   Thumb Code    66  spi.o(i.MX_SPI2_Init)
    MX_TIM17_Init                            0x08009359   Thumb Code   150  tim.o(i.MX_TIM17_Init)
    MX_TIM1_Init                             0x080093f9   Thumb Code   292  tim.o(i.MX_TIM1_Init)
    MX_USART2_UART_Init                      0x08009529   Thumb Code    72  usart.o(i.MX_USART2_UART_Init)
    Mode_led_scan                            0x08009579   Thumb Code    74  04_led_display.o(i.Mode_led_scan)
    Montor_Drive                             0x080095c5   Thumb Code    70  05_montor_control.o(i.Montor_Drive)
    NMI_Handler                              0x08009619   Thumb Code     2  stm32g0xx_it.o(i.NMI_Handler)
    NTC_Temp_Running                         0x0800961d   Thumb Code   326  08_ntc.o(i.NTC_Temp_Running)
    NTC_Temp_SendData                        0x080097ad   Thumb Code    80  14_test_mode.o(i.NTC_Temp_SendData)
    NTC_Temp_compensation                    0x0800981d   Thumb Code    56  08_ntc.o(i.NTC_Temp_compensation)
    Pole_Change                              0x08009865   Thumb Code    44  11_rf.o(i.Pole_Change)
    READ_MPU6500_ACCEL                       0x08009899   Thumb Code   112  06_yg6550.o(i.READ_MPU6500_ACCEL)
    READ_MPU6500_GYRO                        0x0800990d   Thumb Code   112  06_yg6550.o(i.READ_MPU6500_GYRO)
    RF_Call_Data                             0x08009981   Thumb Code    26  00_handle.o(i.RF_Call_Data)
    RF_DeInit                                0x0800999d   Thumb Code    22  11_rf.o(i.RF_DeInit)
    RF_Frequency_conversion                  0x080099b9   Thumb Code    38  11_rf.o(i.RF_Frequency_conversion)
    RF_Init                                  0x080099e5   Thumb Code    26  11_rf.o(i.RF_Init)
    RF_Osc_ON                                0x08009a05   Thumb Code    20  11_rf.o(i.RF_Osc_ON)
    RF_Osc_Off                               0x08009a1d   Thumb Code    20  11_rf.o(i.RF_Osc_Off)
    RF_Procedure_Run                         0x08009a35   Thumb Code    92  00_handle.o(i.RF_Procedure_Run)
    RF_Process                               0x08009a95   Thumb Code   124  11_rf.o(i.RF_Process)
    RF_Start                                 0x08009b19   Thumb Code    34  11_rf.o(i.RF_Start)
    RF_Stop                                  0x08009b49   Thumb Code    24  11_rf.o(i.RF_Stop)
    RGB_Init                                 0x08009b69   Thumb Code    24  04_led_display.o(i.RGB_Init)
    RGB_SPI_Transmit                         0x08009b85   Thumb Code    50  04_led_display.o(i.RGB_SPI_Transmit)
    RTC_EnterInitMode                        0x08009bc1   Thumb Code    68  stm32g0xx_hal_rtc.o(i.RTC_EnterInitMode)
    RTC_ExitInitMode                         0x08009c05   Thumb Code    74  stm32g0xx_hal_rtc.o(i.RTC_ExitInitMode)
    ReadDevice_ID                            0x08009c55   Thumb Code    10  13_eeprom.o(i.ReadDevice_ID)
    ReadPeerCode                             0x08009c69   Thumb Code     6  13_eeprom.o(i.ReadPeerCode)
    Read_Current_Level_For_Eeprom            0x08009c75   Thumb Code   268  13_eeprom.o(i.Read_Current_Level_For_Eeprom)
    Rx_Enable                                0x08009d91   Thumb Code    28  15_hw2000b.o(i.Rx_Enable)
    SLIDE_MODE_Run                           0x08009dad   Thumb Code    82  00_handle.o(i.SLIDE_MODE_Run)
    SVC_Handler                              0x0800a081   Thumb Code     2  port.o(i.SVC_Handler)
    SavePeerCode                             0x0800a085   Thumb Code    78  13_eeprom.o(i.SavePeerCode)
    Scan_Batter_State                        0x0800a0dd   Thumb Code   146  07_battery.o(i.Scan_Batter_State)
    Send_Data_with_crc                       0x0800a185   Thumb Code    32  usart.o(i.Send_Data_with_crc)
    Set_Color_Handle                         0x0800a1a5   Thumb Code    18  04_led_display.o(i.Set_Color_Handle)
    Set_Ems_Value                            0x0800a1bd   Thumb Code   102  12_ems.o(i.Set_Ems_Value)
    Set_Mbi5020_Out                          0x0800a239   Thumb Code   122  10_mbi5020.o(i.Set_Mbi5020_Out)
    Set_OverTemp_Parameter                   0x0800a2c5   Thumb Code   106  00_handle.o(i.Set_OverTemp_Parameter)
    Set_RF_Level                             0x0800a33d   Thumb Code   410  11_rf.o(i.Set_RF_Level)
    Skin_RF_Scan                             0x0800a4e5   Thumb Code    16  09_skin.o(i.Skin_RF_Scan)
    Skin_Touch_Scan                          0x0800a4f5   Thumb Code    46  09_skin.o(i.Skin_Touch_Scan)
    Spi_Init                                 0x0800a52d   Thumb Code    48  15_hw2000b.o(i.Spi_Init)
    StartDefaultTask                         0x0800a565   Thumb Code    50  app_freertos.o(i.StartDefaultTask)
    StartTask02                              0x0800a5a1   Thumb Code   154  app_freertos.o(i.StartTask02)
    StartTask03                              0x0800a645   Thumb Code   128  app_freertos.o(i.StartTask03)
    State_led_scan                           0x0800a6d1   Thumb Code   116  04_led_display.o(i.State_led_scan)
    SysTick_Handler                          0x0800a78d   Thumb Code    32  port.o(i.SysTick_Handler)
    Sys_IWDG_STOP_Mode                       0x0800a7b1   Thumb Code    10  13_eeprom.o(i.Sys_IWDG_STOP_Mode)
    Sys_Wakeup_init                          0x0800a7c1   Thumb Code    52  02_key_process.o(i.Sys_Wakeup_init)
    SystemClock_Config                       0x0800a801   Thumb Code   116  main.o(i.SystemClock_Config)
    SystemInit                               0x0800a875   Thumb Code     8  system_stm32g0xx.o(i.SystemInit)
    System_Data_Init                         0x0800a885   Thumb Code    90  00_handle.o(i.System_Data_Init)
    System_Data_Save                         0x0800a8ed   Thumb Code    54  00_handle.o(i.System_Data_Save)
    System_Error_Deal                        0x0800a92d   Thumb Code   252  00_handle.o(i.System_Error_Deal)
    System_Sleep                             0x0800aa31   Thumb Code   148  00_handle.o(i.System_Sleep)
    System_Standby_Check                     0x0800aadd   Thumb Code    62  00_handle.o(i.System_Standby_Check)
    TIM3_IRQHandler                          0x0800ab21   Thumb Code    10  stm32g0xx_it.o(i.TIM3_IRQHandler)
    TIM_Base_SetConfig                       0x0800ab31   Thumb Code   100  stm32g0xx_hal_tim.o(i.TIM_Base_SetConfig)
    TIM_CCxChannelCmd                        0x0800aba9   Thumb Code    26  stm32g0xx_hal_tim.o(i.TIM_CCxChannelCmd)
    TIM_ETR_SetConfig                        0x0800abdd   Thumb Code    22  stm32g0xx_hal_tim.o(i.TIM_ETR_SetConfig)
    TIM_OC2_SetConfig                        0x0800ac85   Thumb Code   108  stm32g0xx_hal_tim.o(i.TIM_OC2_SetConfig)
    Test_Key_Proc                            0x0800aef1   Thumb Code    76  02_key_process.o(i.Test_Key_Proc)
    Test_Mode_EMS_RF_ctrl                    0x0800af41   Thumb Code   154  14_test_mode.o(i.Test_Mode_EMS_RF_ctrl)
    Test_USB_Plug_Scan                       0x0800afe9   Thumb Code   110  14_test_mode.o(i.Test_USB_Plug_Scan)
    Test_mode_ctrl_Process                   0x0800b065   Thumb Code   232  14_test_mode.o(i.Test_mode_ctrl_Process)
    Twink1hz_Display                         0x0800b155   Thumb Code    74  04_led_display.o(i.Twink1hz_Display)
    UART_AdvFeatureConfig                    0x0800b1a5   Thumb Code   202  stm32g0xx_hal_uart.o(i.UART_AdvFeatureConfig)
    UART_CheckIdleState                      0x0800b271   Thumb Code    96  stm32g0xx_hal_uart.o(i.UART_CheckIdleState)
    UART_SetConfig                           0x0800b389   Thumb Code   326  stm32g0xx_hal_uart.o(i.UART_SetConfig)
    UART_WaitOnFlagUntilTimeout              0x0800b4f1   Thumb Code   210  stm32g0xx_hal_uart.o(i.UART_WaitOnFlagUntilTimeout)
    USART2_IRQHandler                        0x0800b5c5   Thumb Code    16  stm32g0xx_it.o(i.USART2_IRQHandler)
    USB_Plug_Scan                            0x0800b5d9   Thumb Code   112  07_battery.o(i.USB_Plug_Scan)
    Uart_Protocol_Process                    0x0800b651   Thumb Code   198  16_usart_app.o(i.Uart_Protocol_Process)
    Vibration_Reminder_Counts_Run            0x0800b725   Thumb Code   284  00_handle.o(i.Vibration_Reminder_Counts_Run)
    Write_Parameter_To_Eeprom                0x0800b865   Thumb Code     8  13_eeprom.o(i.Write_Parameter_To_Eeprom)
    __0printf                                0x0800b86d   Thumb Code    24  printfa.o(i.__0printf)
    __1printf                                0x0800b86d   Thumb Code     0  printfa.o(i.__0printf)
    __2printf                                0x0800b86d   Thumb Code     0  printfa.o(i.__0printf)
    __c89printf                              0x0800b86d   Thumb Code     0  printfa.o(i.__0printf)
    printf                                   0x0800b86d   Thumb Code     0  printfa.o(i.__0printf)
    __ARM_clz                                0x0800b88d   Thumb Code    46  depilogue.o(i.__ARM_clz)
    __ARM_common_switch8                     0x0800b8bb   Thumb Code    26  02_key_process.o(i.__ARM_common_switch8)
    __kernel_poly                            0x0800b919   Thumb Code   172  poly.o(i.__kernel_poly)
    __mathlib_dbl_divzero                    0x0800b9c5   Thumb Code    16  dunder.o(i.__mathlib_dbl_divzero)
    __mathlib_dbl_infnan                     0x0800b9d9   Thumb Code    10  dunder.o(i.__mathlib_dbl_infnan)
    __mathlib_dbl_invalid                    0x0800b9e3   Thumb Code    16  dunder.o(i.__mathlib_dbl_invalid)
    __scatterload_copy                       0x0800b9f3   Thumb Code    14  handlers.o(i.__scatterload_copy)
    __scatterload_null                       0x0800ba01   Thumb Code     2  handlers.o(i.__scatterload_null)
    __scatterload_zeroinit                   0x0800ba03   Thumb Code    14  handlers.o(i.__scatterload_zeroinit)
    __set_errno                              0x0800ba11   Thumb Code     6  errno.o(i.__set_errno)
    adc_param_self_check                     0x0800c2cd   Thumb Code    52  00_handle.o(i.adc_param_self_check)
    cali_ntc_result                          0x0800c30d   Thumb Code    44  16_usart_app.o(i.cali_ntc_result)
    crc16_compute                            0x0800c33d   Thumb Code    46  14_test_mode.o(i.crc16_compute)
    dealwith_KEY_test_level_add_key_up       0x0800c659   Thumb Code    34  16_usart_app.o(i.dealwith_KEY_test_level_add_key_up)
    dealwith_KEY_test_level_dec_key_up       0x0800c681   Thumb Code    34  16_usart_app.o(i.dealwith_KEY_test_level_dec_key_up)
    dealwith_KEY_test_power_key_up           0x0800c6a9   Thumb Code    34  16_usart_app.o(i.dealwith_KEY_test_power_key_up)
    enter_agine_test_init                    0x0800c959   Thumb Code   126  16_usart_app.o(i.enter_agine_test_init)
    enter_inset_life_test_init               0x0800c9e5   Thumb Code   126  16_usart_app.o(i.enter_inset_life_test_init)
    enter_tila_ems_test                      0x0800ca71   Thumb Code    88  14_test_mode.o(i.enter_tila_ems_test)
    enter_tila_rf_test                       0x0800cacd   Thumb Code    88  14_test_mode.o(i.enter_tila_rf_test)
    enter_xiufu_rf_test                      0x0800cb29   Thumb Code    86  14_test_mode.o(i.enter_xiufu_rf_test)
    exit_sleep_mode                          0x0800cb85   Thumb Code   194  00_handle.o(i.exit_sleep_mode)
    filter                                   0x0800cc7d   Thumb Code   126  07_battery.o(i.filter)
    fputc                                    0x0800ccfd   Thumb Code    18  14_test_mode.o(i.fputc)
    hw2000b_init_250k                        0x0800cefd   Thumb Code   238  15_hw2000b.o(i.hw2000b_init_250k)
    log                                      0x0800d02d   Thumb Code   790  log.o(i.log)
    main                                     0x0800d381   Thumb Code   110  main.o(i.main)
    osKernelStart                            0x0800d43d   Thumb Code    10  cmsis_os.o(i.osKernelStart)
    osThreadCreate                           0x0800d447   Thumb Code    52  cmsis_os.o(i.osThreadCreate)
    pvPortMalloc                             0x0800d735   Thumb Code   178  heap_4.o(i.pvPortMalloc)
    pxPortInitialiseStack                    0x0800d7f1   Thumb Code    26  port.o(i.pxPortInitialiseStack)
    send_data_to_usart                       0x0800da11   Thumb Code    16  usart.o(i.send_data_to_usart)
    send_ntc_temp                            0x0800da25   Thumb Code    54  16_usart_app.o(i.send_ntc_temp)
    set_auto_math_freq_2470M                 0x0800da69   Thumb Code    22  15_hw2000b.o(i.set_auto_math_freq_2470M)
    set_normal_freq                          0x0800dacd   Thumb Code    32  15_hw2000b.o(i.set_normal_freq)
    sys_swd_clk_init                         0x0800dc81   Thumb Code    56  gpio.o(i.sys_swd_clk_init)
    uart_idle_callback                       0x0800dda9   Thumb Code    58  usart.o(i.uart_idle_callback)
    upkeep_RF_Level                          0x0800dded   Thumb Code    62  12_ems.o(i.upkeep_RF_Level)
    uxListRemove                             0x0800de31   Thumb Code    38  list.o(i.uxListRemove)
    vListInitialise                          0x0800de57   Thumb Code    22  list.o(i.vListInitialise)
    vListInitialiseItem                      0x0800de6d   Thumb Code     6  list.o(i.vListInitialiseItem)
    vListInsert                              0x0800de73   Thumb Code    50  list.o(i.vListInsert)
    vListInsertEnd                           0x0800dea5   Thumb Code    24  list.o(i.vListInsertEnd)
    vPortEnterCritical                       0x0800debd   Thumb Code    20  port.o(i.vPortEnterCritical)
    vPortExitCritical                        0x0800ded5   Thumb Code    24  port.o(i.vPortExitCritical)
    vPortFree                                0x0800def1   Thumb Code    68  heap_4.o(i.vPortFree)
    vPortSetupTimerInterrupt                 0x0800df39   Thumb Code    32  port.o(i.vPortSetupTimerInterrupt)
    vPortYield                               0x0800df61   Thumb Code    18  port.o(i.vPortYield)
    vTaskDelay                               0x0800df79   Thumb Code    48  tasks.o(i.vTaskDelay)
    vTaskDelayUntil                          0x0800dfad   Thumb Code   100  tasks.o(i.vTaskDelayUntil)
    vTaskStartScheduler                      0x0800e015   Thumb Code    60  tasks.o(i.vTaskStartScheduler)
    vTaskSuspendAll                          0x0800e065   Thumb Code    10  tasks.o(i.vTaskSuspendAll)
    vTaskSwitchContext                       0x0800e075   Thumb Code    94  tasks.o(i.vTaskSwitchContext)
    xPortStartScheduler                      0x0800e0dd   Thumb Code    40  port.o(i.xPortStartScheduler)
    xTaskCreate                              0x0800e10d   Thumb Code    90  tasks.o(i.xTaskCreate)
    xTaskGetTickCount                        0x0800e169   Thumb Code     6  tasks.o(i.xTaskGetTickCount)
    xTaskIncrementTick                       0x0800e175   Thumb Code   184  tasks.o(i.xTaskIncrementTick)
    xTaskResumeAll                           0x0800e235   Thumb Code   168  tasks.o(i.xTaskResumeAll)
    UARTPrescTable                           0x0800e348   Data          24  stm32g0xx_hal_uart.o(.constdata)
    AHBPrescTable                            0x0800e360   Data          64  system_stm32g0xx.o(.constdata)
    APBPrescTable                            0x0800e3a0   Data          32  system_stm32g0xx.o(.constdata)
    __mathlib_zero                           0x0800e3f8   Data           8  qnan.o(.constdata)
    Region$$Table$$Base                      0x0800e424   Number         0  anon$$obj.o(Region$$Table)
    Region$$Table$$Limit                     0x0800e444   Number         0  anon$$obj.o(Region$$Table)
    Led_Value                                0x20000038   Data           6  04_led_display.o(.data)
    ACCELDataBIG                             0x20000058   Data           4  06_yg6550.o(.data)
    ACCELDataLittle                          0x2000005c   Data           4  06_yg6550.o(.data)
    GYRODataBIG                              0x20000060   Data           4  06_yg6550.o(.data)
    GYROLDataLittle                          0x20000064   Data           4  06_yg6550.o(.data)
    GU6500XYZdataACCEL                       0x2000006e   Data           6  06_yg6550.o(.data)
    GU6500XYZdataGYRO                        0x20000074   Data           6  06_yg6550.o(.data)
    I2c_Buf_Write                            0x2000007a   Data          10  06_yg6550.o(.data)
    RF_Handle                                0x200000ac   Data           6  11_rf.o(.data)
    EMS_dac_dev                              0x200000c4   Data          16  12_ems.o(.data)
    PageError                                0x200000d4   Data           4  13_eeprom.o(.data)
    Level_Delay                              0x200000ea   Data           1  15_hw2000b.o(.data)
    hw2000_reset_count                       0x200000ec   Data           2  15_hw2000b.o(.data)
    hw2000_log_time                          0x200000f0   Data           4  15_hw2000b.o(.data)
    peer_code                                0x200000f4   Data           4  16_usart_app.o(.data)
    mcp4726_array                            0x200000f8   Data           8  17_ems_dac_mcp4726.o(.data)
    defaultTaskHandle                        0x20000104   Data           4  app_freertos.o(.data)
    myTask02Handle                           0x20000108   Data           4  app_freertos.o(.data)
    myTask03Handle                           0x2000010c   Data           4  app_freertos.o(.data)
    dac_param                                0x20000110   Data           8  adc.o(.data)
    recv_cnt                                 0x20000118   Data           1  usart.o(.data)
    recv_finish_flag                         0x20000119   Data           1  usart.o(.data)
    uwTickFreq                               0x2000011c   Data           1  stm32g0xx_hal.o(.data)
    uwTickPrio                               0x20000120   Data           4  stm32g0xx_hal.o(.data)
    uwTick                                   0x20000124   Data           4  stm32g0xx_hal.o(.data)
    SystemCoreClock                          0x20000128   Data           4  system_stm32g0xx.o(.data)
    pxCurrentTCB                             0x2000012c   Data           4  tasks.o(.data)
    __stdout                                 0x20000188   Data           4  stdout.o(.data)
    SysInfo                                  0x20000190   Data         108  01_key_read.o(.bss)
    Led_Colour                               0x200001fc   Data          15  04_led_display.o(.bss)
    LCD_data                                 0x20000284   Data         120  04_led_display.o(.bss)
    I2c_Buf_Read                             0x200002fc   Data          10  06_yg6550.o(.bss)
    ADC_Value                                0x20000306   Data         192  07_battery.o(.bss)
    Bat_ADC_Value                            0x200003c6   Data         260  07_battery.o(.bss)
    BAT_Data                                 0x200004ca   Data          10  07_battery.o(.bss)
    EMS_Handle                               0x200004e8   Data          12  12_ems.o(.bss)
    RX_BUF                                   0x200004f4   Data          10  15_hw2000b.o(.bss)
    TX_BUF                                   0x200004fe   Data          10  15_hw2000b.o(.bss)
    hw_2_4G_data                             0x20000508   Data          12  15_hw2000b.o(.bss)
    hadc1                                    0x20000514   Data         100  adc.o(.bss)
    hdma_adc1                                0x20000578   Data          92  adc.o(.bss)
    hi2c1                                    0x200005d4   Data          84  i2c.o(.bss)
    hi2c2                                    0x20000628   Data          84  i2c.o(.bss)
    hiwdg                                    0x2000067c   Data          16  iwdg.o(.bss)
    hrtc                                     0x2000068c   Data          44  rtc.o(.bss)
    hspi1                                    0x200006b8   Data         100  spi.o(.bss)
    hspi2                                    0x2000071c   Data         100  spi.o(.bss)
    hdma_spi1_tx                             0x20000780   Data          92  spi.o(.bss)
    htim1                                    0x200007dc   Data          76  tim.o(.bss)
    htim17                                   0x20000828   Data          76  tim.o(.bss)
    huart2                                   0x20000874   Data         148  usart.o(.bss)
    Rx_buff                                  0x20000908   Data          20  usart.o(.bss)
    Tx_buff                                  0x2000091c   Data          20  usart.o(.bss)
    htim3                                    0x20000930   Data          76  stm32g0xx_hal_timebase_tim.o(.bss)
    pFlash                                   0x2000097c   Data          28  stm32g0xx_hal_flash.o(.bss)
    __initial_sp                             0x20001b98   Data           0  startup_stm32g030xx.o(STACK)



==============================================================================

Memory Map of the image

  Image Entry point : 0x080020c1

  Load Region LR_IROM1 (Base: 0x08002000, Size: 0x0000c5d4, Max: 0x0000e000, ABSOLUTE, COMPRESSED[0x0000c47c])

    Execution Region ER_IROM1 (Exec base: 0x08002000, Load base: 0x08002000, Size: 0x0000c444, Max: 0x0000e000, ABSOLUTE)

    Exec Addr    Load Addr    Size         Type   Attr      Idx    E Section Name        Object

    0x08002000   0x08002000   0x000000c0   Data   RO            3    RESET               startup_stm32g030xx.o
    0x080020c0   0x080020c0   0x00000000   Code   RO         7933  * .ARM.Collect$$$$00000000  mc_p.l(entry.o)
    0x080020c0   0x080020c0   0x00000004   Code   RO         8250    .ARM.Collect$$$$00000001  mc_p.l(entry2.o)
    0x080020c4   0x080020c4   0x00000004   Code   RO         8253    .ARM.Collect$$$$00000004  mc_p.l(entry5.o)
    0x080020c8   0x080020c8   0x00000000   Code   RO         8255    .ARM.Collect$$$$00000008  mc_p.l(entry7b.o)
    0x080020c8   0x080020c8   0x00000000   Code   RO         8257    .ARM.Collect$$$$0000000A  mc_p.l(entry8b.o)
    0x080020c8   0x080020c8   0x00000008   Code   RO         8258    .ARM.Collect$$$$0000000B  mc_p.l(entry9a.o)
    0x080020d0   0x080020d0   0x00000004   Code   RO         8265    .ARM.Collect$$$$0000000E  mc_p.l(entry12b.o)
    0x080020d4   0x080020d4   0x00000000   Code   RO         8260    .ARM.Collect$$$$0000000F  mc_p.l(entry10a.o)
    0x080020d4   0x080020d4   0x00000000   Code   RO         8262    .ARM.Collect$$$$00000011  mc_p.l(entry11a.o)
    0x080020d4   0x080020d4   0x00000004   Code   RO         8251    .ARM.Collect$$$$00002712  mc_p.l(entry2.o)
    0x080020d8   0x080020d8   0x00000078   Code   RO         7852    .emb_text           port.o
    0x08002150   0x08002150   0x00000030   Code   RO            4    .text               startup_stm32g030xx.o
    0x08002180   0x08002180   0x0000002c   Code   RO         7936    .text               mc_p.l(uidiv.o)
    0x080021ac   0x080021ac   0x00000028   Code   RO         7938    .text               mc_p.l(idiv.o)
    0x080021d4   0x080021d4   0x00000024   Code   RO         7940    .text               mc_p.l(memcpya.o)
    0x080021f8   0x080021f8   0x00000024   Code   RO         7944    .text               mc_p.l(memseta.o)
    0x0800221c   0x0800221c   0x0000001a   Code   RO         7946    .text               mc_p.l(memcmp.o)
    0x08002236   0x08002236   0x000000b2   Code   RO         8211    .text               mf_p.l(fadd.o)
    0x080022e8   0x080022e8   0x0000007a   Code   RO         8213    .text               mf_p.l(fmul.o)
    0x08002362   0x08002362   0x0000007c   Code   RO         8215    .text               mf_p.l(fdiv.o)
    0x080023de   0x080023de   0x00000002   PAD
    0x080023e0   0x080023e0   0x000000d0   Code   RO         8217    .text               mf_p.l(dmul.o)
    0x080024b0   0x080024b0   0x0000000e   Code   RO         8219    .text               mf_p.l(ffltui.o)
    0x080024be   0x080024be   0x00000002   PAD
    0x080024c0   0x080024c0   0x0000001c   Code   RO         8221    .text               mf_p.l(dfltui.o)
    0x080024dc   0x080024dc   0x00000032   Code   RO         8223    .text               mf_p.l(ffixi.o)
    0x0800250e   0x0800250e   0x00000030   Code   RO         8225    .text               mf_p.l(ffixul.o)
    0x0800253e   0x0800253e   0x00000002   PAD
    0x08002540   0x08002540   0x0000003c   Code   RO         8227    .text               mf_p.l(dfixui.o)
    0x0800257c   0x0800257c   0x00000028   Code   RO         8229    .text               mf_p.l(f2d.o)
    0x080025a4   0x080025a4   0x00000038   Code   RO         8231    .text               mf_p.l(d2f.o)
    0x080025dc   0x080025dc   0x00000060   Code   RO         8267    .text               mc_p.l(uldiv.o)
    0x0800263c   0x0800263c   0x00000020   Code   RO         8269    .text               mc_p.l(llshl.o)
    0x0800265c   0x0800265c   0x00000022   Code   RO         8271    .text               mc_p.l(llushr.o)
    0x0800267e   0x0800267e   0x00000000   Code   RO         8280    .text               mc_p.l(iusefp.o)
    0x0800267e   0x0800267e   0x00000082   Code   RO         8281    .text               mf_p.l(fepilogue.o)
    0x08002700   0x08002700   0x000000be   Code   RO         8283    .text               mf_p.l(depilogue.o)
    0x080027be   0x080027be   0x00000002   PAD
    0x080027c0   0x080027c0   0x00000168   Code   RO         8287    .text               mf_p.l(dadd.o)
    0x08002928   0x08002928   0x000000f0   Code   RO         8289    .text               mf_p.l(ddiv.o)
    0x08002a18   0x08002a18   0x0000002c   Code   RO         8291    .text               mf_p.l(dscalb.o)
    0x08002a44   0x08002a44   0x00000028   Code   RO         8293    .text               mf_p.l(dflti.o)
    0x08002a6c   0x08002a6c   0x00000040   Code   RO         8295    .text               mf_p.l(dfixul.o)
    0x08002aac   0x08002aac   0x00000028   Code   RO         8297    .text               mf_p.l(cdcmple.o)
    0x08002ad4   0x08002ad4   0x00000028   Code   RO         8299    .text               mf_p.l(cdrcmple.o)
    0x08002afc   0x08002afc   0x00000024   Code   RO         8301    .text               mc_p.l(init.o)
    0x08002b20   0x08002b20   0x00000026   Code   RO         8303    .text               mc_p.l(llsshr.o)
    0x08002b46   0x08002b46   0x00000056   Code   RO         8313    .text               mc_p.l(__dczerorl2.o)
    0x08002b9c   0x08002b9c   0x00000088   Code   RO          836    i.ACCELDataProcessing  06_yg6550.o
    0x08002c24   0x08002c24   0x00000060   Code   RO         2443    i.ADC_ConversionStop  stm32g0xx_hal_adc.o
    0x08002c84   0x08002c84   0x00000080   Code   RO         2444    i.ADC_DMAConvCplt   stm32g0xx_hal_adc.o
    0x08002d04   0x08002d04   0x0000001a   Code   RO         2445    i.ADC_DMAError      stm32g0xx_hal_adc.o
    0x08002d1e   0x08002d1e   0x0000000a   Code   RO         2446    i.ADC_DMAHalfConvCplt  stm32g0xx_hal_adc.o
    0x08002d28   0x08002d28   0x0000002c   Code   RO          922    i.ADC_DMA_COV_START  07_battery.o
    0x08002d54   0x08002d54   0x00000074   Code   RO         2447    i.ADC_Disable       stm32g0xx_hal_adc.o
    0x08002dc8   0x08002dc8   0x000000b4   Code   RO         2448    i.ADC_Enable        stm32g0xx_hal_adc.o
    0x08002e7c   0x08002e7c   0x00000054   Code   RO         1392    i.Ageing_TestData_DeInit  14_test_mode.o
    0x08002ed0   0x08002ed0   0x0000005c   Code   RO          617    i.Agine_ems_rf_out_Led_Display  04_led_display.o
    0x08002f2c   0x08002f2c   0x00000074   Code   RO          618    i.Agine_finish_Led_Display  04_led_display.o
    0x08002fa0   0x08002fa0   0x0000010c   Code   RO         1394    i.Agine_mode_charge_ctrl  14_test_mode.o
    0x080030ac   0x080030ac   0x00000100   Code   RO         1395    i.Agine_mode_output_ctrl  14_test_mode.o
    0x080031ac   0x080031ac   0x0000003c   Code   RO         1396    i.Agine_run_finish  14_test_mode.o
    0x080031e8   0x080031e8   0x000000ac   Code   RO          837    i.AttitudeProcessing  06_yg6550.o
    0x08003294   0x08003294   0x00000028   Code   RO           12    i.Bat_level_check   00_handle.o
    0x080032bc   0x080032bc   0x0000003c   Code   RO          619    i.Bat_low_led_Filcker  04_led_display.o
    0x080032f8   0x080032f8   0x00000038   Code   RO          838    i.CHECK_GYRO_IIC    06_yg6550.o
    0x08003330   0x08003330   0x0000007c   Code   RO         1187    i.Change_EMS_Freq   12_ems.o
    0x080033ac   0x080033ac   0x00000030   Code   RO          620    i.Charge_Led_Display  04_led_display.o
    0x080033dc   0x080033dc   0x000000c8   Code   RO          923    i.CheckCharge_Batter_State  07_battery.o
    0x080034a4   0x080034a4   0x00000088   Code   RO          924    i.CheckIdle_Batter_State  07_battery.o
    0x0800352c   0x0800352c   0x0000005c   Code   RO          925    i.CheckWorking_Batter_State  07_battery.o
    0x08003588   0x08003588   0x00000080   Code   RO         1034    i.Check_Idle_Time   09_skin.o
    0x08003608   0x08003608   0x0000003c   Code   RO          621    i.Cur_Level_Twink_Display  04_led_display.o
    0x08003644   0x08003644   0x0000002c   Code   RO         1796    i.DAC_Device_ReadData  17_ems_dac_mcp4726.o
    0x08003670   0x08003670   0x00000024   Code   RO         1797    i.DAC_MCP4726_Init  17_ems_dac_mcp4726.o
    0x08003694   0x08003694   0x00000034   Code   RO         1798    i.DAC_MCP4726_OUT   17_ems_dac_mcp4726.o
    0x080036c8   0x080036c8   0x000000a8   Code   RO         1799    i.DAC_MCP4726_probe  17_ems_dac_mcp4726.o
    0x08003770   0x08003770   0x00000010   Code   RO         1837    i.DAC_SGM5355_Init  18_ems_dac_sgm5355.o
    0x08003780   0x08003780   0x00000020   Code   RO         1838    i.DAC_SGM5355_OUT   18_ems_dac_sgm5355.o
    0x080037a0   0x080037a0   0x00000098   Code   RO         1839    i.DAC_SGM5355_Probe  18_ems_dac_sgm5355.o
    0x08003838   0x08003838   0x00000078   Code   RO         1840    i.DAC_SGM5355_read_reg  18_ems_dac_sgm5355.o
    0x080038b0   0x080038b0   0x00000034   Code   RO         1841    i.DAC_SGM5355_write_reg  18_ems_dac_sgm5355.o
    0x080038e4   0x080038e4   0x00000002   Code   RO         2322    i.DMA1_Ch4_5_DMAMUX1_OVR_IRQHandler  stm32g0xx_it.o
    0x080038e6   0x080038e6   0x00000002   PAD
    0x080038e8   0x080038e8   0x0000004c   Code   RO         2323    i.DMA1_Channel1_IRQHandler  stm32g0xx_it.o
    0x08003934   0x08003934   0x0000004c   Code   RO         2324    i.DMA1_Channel2_3_IRQHandler  stm32g0xx_it.o
    0x08003980   0x08003980   0x00000030   Code   RO         3143    i.DMA_CalcDMAMUXChannelBaseAndMask  stm32g0xx_hal_dma.o
    0x080039b0   0x080039b0   0x00000028   Code   RO         3144    i.DMA_CalcDMAMUXRequestGenBaseAndMask  stm32g0xx_hal_dma.o
    0x080039d8   0x080039d8   0x00000048   Code   RO         3145    i.DMA_SetConfig     stm32g0xx_hal_dma.o
    0x08003a20   0x08003a20   0x00000038   Code   RO          474    i.Dealwith_level_add_key_long  02_key_process.o
    0x08003a58   0x08003a58   0x000000a0   Code   RO          475    i.Dealwith_level_add_key_up  02_key_process.o
    0x08003af8   0x08003af8   0x000000a0   Code   RO          477    i.Dealwith_level_dec_key_up  02_key_process.o
    0x08003b98   0x08003b98   0x00000214   Code   RO          478    i.Dealwith_power_key_long  02_key_process.o
    0x08003dac   0x08003dac   0x00000014   Code   RO          479    i.Dealwith_power_key_press  02_key_process.o
    0x08003dc0   0x08003dc0   0x000000ac   Code   RO          480    i.Dealwith_power_key_up  02_key_process.o
    0x08003e6c   0x08003e6c   0x0000003c   Code   RO          481    i.Dealwith_testmode_level_add_key_long  02_key_process.o
    0x08003ea8   0x08003ea8   0x00000024   Code   RO          482    i.Dealwith_testmode_level_add_key_up  02_key_process.o
    0x08003ecc   0x08003ecc   0x00000028   Code   RO          483    i.Dealwith_testmode_level_dec_long  02_key_process.o
    0x08003ef4   0x08003ef4   0x00000024   Code   RO          484    i.Dealwith_testmode_level_dec_up  02_key_process.o
    0x08003f18   0x08003f18   0x00000018   Code   RO          485    i.Dealwith_testmode_power_key_long  02_key_process.o
    0x08003f30   0x08003f30   0x00000044   Code   RO          486    i.Dealwith_testmode_power_key_up  02_key_process.o
    0x08003f74   0x08003f74   0x00000044   Code   RO         1188    i.EMS_Frequency_conversion  12_ems.o
    0x08003fb8   0x08003fb8   0x000000c0   Code   RO           13    i.EMS_Procedure_Run  00_handle.o
    0x08004078   0x08004078   0x00000064   Code   RO         1189    i.EMS_Pwm_Start     12_ems.o
    0x080040dc   0x080040dc   0x00000018   Code   RO         1190    i.EMS_Pwm_Stop      12_ems.o
    0x080040f4   0x080040f4   0x00000014   Code   RO         2325    i.EXTI4_15_IRQHandler  stm32g0xx_it.o
    0x08004108   0x08004108   0x00000014   Code   RO         1191    i.Ems_Boost_Off     12_ems.o
    0x0800411c   0x0800411c   0x00000014   Code   RO         1192    i.Ems_Boost_On      12_ems.o
    0x08004130   0x08004130   0x00000018   Code   RO         1193    i.Ems_DeInit        12_ems.o
    0x08004148   0x08004148   0x00000038   Code   RO         1194    i.Ems_Init          12_ems.o
    0x08004180   0x08004180   0x0000002c   Code   RO         1195    i.Ems_Osc_Off       12_ems.o
    0x080041ac   0x080041ac   0x00000048   Code   RO         1197    i.Ems_Value_Add     12_ems.o
    0x080041f4   0x080041f4   0x00000034   Code   RO         1198    i.Ems_Value_Reduce  12_ems.o
    0x08004228   0x08004228   0x0000000c   Code   RO         1199    i.Ems_dac_probe     12_ems.o
    0x08004234   0x08004234   0x00000124   Code   RO           14    i.Enter_Sleep_Mode  00_handle.o
    0x08004358   0x08004358   0x00000004   Code   RO         1877    i.Error_Handler     main.o
    0x0800435c   0x0800435c   0x00000030   Code   RO         1308    i.FLASH_ErasePage   13_eeprom.o
    0x0800438c   0x0800438c   0x00000014   Code   RO         2994    i.FLASH_MassErase   stm32g0xx_hal_flash_ex.o
    0x080043a0   0x080043a0   0x00000020   Code   RO         2998    i.FLASH_PageErase   stm32g0xx_hal_flash_ex.o
    0x080043c0   0x080043c0   0x00000014   Code   RO         1309    i.FLASH_ProgramHalfWord  13_eeprom.o
    0x080043d4   0x080043d4   0x0000001c   Code   RO         2888    i.FLASH_Program_DoubleWord  stm32g0xx_hal_flash.o
    0x080043f0   0x080043f0   0x00000034   Code   RO         2889    i.FLASH_Program_Fast  stm32g0xx_hal_flash.o
    0x08004424   0x08004424   0x00000064   Code   RO         2890    i.FLASH_WaitForLastOperation  stm32g0xx_hal_flash.o
    0x08004488   0x08004488   0x00000080   Code   RO         1103    i.Frequency_conversion_Process  11_rf.o
    0x08004508   0x08004508   0x00000014   Code   RO          839    i.GY6500_Read       06_yg6550.o
    0x0800451c   0x0800451c   0x00000060   Code   RO          840    i.GY6550_INIT       06_yg6550.o
    0x0800457c   0x0800457c   0x0000006c   Code   RO          841    i.GYRODataProcessing  06_yg6550.o
    0x080045e8   0x080045e8   0x00000024   Code   RO         1631    i.G_SENSOR_idle_send_data  16_usart_app.o
    0x0800460c   0x0800460c   0x00000028   Code   RO         1632    i.G_SENSOR_run_send_data  16_usart_app.o
    0x08004634   0x08004634   0x00000034   Code   RO          926    i.Get_Battery_Read  07_battery.o
    0x08004668   0x08004668   0x0000003c   Code   RO          997    i.Get_Temp          08_ntc.o
    0x080046a4   0x080046a4   0x0000000c   Code   RO         2655    i.HAL_ADCEx_Calibration_GetValue  stm32g0xx_hal_adc_ex.o
    0x080046b0   0x080046b0   0x00000128   Code   RO         2657    i.HAL_ADCEx_Calibration_Start  stm32g0xx_hal_adc_ex.o
    0x080047d8   0x080047d8   0x00000224   Code   RO         2450    i.HAL_ADC_ConfigChannel  stm32g0xx_hal_adc.o
    0x080049fc   0x080049fc   0x00000002   Code   RO          927    i.HAL_ADC_ConvCpltCallback  07_battery.o
    0x080049fe   0x080049fe   0x00000002   Code   RO         2452    i.HAL_ADC_ConvHalfCpltCallback  stm32g0xx_hal_adc.o
    0x08004a00   0x08004a00   0x00000002   Code   RO         2454    i.HAL_ADC_ErrorCallback  stm32g0xx_hal_adc.o
    0x08004a02   0x08004a02   0x00000002   PAD
    0x08004a04   0x08004a04   0x00000220   Code   RO         2459    i.HAL_ADC_Init      stm32g0xx_hal_adc.o
    0x08004c24   0x08004c24   0x000000d4   Code   RO         2004    i.HAL_ADC_MspInit   adc.o
    0x08004cf8   0x08004cf8   0x000000b4   Code   RO         2466    i.HAL_ADC_Start_DMA  stm32g0xx_hal_adc.o
    0x08004dac   0x08004dac   0x00000078   Code   RO         2469    i.HAL_ADC_Stop_DMA  stm32g0xx_hal_adc.o
    0x08004e24   0x08004e24   0x00000048   Code   RO         2470    i.HAL_ADC_Stop_IT   stm32g0xx_hal_adc.o
    0x08004e6c   0x08004e6c   0x00000074   Code   RO         3146    i.HAL_DMA_Abort     stm32g0xx_hal_dma.o
    0x08004ee0   0x08004ee0   0x0000007c   Code   RO         3147    i.HAL_DMA_Abort_IT  stm32g0xx_hal_dma.o
    0x08004f5c   0x08004f5c   0x00000084   Code   RO         3148    i.HAL_DMA_DeInit    stm32g0xx_hal_dma.o
    0x08004fe0   0x08004fe0   0x00000004   Code   RO         3149    i.HAL_DMA_GetError  stm32g0xx_hal_dma.o
    0x08004fe4   0x08004fe4   0x000000b8   Code   RO         3151    i.HAL_DMA_IRQHandler  stm32g0xx_hal_dma.o
    0x0800509c   0x0800509c   0x000000a4   Code   RO         3152    i.HAL_DMA_Init      stm32g0xx_hal_dma.o
    0x08005140   0x08005140   0x0000008c   Code   RO         3156    i.HAL_DMA_Start_IT  stm32g0xx_hal_dma.o
    0x080051cc   0x080051cc   0x00000024   Code   RO         3604    i.HAL_Delay         stm32g0xx_hal.o
    0x080051f0   0x080051f0   0x00000088   Code   RO         2999    i.HAL_FLASHEx_Erase  stm32g0xx_hal_flash_ex.o
    0x08005278   0x08005278   0x0000001c   Code   RO         2894    i.HAL_FLASH_Lock    stm32g0xx_hal_flash.o
    0x08005294   0x08005294   0x00000060   Code   RO         2899    i.HAL_FLASH_Program  stm32g0xx_hal_flash.o
    0x080052f4   0x080052f4   0x00000028   Code   RO         2901    i.HAL_FLASH_Unlock  stm32g0xx_hal_flash.o
    0x0800531c   0x0800531c   0x000000d4   Code   RO         3075    i.HAL_GPIO_DeInit   stm32g0xx_hal_gpio.o
    0x080053f0   0x080053f0   0x00000024   Code   RO          441    i.HAL_GPIO_EXTI_Falling_Callback  01_key_read.o
    0x08005414   0x08005414   0x00000028   Code   RO         3077    i.HAL_GPIO_EXTI_IRQHandler  stm32g0xx_hal_gpio.o
    0x0800543c   0x0800543c   0x00000002   Code   RO         3078    i.HAL_GPIO_EXTI_Rising_Callback  stm32g0xx_hal_gpio.o
    0x0800543e   0x0800543e   0x00000002   PAD
    0x08005440   0x08005440   0x0000015c   Code   RO         3079    i.HAL_GPIO_Init     stm32g0xx_hal_gpio.o
    0x0800559c   0x0800559c   0x0000000a   Code   RO         3081    i.HAL_GPIO_ReadPin  stm32g0xx_hal_gpio.o
    0x080055a6   0x080055a6   0x0000000c   Code   RO         3083    i.HAL_GPIO_WritePin  stm32g0xx_hal_gpio.o
    0x080055b2   0x080055b2   0x00000002   PAD
    0x080055b4   0x080055b4   0x0000000c   Code   RO         3608    i.HAL_GetTick       stm32g0xx_hal.o
    0x080055c0   0x080055c0   0x0000004a   Code   RO         4329    i.HAL_I2CEx_ConfigAnalogFilter  stm32g0xx_hal_i2c_ex.o
    0x0800560a   0x0800560a   0x00000048   Code   RO         4330    i.HAL_I2CEx_ConfigDigitalFilter  stm32g0xx_hal_i2c_ex.o
    0x08005652   0x08005652   0x00000034   Code   RO         3863    i.HAL_I2C_DeInit    stm32g0xx_hal_i2c.o
    0x08005686   0x08005686   0x00000002   PAD
    0x08005688   0x08005688   0x000000b4   Code   RO         3872    i.HAL_I2C_Init      stm32g0xx_hal_i2c.o
    0x0800573c   0x0800573c   0x00000110   Code   RO         3885    i.HAL_I2C_Master_Transmit  stm32g0xx_hal_i2c.o
    0x0800584c   0x0800584c   0x00000154   Code   RO         3890    i.HAL_I2C_Mem_Read  stm32g0xx_hal_i2c.o
    0x080059a0   0x080059a0   0x0000014c   Code   RO         3893    i.HAL_I2C_Mem_Write  stm32g0xx_hal_i2c.o
    0x08005aec   0x08005aec   0x00000058   Code   RO         2062    i.HAL_I2C_MspDeInit  i2c.o
    0x08005b44   0x08005b44   0x000000b8   Code   RO         2063    i.HAL_I2C_MspInit   i2c.o
    0x08005bfc   0x08005bfc   0x0000006c   Code   RO         4379    i.HAL_IWDG_Init     stm32g0xx_hal_iwdg.o
    0x08005c68   0x08005c68   0x00000010   Code   RO         4380    i.HAL_IWDG_Refresh  stm32g0xx_hal_iwdg.o
    0x08005c78   0x08005c78   0x00000024   Code   RO          595    i.HAL_IncTick       03_base_time.o
    0x08005c9c   0x08005c9c   0x00000028   Code   RO         3615    i.HAL_Init          stm32g0xx_hal.o
    0x08005cc4   0x08005cc4   0x0000009c   Code   RO         2408    i.HAL_InitTick      stm32g0xx_hal_timebase_tim.o
    0x08005d60   0x08005d60   0x00000034   Code   RO         2388    i.HAL_MspInit       stm32g0xx_hal_msp.o
    0x08005d94   0x08005d94   0x00000020   Code   RO         3491    i.HAL_NVIC_DisableIRQ  stm32g0xx_hal_cortex.o
    0x08005db4   0x08005db4   0x00000018   Code   RO         3492    i.HAL_NVIC_EnableIRQ  stm32g0xx_hal_cortex.o
    0x08005dcc   0x08005dcc   0x00000008   Code   RO         3496    i.HAL_NVIC_SetPriority  stm32g0xx_hal_cortex.o
    0x08005dd4   0x08005dd4   0x0000001c   Code   RO         3497    i.HAL_NVIC_SystemReset  stm32g0xx_hal_cortex.o
    0x08005df0   0x08005df0   0x0000004c   Code   RO         3377    i.HAL_PWREx_ControlVoltageScaling  stm32g0xx_hal_pwr_ex.o
    0x08005e3c   0x08005e3c   0x00000010   Code   RO         3379    i.HAL_PWREx_DisableFlashPowerDown  stm32g0xx_hal_pwr_ex.o
    0x08005e4c   0x08005e4c   0x00000010   Code   RO         3386    i.HAL_PWREx_EnableFlashPowerDown  stm32g0xx_hal_pwr_ex.o
    0x08005e5c   0x08005e5c   0x00000040   Code   RO         3302    i.HAL_PWR_EnterSTOPMode  stm32g0xx_hal_pwr.o
    0x08005e9c   0x08005e9c   0x0000014c   Code   RO         2845    i.HAL_RCCEx_PeriphCLKConfig  stm32g0xx_hal_rcc_ex.o
    0x08005fe8   0x08005fe8   0x00000158   Code   RO         2729    i.HAL_RCC_ClockConfig  stm32g0xx_hal_rcc.o
    0x08006140   0x08006140   0x000000a4   Code   RO         2730    i.HAL_RCC_DeInit    stm32g0xx_hal_rcc.o
    0x080061e4   0x080061e4   0x00000038   Code   RO         2734    i.HAL_RCC_GetClockConfig  stm32g0xx_hal_rcc.o
    0x0800621c   0x0800621c   0x00000028   Code   RO         2737    i.HAL_RCC_GetPCLK1Freq  stm32g0xx_hal_rcc.o
    0x08006244   0x08006244   0x0000008c   Code   RO         2739    i.HAL_RCC_GetSysClockFreq  stm32g0xx_hal_rcc.o
    0x080062d0   0x080062d0   0x000003d8   Code   RO         2743    i.HAL_RCC_OscConfig  stm32g0xx_hal_rcc.o
    0x080066a8   0x080066a8   0x000000b0   Code   RO         4418    i.HAL_RTC_Init      stm32g0xx_hal_rtc.o
    0x08006758   0x08006758   0x00000058   Code   RO         2133    i.HAL_RTC_MspInit   rtc.o
    0x080067b0   0x080067b0   0x00000034   Code   RO         4426    i.HAL_RTC_WaitForSynchro  stm32g0xx_hal_rtc.o
    0x080067e4   0x080067e4   0x00000014   Code   RO         2409    i.HAL_ResumeTick    stm32g0xx_hal_timebase_tim.o
    0x080067f8   0x080067f8   0x00000048   Code   RO         4851    i.HAL_SPI_DMAStop   stm32g0xx_hal_spi.o
    0x08006840   0x08006840   0x00000002   Code   RO         4853    i.HAL_SPI_ErrorCallback  stm32g0xx_hal_spi.o
    0x08006842   0x08006842   0x000000ee   Code   RO         4857    i.HAL_SPI_Init      stm32g0xx_hal_spi.o
    0x08006930   0x08006930   0x00000064   Code   RO         2170    i.HAL_SPI_MspDeInit  spi.o
    0x08006994   0x08006994   0x00000114   Code   RO         2171    i.HAL_SPI_MspInit   spi.o
    0x08006aa8   0x08006aa8   0x00000160   Code   RO         4865    i.HAL_SPI_Transmit  stm32g0xx_hal_spi.o
    0x08006c08   0x08006c08   0x000001f2   Code   RO         4866    i.HAL_SPI_TransmitReceive  stm32g0xx_hal_spi.o
    0x08006dfa   0x08006dfa   0x00000002   PAD
    0x08006dfc   0x08006dfc   0x00000110   Code   RO         4869    i.HAL_SPI_Transmit_DMA  stm32g0xx_hal_spi.o
    0x08006f0c   0x08006f0c   0x00000002   Code   RO         4871    i.HAL_SPI_TxCpltCallback  stm32g0xx_hal_spi.o
    0x08006f0e   0x08006f0e   0x00000002   Code   RO         4872    i.HAL_SPI_TxHalfCpltCallback  stm32g0xx_hal_spi.o
    0x08006f10   0x08006f10   0x00000014   Code   RO         2410    i.HAL_SuspendTick   stm32g0xx_hal_timebase_tim.o
    0x08006f24   0x08006f24   0x00000002   Code   RO         5901    i.HAL_TIMEx_Break2Callback  stm32g0xx_hal_tim_ex.o
    0x08006f26   0x08006f26   0x00000002   Code   RO         5902    i.HAL_TIMEx_BreakCallback  stm32g0xx_hal_tim_ex.o
    0x08006f28   0x08006f28   0x00000002   Code   RO         5903    i.HAL_TIMEx_CommutCallback  stm32g0xx_hal_tim_ex.o
    0x08006f2a   0x08006f2a   0x00000002   PAD
    0x08006f2c   0x08006f2c   0x000000ac   Code   RO         5905    i.HAL_TIMEx_ConfigBreakDeadTime  stm32g0xx_hal_tim_ex.o
    0x08006fd8   0x08006fd8   0x00000064   Code   RO         5924    i.HAL_TIMEx_MasterConfigSynchronization  stm32g0xx_hal_tim_ex.o
    0x0800703c   0x0800703c   0x0000008c   Code   RO         5935    i.HAL_TIMEx_PWMN_Start  stm32g0xx_hal_tim_ex.o
    0x080070c8   0x080070c8   0x0000006c   Code   RO         5938    i.HAL_TIMEx_PWMN_Stop  stm32g0xx_hal_tim_ex.o
    0x08007134   0x08007134   0x0000004c   Code   RO         5191    i.HAL_TIM_Base_Init  stm32g0xx_hal_tim.o
    0x08007180   0x08007180   0x00000030   Code   RO         2214    i.HAL_TIM_Base_MspDeInit  tim.o
    0x080071b0   0x080071b0   0x00000038   Code   RO         2215    i.HAL_TIM_Base_MspInit  tim.o
    0x080071e8   0x080071e8   0x00000050   Code   RO         5196    i.HAL_TIM_Base_Start_IT  stm32g0xx_hal_tim.o
    0x08007238   0x08007238   0x000000e0   Code   RO         5200    i.HAL_TIM_ConfigClockSource  stm32g0xx_hal_tim.o
    0x08007318   0x08007318   0x00000002   Code   RO         5225    i.HAL_TIM_IC_CaptureCallback  stm32g0xx_hal_tim.o
    0x0800731a   0x0800731a   0x00000002   PAD
    0x0800731c   0x0800731c   0x00000184   Code   RO         5239    i.HAL_TIM_IRQHandler  stm32g0xx_hal_tim.o
    0x080074a0   0x080074a0   0x000000bc   Code   RO         2216    i.HAL_TIM_MspPostInit  tim.o
    0x0800755c   0x0800755c   0x00000002   Code   RO         5242    i.HAL_TIM_OC_DelayElapsedCallback  stm32g0xx_hal_tim.o
    0x0800755e   0x0800755e   0x00000128   Code   RO         5263    i.HAL_TIM_PWM_ConfigChannel  stm32g0xx_hal_tim.o
    0x08007686   0x08007686   0x0000004c   Code   RO         5266    i.HAL_TIM_PWM_Init  stm32g0xx_hal_tim.o
    0x080076d2   0x080076d2   0x00000002   Code   RO         5268    i.HAL_TIM_PWM_MspInit  stm32g0xx_hal_tim.o
    0x080076d4   0x080076d4   0x00000002   Code   RO         5269    i.HAL_TIM_PWM_PulseFinishedCallback  stm32g0xx_hal_tim.o
    0x080076d6   0x080076d6   0x00000002   PAD
    0x080076d8   0x080076d8   0x000000c0   Code   RO         5271    i.HAL_TIM_PWM_Start  stm32g0xx_hal_tim.o
    0x08007798   0x08007798   0x00000098   Code   RO         5274    i.HAL_TIM_PWM_Stop  stm32g0xx_hal_tim.o
    0x08007830   0x08007830   0x00000014   Code   RO         1878    i.HAL_TIM_PeriodElapsedCallback  main.o
    0x08007844   0x08007844   0x00000002   Code   RO         5282    i.HAL_TIM_TriggerCallback  stm32g0xx_hal_tim.o
    0x08007846   0x08007846   0x00000002   Code   RO         6209    i.HAL_UARTEx_RxEventCallback  stm32g0xx_hal_uart.o
    0x08007848   0x08007848   0x00000002   Code   RO         6624    i.HAL_UARTEx_RxFifoFullCallback  stm32g0xx_hal_uart_ex.o
    0x0800784a   0x0800784a   0x00000002   Code   RO         6628    i.HAL_UARTEx_TxFifoEmptyCallback  stm32g0xx_hal_uart_ex.o
    0x0800784c   0x0800784c   0x00000002   Code   RO         6629    i.HAL_UARTEx_WakeupCallback  stm32g0xx_hal_uart_ex.o
    0x0800784e   0x0800784e   0x0000009a   Code   RO         6221    i.HAL_UART_DMAStop  stm32g0xx_hal_uart.o
    0x080078e8   0x080078e8   0x00000002   Code   RO         6225    i.HAL_UART_ErrorCallback  stm32g0xx_hal_uart.o
    0x080078ea   0x080078ea   0x00000002   PAD
    0x080078ec   0x080078ec   0x000002f0   Code   RO         6228    i.HAL_UART_IRQHandler  stm32g0xx_hal_uart.o
    0x08007bdc   0x08007bdc   0x0000006c   Code   RO         6229    i.HAL_UART_Init     stm32g0xx_hal_uart.o
    0x08007c48   0x08007c48   0x00000030   Code   RO         2264    i.HAL_UART_MspDeInit  usart.o
    0x08007c78   0x08007c78   0x00000070   Code   RO         2265    i.HAL_UART_MspInit  usart.o
    0x08007ce8   0x08007ce8   0x000000ca   Code   RO         6238    i.HAL_UART_Transmit  stm32g0xx_hal_uart.o
    0x08007db2   0x08007db2   0x00000002   Code   RO         6241    i.HAL_UART_TxCpltCallback  stm32g0xx_hal_uart.o
    0x08007db4   0x08007db4   0x0000009c   Code   RO         1532    i.HW_Printf         15_hw2000b.o
    0x08007e50   0x08007e50   0x000002fc   Code   RO         1533    i.HW_Process        15_hw2000b.o
    0x0800814c   0x0800814c   0x0000004c   Code   RO         1534    i.HW_Read_Fifo      15_hw2000b.o
    0x08008198   0x08008198   0x00000064   Code   RO         1535    i.HW_Read_Reg       15_hw2000b.o
    0x080081fc   0x080081fc   0x0000006e   Code   RO         1536    i.HW_Tx_Data        15_hw2000b.o
    0x0800826a   0x0800826a   0x00000002   PAD
    0x0800826c   0x0800826c   0x0000004c   Code   RO         1537    i.HW_Write_Fifo     15_hw2000b.o
    0x080082b8   0x080082b8   0x00000060   Code   RO         1538    i.HW_Write_Reg      15_hw2000b.o
    0x08008318   0x08008318   0x00000002   Code   RO         2326    i.HardFault_Handler  stm32g0xx_it.o
    0x0800831a   0x0800831a   0x00000002   PAD
    0x0800831c   0x0800831c   0x00000018   Code   RO          842    i.I2C_EEPROM_Error  06_yg6550.o
    0x08008334   0x08008334   0x00000022   Code   RO         3919    i.I2C_Flush_TXDR    stm32g0xx_hal_i2c.o
    0x08008356   0x08008356   0x00000002   PAD
    0x08008358   0x08008358   0x00000028   Code   RO          843    i.I2C_GY6550_Read   06_yg6550.o
    0x08008380   0x08008380   0x00000028   Code   RO          844    i.I2C_GY6550_Write  06_yg6550.o
    0x080083a8   0x080083a8   0x00000110   Code   RO         3927    i.I2C_IsErrorOccurred  stm32g0xx_hal_i2c.o
    0x080084b8   0x080084b8   0x00000060   Code   RO         3932    i.I2C_RequestMemoryRead  stm32g0xx_hal_i2c.o
    0x08008518   0x08008518   0x00000060   Code   RO         3933    i.I2C_RequestMemoryWrite  stm32g0xx_hal_i2c.o
    0x08008578   0x08008578   0x0000002c   Code   RO         3936    i.I2C_TransferConfig  stm32g0xx_hal_i2c.o
    0x080085a4   0x080085a4   0x0000004e   Code   RO         3938    i.I2C_WaitOnFlagUntilTimeout  stm32g0xx_hal_i2c.o
    0x080085f2   0x080085f2   0x0000004c   Code   RO         3940    i.I2C_WaitOnSTOPFlagUntilTimeout  stm32g0xx_hal_i2c.o
    0x0800863e   0x0800863e   0x00000050   Code   RO         3941    i.I2C_WaitOnTXISFlagUntilTimeout  stm32g0xx_hal_i2c.o
    0x0800868e   0x0800868e   0x00000002   PAD
    0x08008690   0x08008690   0x00000020   Code   RO          623    i.IRled_start       04_led_display.o
    0x080086b0   0x080086b0   0x00000014   Code   RO          624    i.IRled_stop        04_led_display.o
    0x080086c4   0x080086c4   0x00000016   Code   RO          626    i.Inset_life_ems_rf_out_Led_Display  04_led_display.o
    0x080086da   0x080086da   0x00000002   PAD
    0x080086dc   0x080086dc   0x0000007c   Code   RO         1398    i.Key_2_4G_auto_match_mode_Check  14_test_mode.o
    0x08008758   0x08008758   0x0000000c   Code   RO          487    i.Key_Call_Data     02_key_process.o
    0x08008764   0x08008764   0x00000168   Code   RO         1399    i.Key_Enter_Test_Mode_Check  14_test_mode.o
    0x080088cc   0x080088cc   0x00000050   Code   RO          488    i.Key_Proc          02_key_process.o
    0x0800891c   0x0800891c   0x00000048   Code   RO          442    i.Key_Scan          01_key_read.o
    0x08008964   0x08008964   0x000000a0   Code   RO         1400    i.Key_ctrl_test_mode_func  14_test_mode.o
    0x08008a04   0x08008a04   0x0000004c   Code   RO          627    i.LCD_Refresh       04_led_display.o
    0x08008a50   0x08008a50   0x00000008   Code   RO         2471    i.LL_ADC_IsEnabled  stm32g0xx_hal_adc.o
    0x08008a58   0x08008a58   0x00000008   Code   RO         2663    i.LL_ADC_IsEnabled  stm32g0xx_hal_adc_ex.o
    0x08008a60   0x08008a60   0x00000008   Code   RO         2472    i.LL_ADC_REG_IsConversionOngoing  stm32g0xx_hal_adc.o
    0x08008a68   0x08008a68   0x00000010   Code   RO         2473    i.LL_ADC_REG_IsTriggerSourceSWStart  stm32g0xx_hal_adc.o
    0x08008a78   0x08008a78   0x0000000e   Code   RO         2475    i.LL_ADC_SetCommonPathInternalCh  stm32g0xx_hal_adc.o
    0x08008a86   0x08008a86   0x00000016   Code   RO         2476    i.LL_ADC_SetSamplingTimeCommonChannels  stm32g0xx_hal_adc.o
    0x08008a9c   0x08008a9c   0x00000120   Code   RO          628    i.Led_Display       04_led_display.o
    0x08008bbc   0x08008bbc   0x000000a8   Code   RO           15    i.Led_Process_Run   00_handle.o
    0x08008c64   0x08008c64   0x00000074   Code   RO          629    i.Led_test_mode_Display  04_led_display.o
    0x08008cd8   0x08008cd8   0x0000004c   Code   RO          630    i.Level_led_scan    04_led_display.o
    0x08008d24   0x08008d24   0x0000007e   Code   RO          631    i.Level_leds_set    04_led_display.o
    0x08008da2   0x08008da2   0x00000002   PAD
    0x08008da4   0x08008da4   0x000000b0   Code   RO         2005    i.MX_ADC1_Init      adc.o
    0x08008e54   0x08008e54   0x00000048   Code   RO         2042    i.MX_DMA_Init       dma.o
    0x08008e9c   0x08008e9c   0x00000054   Code   RO         1952    i.MX_FREERTOS_Init  app_freertos.o
    0x08008ef0   0x08008ef0   0x00000130   Code   RO           16    i.MX_GPIO_DISInit   00_handle.o
    0x08009020   0x08009020   0x0000018c   Code   RO         1926    i.MX_GPIO_Init      gpio.o
    0x080091ac   0x080091ac   0x00000058   Code   RO         2064    i.MX_I2C1_Init      i2c.o
    0x08009204   0x08009204   0x00000058   Code   RO         2065    i.MX_I2C2_Init      i2c.o
    0x0800925c   0x0800925c   0x0000002c   Code   RO         2106    i.MX_IWDG_Init      iwdg.o
    0x08009288   0x08009288   0x00000038   Code   RO         2134    i.MX_RTC_Init       rtc.o
    0x080092c0   0x080092c0   0x0000004c   Code   RO         2172    i.MX_SPI1_Init      spi.o
    0x0800930c   0x0800930c   0x0000004c   Code   RO         2173    i.MX_SPI2_Init      spi.o
    0x08009358   0x08009358   0x000000a0   Code   RO         2217    i.MX_TIM17_Init     tim.o
    0x080093f8   0x080093f8   0x00000130   Code   RO         2218    i.MX_TIM1_Init      tim.o
    0x08009528   0x08009528   0x00000050   Code   RO         2266    i.MX_USART2_UART_Init  usart.o
    0x08009578   0x08009578   0x0000004a   Code   RO          632    i.Mode_led_scan     04_led_display.o
    0x080095c2   0x080095c2   0x00000002   PAD
    0x080095c4   0x080095c4   0x00000054   Code   RO          815    i.Montor_Drive      05_montor_control.o
    0x08009618   0x08009618   0x00000002   Code   RO         2327    i.NMI_Handler       stm32g0xx_it.o
    0x0800961a   0x0800961a   0x00000002   PAD
    0x0800961c   0x0800961c   0x00000190   Code   RO          998    i.NTC_Temp_Running  08_ntc.o
    0x080097ac   0x080097ac   0x00000070   Code   RO         1401    i.NTC_Temp_SendData  14_test_mode.o
    0x0800981c   0x0800981c   0x00000048   Code   RO          999    i.NTC_Temp_compensation  08_ntc.o
    0x08009864   0x08009864   0x00000034   Code   RO         1104    i.Pole_Change       11_rf.o
    0x08009898   0x08009898   0x00000074   Code   RO          845    i.READ_MPU6500_ACCEL  06_yg6550.o
    0x0800990c   0x0800990c   0x00000074   Code   RO          846    i.READ_MPU6500_GYRO  06_yg6550.o
    0x08009980   0x08009980   0x0000001a   Code   RO           17    i.RF_Call_Data      00_handle.o
    0x0800999a   0x0800999a   0x00000002   PAD
    0x0800999c   0x0800999c   0x0000001c   Code   RO         1105    i.RF_DeInit         11_rf.o
    0x080099b8   0x080099b8   0x0000002c   Code   RO         1106    i.RF_Frequency_conversion  11_rf.o
    0x080099e4   0x080099e4   0x00000020   Code   RO         1107    i.RF_Init           11_rf.o
    0x08009a04   0x08009a04   0x00000018   Code   RO         1108    i.RF_Osc_ON         11_rf.o
    0x08009a1c   0x08009a1c   0x00000018   Code   RO         1109    i.RF_Osc_Off        11_rf.o
    0x08009a34   0x08009a34   0x00000060   Code   RO           18    i.RF_Procedure_Run  00_handle.o
    0x08009a94   0x08009a94   0x00000084   Code   RO         1110    i.RF_Process        11_rf.o
    0x08009b18   0x08009b18   0x00000030   Code   RO         1111    i.RF_Start          11_rf.o
    0x08009b48   0x08009b48   0x00000020   Code   RO         1112    i.RF_Stop           11_rf.o
    0x08009b68   0x08009b68   0x0000001c   Code   RO          634    i.RGB_Init          04_led_display.o
    0x08009b84   0x08009b84   0x0000003c   Code   RO          635    i.RGB_SPI_Transmit  04_led_display.o
    0x08009bc0   0x08009bc0   0x00000044   Code   RO         4429    i.RTC_EnterInitMode  stm32g0xx_hal_rtc.o
    0x08009c04   0x08009c04   0x00000050   Code   RO         4430    i.RTC_ExitInitMode  stm32g0xx_hal_rtc.o
    0x08009c54   0x08009c54   0x00000014   Code   RO         1310    i.ReadDevice_ID     13_eeprom.o
    0x08009c68   0x08009c68   0x0000000c   Code   RO         1311    i.ReadPeerCode      13_eeprom.o
    0x08009c74   0x08009c74   0x0000011c   Code   RO         1312    i.Read_Current_Level_For_Eeprom  13_eeprom.o
    0x08009d90   0x08009d90   0x0000001c   Code   RO         1539    i.Rx_Enable         15_hw2000b.o
    0x08009dac   0x08009dac   0x00000064   Code   RO           20    i.SLIDE_MODE_Run    00_handle.o
    0x08009e10   0x08009e10   0x00000022   Code   RO         4885    i.SPI_DMAError      stm32g0xx_hal_spi.o
    0x08009e32   0x08009e32   0x0000000a   Code   RO         4887    i.SPI_DMAHalfTransmitCplt  stm32g0xx_hal_spi.o
    0x08009e3c   0x08009e3c   0x00000068   Code   RO         4891    i.SPI_DMATransmitCplt  stm32g0xx_hal_spi.o
    0x08009ea4   0x08009ea4   0x0000004c   Code   RO         4895    i.SPI_EndRxTxTransaction  stm32g0xx_hal_spi.o
    0x08009ef0   0x08009ef0   0x000000d8   Code   RO         4900    i.SPI_WaitFifoStateUntilTimeout  stm32g0xx_hal_spi.o
    0x08009fc8   0x08009fc8   0x000000b8   Code   RO         4901    i.SPI_WaitFlagStateUntilTimeout  stm32g0xx_hal_spi.o
    0x0800a080   0x0800a080   0x00000002   Code   RO         7853    i.SVC_Handler       port.o
    0x0800a082   0x0800a082   0x00000002   PAD
    0x0800a084   0x0800a084   0x00000058   Code   RO         1313    i.SavePeerCode      13_eeprom.o
    0x0800a0dc   0x0800a0dc   0x000000a8   Code   RO          928    i.Scan_Batter_State  07_battery.o
    0x0800a184   0x0800a184   0x00000020   Code   RO         2267    i.Send_Data_with_crc  usart.o
    0x0800a1a4   0x0800a1a4   0x00000018   Code   RO          636    i.Set_Color_Handle  04_led_display.o
    0x0800a1bc   0x0800a1bc   0x0000007c   Code   RO         1200    i.Set_Ems_Value     12_ems.o
    0x0800a238   0x0800a238   0x0000008c   Code   RO         1083    i.Set_Mbi5020_Out   10_mbi5020.o
    0x0800a2c4   0x0800a2c4   0x00000078   Code   RO           21    i.Set_OverTemp_Parameter  00_handle.o
    0x0800a33c   0x0800a33c   0x000001a8   Code   RO         1113    i.Set_RF_Level      11_rf.o
    0x0800a4e4   0x0800a4e4   0x00000010   Code   RO         1035    i.Skin_RF_Scan      09_skin.o
    0x0800a4f4   0x0800a4f4   0x00000038   Code   RO         1036    i.Skin_Touch_Scan   09_skin.o
    0x0800a52c   0x0800a52c   0x00000038   Code   RO         1540    i.Spi_Init          15_hw2000b.o
    0x0800a564   0x0800a564   0x0000003c   Code   RO         1953    i.StartDefaultTask  app_freertos.o
    0x0800a5a0   0x0800a5a0   0x000000a4   Code   RO         1954    i.StartTask02       app_freertos.o
    0x0800a644   0x0800a644   0x0000008c   Code   RO         1955    i.StartTask03       app_freertos.o
    0x0800a6d0   0x0800a6d0   0x00000074   Code   RO          637    i.State_led_scan    04_led_display.o
    0x0800a744   0x0800a744   0x00000048   Code   RO          638    i.Status_Mode_led_flicker  04_led_display.o
    0x0800a78c   0x0800a78c   0x00000024   Code   RO         7854    i.SysTick_Handler   port.o
    0x0800a7b0   0x0800a7b0   0x00000010   Code   RO         1314    i.Sys_IWDG_STOP_Mode  13_eeprom.o
    0x0800a7c0   0x0800a7c0   0x00000040   Code   RO          489    i.Sys_Wakeup_init   02_key_process.o
    0x0800a800   0x0800a800   0x00000074   Code   RO         1879    i.SystemClock_Config  main.o
    0x0800a874   0x0800a874   0x00000010   Code   RO         6731    i.SystemInit        system_stm32g0xx.o
    0x0800a884   0x0800a884   0x00000068   Code   RO           22    i.System_Data_Init  00_handle.o
    0x0800a8ec   0x0800a8ec   0x00000040   Code   RO           23    i.System_Data_Save  00_handle.o
    0x0800a92c   0x0800a92c   0x00000104   Code   RO           24    i.System_Error_Deal  00_handle.o
    0x0800aa30   0x0800aa30   0x000000ac   Code   RO           25    i.System_Sleep      00_handle.o
    0x0800aadc   0x0800aadc   0x00000044   Code   RO           26    i.System_Standby_Check  00_handle.o
    0x0800ab20   0x0800ab20   0x00000010   Code   RO         2328    i.TIM3_IRQHandler   stm32g0xx_it.o
    0x0800ab30   0x0800ab30   0x00000078   Code   RO         5284    i.TIM_Base_SetConfig  stm32g0xx_hal_tim.o
    0x0800aba8   0x0800aba8   0x0000001a   Code   RO         5285    i.TIM_CCxChannelCmd  stm32g0xx_hal_tim.o
    0x0800abc2   0x0800abc2   0x0000001a   Code   RO         5946    i.TIM_CCxNChannelCmd  stm32g0xx_hal_tim_ex.o
    0x0800abdc   0x0800abdc   0x00000016   Code   RO         5295    i.TIM_ETR_SetConfig  stm32g0xx_hal_tim.o
    0x0800abf2   0x0800abf2   0x00000002   PAD
    0x0800abf4   0x0800abf4   0x00000014   Code   RO         5296    i.TIM_ITRx_SetConfig  stm32g0xx_hal_tim.o
    0x0800ac08   0x0800ac08   0x0000007c   Code   RO         5297    i.TIM_OC1_SetConfig  stm32g0xx_hal_tim.o
    0x0800ac84   0x0800ac84   0x0000007c   Code   RO         5298    i.TIM_OC2_SetConfig  stm32g0xx_hal_tim.o
    0x0800ad00   0x0800ad00   0x0000007c   Code   RO         5299    i.TIM_OC3_SetConfig  stm32g0xx_hal_tim.o
    0x0800ad7c   0x0800ad7c   0x0000006c   Code   RO         5300    i.TIM_OC4_SetConfig  stm32g0xx_hal_tim.o
    0x0800ade8   0x0800ade8   0x0000005c   Code   RO         5301    i.TIM_OC5_SetConfig  stm32g0xx_hal_tim.o
    0x0800ae44   0x0800ae44   0x00000064   Code   RO         5302    i.TIM_OC6_SetConfig  stm32g0xx_hal_tim.o
    0x0800aea8   0x0800aea8   0x00000022   Code   RO         5304    i.TIM_TI1_ConfigInputStage  stm32g0xx_hal_tim.o
    0x0800aeca   0x0800aeca   0x00000026   Code   RO         5306    i.TIM_TI2_ConfigInputStage  stm32g0xx_hal_tim.o
    0x0800aef0   0x0800aef0   0x00000050   Code   RO          490    i.Test_Key_Proc     02_key_process.o
    0x0800af40   0x0800af40   0x000000a8   Code   RO         1403    i.Test_Mode_EMS_RF_ctrl  14_test_mode.o
    0x0800afe8   0x0800afe8   0x0000007c   Code   RO         1406    i.Test_USB_Plug_Scan  14_test_mode.o
    0x0800b064   0x0800b064   0x000000f0   Code   RO         1407    i.Test_mode_ctrl_Process  14_test_mode.o
    0x0800b154   0x0800b154   0x00000050   Code   RO          639    i.Twink1hz_Display  04_led_display.o
    0x0800b1a4   0x0800b1a4   0x000000ca   Code   RO         6243    i.UART_AdvFeatureConfig  stm32g0xx_hal_uart.o
    0x0800b26e   0x0800b26e   0x00000002   PAD
    0x0800b270   0x0800b270   0x00000064   Code   RO         6244    i.UART_CheckIdleState  stm32g0xx_hal_uart.o
    0x0800b2d4   0x0800b2d4   0x00000014   Code   RO         6245    i.UART_DMAAbortOnError  stm32g0xx_hal_uart.o
    0x0800b2e8   0x0800b2e8   0x00000064   Code   RO         6255    i.UART_EndRxTransfer  stm32g0xx_hal_uart.o
    0x0800b34c   0x0800b34c   0x0000003c   Code   RO         6256    i.UART_EndTxTransfer  stm32g0xx_hal_uart.o
    0x0800b388   0x0800b388   0x00000168   Code   RO         6261    i.UART_SetConfig    stm32g0xx_hal_uart.o
    0x0800b4f0   0x0800b4f0   0x000000d2   Code   RO         6268    i.UART_WaitOnFlagUntilTimeout  stm32g0xx_hal_uart.o
    0x0800b5c2   0x0800b5c2   0x00000002   PAD
    0x0800b5c4   0x0800b5c4   0x00000014   Code   RO         2329    i.USART2_IRQHandler  stm32g0xx_it.o
    0x0800b5d8   0x0800b5d8   0x00000078   Code   RO          929    i.USB_Plug_Scan     07_battery.o
    0x0800b650   0x0800b650   0x000000d4   Code   RO         1633    i.Uart_Protocol_Process  16_usart_app.o
    0x0800b724   0x0800b724   0x00000140   Code   RO           27    i.Vibration_Reminder_Counts_Run  00_handle.o
    0x0800b864   0x0800b864   0x00000008   Code   RO         1316    i.Write_Parameter_To_Eeprom  13_eeprom.o
    0x0800b86c   0x0800b86c   0x00000020   Code   RO         8183    i.__0printf         mc_p.l(printfa.o)
    0x0800b88c   0x0800b88c   0x0000002e   Code   RO         8285    i.__ARM_clz         mf_p.l(depilogue.o)
    0x0800b8ba   0x0800b8ba   0x0000001a   Code   RO          587    i.__ARM_common_switch8  02_key_process.o
    0x0800b8d4   0x0800b8d4   0x00000044   Code   RO         3502    i.__NVIC_SetPriority  stm32g0xx_hal_cortex.o
    0x0800b918   0x0800b918   0x000000ac   Code   RO         8247    i.__kernel_poly     m_ps.l(poly.o)
    0x0800b9c4   0x0800b9c4   0x00000014   Code   RO         8233    i.__mathlib_dbl_divzero  m_ps.l(dunder.o)
    0x0800b9d8   0x0800b9d8   0x0000000a   Code   RO         8234    i.__mathlib_dbl_infnan  m_ps.l(dunder.o)
    0x0800b9e2   0x0800b9e2   0x00000010   Code   RO         8236    i.__mathlib_dbl_invalid  m_ps.l(dunder.o)
    0x0800b9f2   0x0800b9f2   0x0000000e   Code   RO         8307    i.__scatterload_copy  mc_p.l(handlers.o)
    0x0800ba00   0x0800ba00   0x00000002   Code   RO         8308    i.__scatterload_null  mc_p.l(handlers.o)
    0x0800ba02   0x0800ba02   0x0000000e   Code   RO         8309    i.__scatterload_zeroinit  mc_p.l(handlers.o)
    0x0800ba10   0x0800ba10   0x0000000c   Code   RO         8275    i.__set_errno       mc_p.l(errno.o)
    0x0800ba1c   0x0800ba1c   0x00000174   Code   RO         8190    i._fp_digits        mc_p.l(printfa.o)
    0x0800bb90   0x0800bb90   0x000006f0   Code   RO         8191    i._printf_core      mc_p.l(printfa.o)
    0x0800c280   0x0800c280   0x00000020   Code   RO         8192    i._printf_post_padding  mc_p.l(printfa.o)
    0x0800c2a0   0x0800c2a0   0x0000002c   Code   RO         8193    i._printf_pre_padding  mc_p.l(printfa.o)
    0x0800c2cc   0x0800c2cc   0x00000040   Code   RO           28    i.adc_param_self_check  00_handle.o
    0x0800c30c   0x0800c30c   0x00000030   Code   RO         1634    i.cali_ntc_result   16_usart_app.o
    0x0800c33c   0x0800c33c   0x00000034   Code   RO         1408    i.crc16_compute     14_test_mode.o
    0x0800c370   0x0800c370   0x00000074   Code   RO         1635    i.dealwith_ALIGN_test  16_usart_app.o
    0x0800c3e4   0x0800c3e4   0x000000d4   Code   RO         1636    i.dealwith_EMS_test  16_usart_app.o
    0x0800c4b8   0x0800c4b8   0x00000064   Code   RO         1637    i.dealwith_G_SENSOR_test  16_usart_app.o
    0x0800c51c   0x0800c51c   0x00000050   Code   RO         1638    i.dealwith_INSET_test  16_usart_app.o
    0x0800c56c   0x0800c56c   0x0000009c   Code   RO         1639    i.dealwith_Inset_life_test  16_usart_app.o
    0x0800c608   0x0800c608   0x00000050   Code   RO         1640    i.dealwith_KEY_test  16_usart_app.o
    0x0800c658   0x0800c658   0x00000028   Code   RO         1641    i.dealwith_KEY_test_level_add_key_up  16_usart_app.o
    0x0800c680   0x0800c680   0x00000028   Code   RO         1642    i.dealwith_KEY_test_level_dec_key_up  16_usart_app.o
    0x0800c6a8   0x0800c6a8   0x00000028   Code   RO         1643    i.dealwith_KEY_test_power_key_up  16_usart_app.o
    0x0800c6d0   0x0800c6d0   0x000000cc   Code   RO         1644    i.dealwith_RF_test  16_usart_app.o
    0x0800c79c   0x0800c79c   0x00000044   Code   RO         1645    i.dealwith_adjust_ntc_temp  16_usart_app.o
    0x0800c7e0   0x0800c7e0   0x00000088   Code   RO           29    i.dealwith_battery_charge_mode  00_handle.o
    0x0800c868   0x0800c868   0x00000054   Code   RO         1646    i.dealwith_light_test  16_usart_app.o
    0x0800c8bc   0x0800c8bc   0x00000048   Code   RO           30    i.dealwith_system_work_mode  00_handle.o
    0x0800c904   0x0800c904   0x00000054   Code   RO         1647    i.ems_test_level_select  16_usart_app.o
    0x0800c958   0x0800c958   0x0000008c   Code   RO         1648    i.enter_agine_test_init  16_usart_app.o
    0x0800c9e4   0x0800c9e4   0x0000008c   Code   RO         1649    i.enter_inset_life_test_init  16_usart_app.o
    0x0800ca70   0x0800ca70   0x0000005c   Code   RO         1409    i.enter_tila_ems_test  14_test_mode.o
    0x0800cacc   0x0800cacc   0x0000005c   Code   RO         1410    i.enter_tila_rf_test  14_test_mode.o
    0x0800cb28   0x0800cb28   0x0000005c   Code   RO         1411    i.enter_xiufu_rf_test  14_test_mode.o
    0x0800cb84   0x0800cb84   0x000000f8   Code   RO           31    i.exit_sleep_mode   00_handle.o
    0x0800cc7c   0x0800cc7c   0x0000007e   Code   RO          930    i.filter            07_battery.o
    0x0800ccfa   0x0800ccfa   0x00000002   PAD
    0x0800ccfc   0x0800ccfc   0x00000018   Code   RO         1412    i.fputc             14_test_mode.o
    0x0800cd14   0x0800cd14   0x00000054   Code   RO         1650    i.get_Battery_val   16_usart_app.o
    0x0800cd68   0x0800cd68   0x0000006c   Code   RO         1651    i.get_NTC_temp      16_usart_app.o
    0x0800cdd4   0x0800cdd4   0x000000ac   Code   RO          491    i.get_key_msg       02_key_process.o
    0x0800ce80   0x0800ce80   0x00000044   Code   RO         1652    i.get_peer_code     16_usart_app.o
    0x0800cec4   0x0800cec4   0x00000038   Code   RO         1653    i.get_soft_version  16_usart_app.o
    0x0800cefc   0x0800cefc   0x00000130   Code   RO         1541    i.hw2000b_init_250k  15_hw2000b.o
    0x0800d02c   0x0800d02c   0x00000354   Code   RO         7924    i.log               m_ps.l(log.o)
    0x0800d380   0x0800d380   0x000000b0   Code   RO         1880    i.main              main.o
    0x0800d430   0x0800d430   0x0000000c   Code   RO         7452    i.makeFreeRtosPriority  cmsis_os.o
    0x0800d43c   0x0800d43c   0x0000000a   Code   RO         7457    i.osKernelStart     cmsis_os.o
    0x0800d446   0x0800d446   0x00000034   Code   RO         7491    i.osThreadCreate    cmsis_os.o
    0x0800d47a   0x0800d47a   0x00000002   PAD
    0x0800d47c   0x0800d47c   0x00000058   Code   RO         7167    i.prvAddCurrentTaskToDelayedList  tasks.o
    0x0800d4d4   0x0800d4d4   0x00000078   Code   RO         7168    i.prvAddNewTaskToReadyList  tasks.o
    0x0800d54c   0x0800d54c   0x00000002   Code   RO         7169    i.prvCheckTasksWaitingTermination  tasks.o
    0x0800d54e   0x0800d54e   0x00000002   PAD
    0x0800d550   0x0800d550   0x00000050   Code   RO         7797    i.prvHeapInit       heap_4.o
    0x0800d5a0   0x0800d5a0   0x00000018   Code   RO         7170    i.prvIdleTask       tasks.o
    0x0800d5b8   0x0800d5b8   0x00000098   Code   RO         7171    i.prvInitialiseNewTask  tasks.o
    0x0800d650   0x0800d650   0x00000054   Code   RO         7172    i.prvInitialiseTaskLists  tasks.o
    0x0800d6a4   0x0800d6a4   0x00000058   Code   RO         7798    i.prvInsertBlockIntoFreeList  heap_4.o
    0x0800d6fc   0x0800d6fc   0x00000024   Code   RO         7173    i.prvResetNextTaskUnblockTime  tasks.o
    0x0800d720   0x0800d720   0x00000014   Code   RO         7855    i.prvTaskExitError  port.o
    0x0800d734   0x0800d734   0x000000bc   Code   RO         7799    i.pvPortMalloc      heap_4.o
    0x0800d7f0   0x0800d7f0   0x00000020   Code   RO         7856    i.pxPortInitialiseStack  port.o
    0x0800d810   0x0800d810   0x0000008c   Code   RO         1037    i.read_RF_ADC_value  09_skin.o
    0x0800d89c   0x0800d89c   0x00000080   Code   RO         1654    i.reset_param_test  16_usart_app.o
    0x0800d91c   0x0800d91c   0x000000f4   Code   RO         1318    i.save_msg_to_flash  13_eeprom.o
    0x0800da10   0x0800da10   0x00000014   Code   RO         2268    i.send_data_to_usart  usart.o
    0x0800da24   0x0800da24   0x00000044   Code   RO         1655    i.send_ntc_temp     16_usart_app.o
    0x0800da68   0x0800da68   0x0000001c   Code   RO         1542    i.set_auto_math_freq_2470M  15_hw2000b.o
    0x0800da84   0x0800da84   0x00000012   Code   RO          640    i.set_black_color   04_led_display.o
    0x0800da96   0x0800da96   0x00000012   Code   RO          641    i.set_blue_color    04_led_display.o
    0x0800daa8   0x0800daa8   0x00000012   Code   RO          642    i.set_cyan_color    04_led_display.o
    0x0800daba   0x0800daba   0x00000012   Code   RO          643    i.set_green_color   04_led_display.o
    0x0800dacc   0x0800dacc   0x00000028   Code   RO         1543    i.set_normal_freq   15_hw2000b.o
    0x0800daf4   0x0800daf4   0x00000050   Code   RO         1656    i.set_peer_code     16_usart_app.o
    0x0800db44   0x0800db44   0x00000012   Code   RO          644    i.set_red_color     04_led_display.o
    0x0800db56   0x0800db56   0x00000012   Code   RO          645    i.set_white_color   04_led_display.o
    0x0800db68   0x0800db68   0x00000094   Code   RO         1038    i.skin_Touch_check  09_skin.o
    0x0800dbfc   0x0800dbfc   0x00000084   Code   RO         1039    i.skin_short_circuit_check  09_skin.o
    0x0800dc80   0x0800dc80   0x0000003c   Code   RO         1927    i.sys_swd_clk_init  gpio.o
    0x0800dcbc   0x0800dcbc   0x000000ec   Code   RO          646    i.test_mode_led_disp  04_led_display.o
    0x0800dda8   0x0800dda8   0x00000044   Code   RO         2269    i.uart_idle_callback  usart.o
    0x0800ddec   0x0800ddec   0x00000044   Code   RO         1202    i.upkeep_RF_Level   12_ems.o
    0x0800de30   0x0800de30   0x00000026   Code   RO         6851    i.uxListRemove      list.o
    0x0800de56   0x0800de56   0x00000016   Code   RO         6852    i.vListInitialise   list.o
    0x0800de6c   0x0800de6c   0x00000006   Code   RO         6853    i.vListInitialiseItem  list.o
    0x0800de72   0x0800de72   0x00000032   Code   RO         6854    i.vListInsert       list.o
    0x0800dea4   0x0800dea4   0x00000018   Code   RO         6855    i.vListInsertEnd    list.o
    0x0800debc   0x0800debc   0x00000018   Code   RO         7858    i.vPortEnterCritical  port.o
    0x0800ded4   0x0800ded4   0x0000001c   Code   RO         7859    i.vPortExitCritical  port.o
    0x0800def0   0x0800def0   0x00000048   Code   RO         7800    i.vPortFree         heap_4.o
    0x0800df38   0x0800df38   0x00000028   Code   RO         7860    i.vPortSetupTimerInterrupt  port.o
    0x0800df60   0x0800df60   0x00000018   Code   RO         7861    i.vPortYield        port.o
    0x0800df78   0x0800df78   0x00000034   Code   RO         7181    i.vTaskDelay        tasks.o
    0x0800dfac   0x0800dfac   0x00000068   Code   RO         7182    i.vTaskDelayUntil   tasks.o
    0x0800e014   0x0800e014   0x00000050   Code   RO         7192    i.vTaskStartScheduler  tasks.o
    0x0800e064   0x0800e064   0x00000010   Code   RO         7194    i.vTaskSuspendAll   tasks.o
    0x0800e074   0x0800e074   0x00000068   Code   RO         7195    i.vTaskSwitchContext  tasks.o
    0x0800e0dc   0x0800e0dc   0x00000030   Code   RO         7862    i.xPortStartScheduler  port.o
    0x0800e10c   0x0800e10c   0x0000005a   Code   RO         7198    i.xTaskCreate       tasks.o
    0x0800e166   0x0800e166   0x00000002   PAD
    0x0800e168   0x0800e168   0x0000000c   Code   RO         7203    i.xTaskGetTickCount  tasks.o
    0x0800e174   0x0800e174   0x000000c0   Code   RO         7205    i.xTaskIncrementTick  tasks.o
    0x0800e234   0x0800e234   0x000000b4   Code   RO         7209    i.xTaskResumeAll    tasks.o
    0x0800e2e8   0x0800e2e8   0x00000024   Data   RO         1546    .constdata          15_hw2000b.o
    0x0800e30c   0x0800e30c   0x0000003c   Data   RO         1956    .constdata          app_freertos.o
    0x0800e348   0x0800e348   0x00000018   Data   RO         6269    .constdata          stm32g0xx_hal_uart.o
    0x0800e360   0x0800e360   0x00000040   Data   RO         6732    .constdata          system_stm32g0xx.o
    0x0800e3a0   0x0800e3a0   0x00000020   Data   RO         6733    .constdata          system_stm32g0xx.o
    0x0800e3c0   0x0800e3c0   0x00000038   Data   RO         7925    .constdata          m_ps.l(log.o)
    0x0800e3f8   0x0800e3f8   0x00000008   Data   RO         8249    .constdata          m_ps.l(qnan.o)
    0x0800e400   0x0800e400   0x00000024   Data   RO         1957    .conststring        app_freertos.o
    0x0800e424   0x0800e424   0x00000020   Data   RO         8305    Region$$Table       anon$$obj.o


    Execution Region RW_IRAM1 (Exec base: 0x20000000, Load base: 0x0800e444, Size: 0x00001b98, Max: 0x00002000, ABSOLUTE, COMPRESSED[0x00000038])

    Exec Addr    Load Addr    Size         Type   Attr      Idx    E Section Name        Object

    0x20000000   COMPRESSED   0x00000010   Data   RW           32    .data               00_handle.o
    0x20000010   COMPRESSED   0x0000000c   Data   RW          492    .data               02_key_process.o
    0x2000001c   COMPRESSED   0x00000022   Data   RW          648    .data               04_led_display.o
    0x2000003e   COMPRESSED   0x00000004   Data   RW          816    .data               05_montor_control.o
    0x20000042   COMPRESSED   0x00000002   PAD
    0x20000044   COMPRESSED   0x00000040   Data   RW          849    .data               06_yg6550.o
    0x20000084   COMPRESSED   0x00000008   Data   RW          932    .data               07_battery.o
    0x2000008c   COMPRESSED   0x00000010   Data   RW         1002    .data               08_ntc.o
    0x2000009c   COMPRESSED   0x0000000c   Data   RW         1041    .data               09_skin.o
    0x200000a8   COMPRESSED   0x0000000a   Data   RW         1114    .data               11_rf.o
    0x200000b2   COMPRESSED   0x00000002   PAD
    0x200000b4   COMPRESSED   0x00000020   Data   RW         1204    .data               12_ems.o
    0x200000d4   COMPRESSED   0x00000004   Data   RW         1319    .data               13_eeprom.o
    0x200000d8   COMPRESSED   0x00000012   Data   RW         1413    .data               14_test_mode.o
    0x200000ea   COMPRESSED   0x00000004   Data   RW         1547    .data               15_hw2000b.o
    0x200000ee   COMPRESSED   0x00000002   PAD
    0x200000f0   COMPRESSED   0x00000004   Data   RW         1548    .data               15_hw2000b.o
    0x200000f4   COMPRESSED   0x00000004   Data   RW         1657    .data               16_usart_app.o
    0x200000f8   COMPRESSED   0x00000008   Data   RW         1800    .data               17_ems_dac_mcp4726.o
    0x20000100   COMPRESSED   0x00000010   Data   RW         1958    .data               app_freertos.o
    0x20000110   COMPRESSED   0x00000008   Data   RW         2007    .data               adc.o
    0x20000118   COMPRESSED   0x00000002   Data   RW         2272    .data               usart.o
    0x2000011a   COMPRESSED   0x00000002   PAD
    0x2000011c   COMPRESSED   0x0000000c   Data   RW         3628    .data               stm32g0xx_hal.o
    0x20000128   COMPRESSED   0x00000004   Data   RW         6734    .data               system_stm32g0xx.o
    0x2000012c   COMPRESSED   0x00000038   Data   RW         7212    .data               tasks.o
    0x20000164   COMPRESSED   0x00000020   Data   RW         7806    .data               heap_4.o
    0x20000184   COMPRESSED   0x00000004   Data   RW         7863    .data               port.o
    0x20000188   COMPRESSED   0x00000004   Data   RW         8266    .data               mc_p.l(stdout.o)
    0x2000018c   COMPRESSED   0x00000004   Data   RW         8276    .data               mc_p.l(errno.o)
    0x20000190        -       0x0000006c   Zero   RW          443    .bss                01_key_read.o
    0x200001fc        -       0x00000100   Zero   RW          647    .bss                04_led_display.o
    0x200002fc        -       0x0000000a   Zero   RW          847    .bss                06_yg6550.o
    0x20000306        -       0x000001ce   Zero   RW          931    .bss                07_battery.o
    0x200004d4        -       0x00000014   Zero   RW         1040    .bss                09_skin.o
    0x200004e8        -       0x0000000c   Zero   RW         1203    .bss                12_ems.o
    0x200004f4        -       0x00000020   Zero   RW         1545    .bss                15_hw2000b.o
    0x20000514        -       0x000000c0   Zero   RW         2006    .bss                adc.o
    0x200005d4        -       0x000000a8   Zero   RW         2066    .bss                i2c.o
    0x2000067c        -       0x00000010   Zero   RW         2107    .bss                iwdg.o
    0x2000068c        -       0x0000002c   Zero   RW         2135    .bss                rtc.o
    0x200006b8        -       0x00000124   Zero   RW         2174    .bss                spi.o
    0x200007dc        -       0x00000098   Zero   RW         2219    .bss                tim.o
    0x20000874        -       0x000000a8   Zero   RW         2270    .bss                usart.o
    0x2000091c        -       0x00000014   Zero   RW         2271    .bss                usart.o
    0x20000930        -       0x0000004c   Zero   RW         2411    .bss                stm32g0xx_hal_timebase_tim.o
    0x2000097c        -       0x0000001c   Zero   RW         2902    .bss                stm32g0xx_hal_flash.o
    0x20000998        -       0x000000b4   Zero   RW         7211    .bss                tasks.o
    0x20000a4c        -       0x00000d48   Zero   RW         7805    .bss                heap_4.o
    0x20001794   COMPRESSED   0x00000004   PAD
    0x20001798        -       0x00000400   Zero   RW            1    STACK               startup_stm32g030xx.o


==============================================================================

Image component sizes


      Code (inc. data)   RO Data    RW Data    ZI Data      Debug   Object Name

      2846        342          0         16          0     485748   00_handle.o
       108         20          0          0        108       7146   01_key_read.o
      1798        242          0         12          0      10847   02_key_process.o
        36         14          0          0          0        442   03_base_time.o
      1930        142          0         34        256      24175   04_led_display.o
        84         14          0          4          0        971   05_montor_control.o
       924         70          0         64         10       8127   06_yg6550.o
       940        106          0          8        462       8230   07_battery.o
       532        100          0         16          0       2450   08_ntc.o
       620         74          0         12         20       3715   09_skin.o
       140         18          0          0          0        606   10_mbi5020.o
       968         88          0         10          0      12151   11_rf.o
       808        124          0         32         12      15675   12_ems.o
       740         74          0          4          0       7017   13_eeprom.o
      2308        212          0         18          0      10593   14_test_mode.o
      1834        234         36          8         32      10096   15_hw2000b.o
      2512        324          0          4          0      15221   16_usart_app.o
       300        116          0          8          0       2935   17_ems_dac_mcp4726.o
       372         92          0          0          0       3452   18_ems_dac_sgm5355.o
       388         42          0          8        192       2197   adc.o
       448         42         96         16          0       3200   app_freertos.o
        74          0          0          0          0       6293   cmsis_os.o
        72          4          0          0          0        734   dma.o
         0          0          0          0          0       2452   event_groups.o
       456         38          0          0          0       1606   gpio.o
       428         40          0         32       3400       4319   heap_4.o
       448         50          0          0        168       2782   i2c.o
        44         12          0          0         16        647   iwdg.o
       140          0          0          0          0       3326   list.o
       316         70          0          0          0       6098   main.o
       374         54          0          4          0       7247   port.o
       144         16          0          0         44       1519   rtc.o
       528         64          0          0        292       2919   spi.o
        48         10        192          0       1024        624   startup_stm32g030xx.o
        88         14          0         12          0      14848   stm32g0xx_hal.o
      2092        106          0          0          0      46027   stm32g0xx_hal_adc.o
       316         14          0          0          0      34775   stm32g0xx_hal_adc_ex.o
       160         30          0          0          0      12513   stm32g0xx_hal_cortex.o
      1024         50          0          0          0       7358   stm32g0xx_hal_dma.o
       344         56          0          0         28      16734   stm32g0xx_hal_flash.o
       188         26          0          0          0       2774   stm32g0xx_hal_flash_ex.o
       624         38          0          0          0       4464   stm32g0xx_hal_gpio.o
      1952         48          0          0          0      13505   stm32g0xx_hal_i2c.o
       146          0          0          0          0       1859   stm32g0xx_hal_i2c_ex.o
       124         20          0          0          0       1815   stm32g0xx_hal_iwdg.o
        52          4          0          0          0        806   stm32g0xx_hal_msp.o
        64         10          0          0          0        616   stm32g0xx_hal_pwr.o
       108         26          0          0          0       1833   stm32g0xx_hal_pwr_ex.o
      1728        118          0          0          0      21627   stm32g0xx_hal_rcc.o
       332         12          0          0          0       1600   stm32g0xx_hal_rcc_ex.o
       376         10          0          0          0       3479   stm32g0xx_hal_rtc.o
      2062         22          0          0          0      12739   stm32g0xx_hal_spi.o
      2426        182          0          0          0      17749   stm32g0xx_hal_tim.o
       552         38          0          0          0       5829   stm32g0xx_hal_tim_ex.o
       196         38          0          0         76       2326   stm32g0xx_hal_timebase_tim.o
      2274         60         24          0          0      34523   stm32g0xx_hal_uart.o
         6          0          0          0          0       2045   stm32g0xx_hal_uart_ex.o
       214         26          0          0          0       3630   stm32g0xx_it.o
        16          8         96          4          0       1175   system_stm32g0xx.o
      1336        124          0         56        180      17927   tasks.o
       756         72          0          0        152       3756   tim.o
       360         40          0          2        188       4096   usart.o

    ----------------------------------------------------------------------
     43678       4040        476        392       6664     967988   Object Totals
         0          0         32          0          0          0   (incl. Generated)
        54          0          0          8          4          0   (incl. Padding)

    ----------------------------------------------------------------------

      Code (inc. data)   RO Data    RW Data    ZI Data      Debug   Library Member Name

        46          4          0          0          0        204   dunder.o
       852         62         56          0          0        136   log.o
       172          0          0          0          0         76   poly.o
         0          0          8          0          0          0   qnan.o
        86          0          0          0          0          0   __dczerorl2.o
         0          0          0          0          0          0   entry.o
         0          0          0          0          0          0   entry10a.o
         0          0          0          0          0          0   entry11a.o
         4          0          0          0          0          0   entry12b.o
         8          4          0          0          0          0   entry2.o
         4          0          0          0          0          0   entry5.o
         0          0          0          0          0          0   entry7b.o
         0          0          0          0          0          0   entry8b.o
         8          4          0          0          0          0   entry9a.o
        12          6          0          4          0         60   errno.o
        30          0          0          0          0          0   handlers.o
        40          0          0          0          0         72   idiv.o
        36          8          0          0          0         68   init.o
         0          0          0          0          0          0   iusefp.o
        32          0          0          0          0         68   llshl.o
        38          0          0          0          0         68   llsshr.o
        34          0          0          0          0         68   llushr.o
        26          0          0          0          0         72   memcmp.o
        36          0          0          0          0         60   memcpya.o
        36          0          0          0          0        100   memseta.o
      2256         98          0          0          0        412   printfa.o
         0          0          0          4          0          0   stdout.o
        44          0          0          0          0         72   uidiv.o
        96          0          0          0          0         84   uldiv.o
        40          2          0          0          0         68   cdcmple.o
        40          2          0          0          0         68   cdrcmple.o
        56          0          0          0          0         68   d2f.o
       360          6          0          0          0        140   dadd.o
       240          6          0          0          0         84   ddiv.o
       236          0          0          0          0        216   depilogue.o
        60         10          0          0          0         68   dfixui.o
        64         10          0          0          0         68   dfixul.o
        40          6          0          0          0         68   dflti.o
        28          4          0          0          0         68   dfltui.o
       208          6          0          0          0         88   dmul.o
        44          0          0          0          0         72   dscalb.o
        40          0          0          0          0         60   f2d.o
       178          0          0          0          0        108   fadd.o
       124          0          0          0          0         72   fdiv.o
       130          0          0          0          0        144   fepilogue.o
        50          0          0          0          0         60   ffixi.o
        48          0          0          0          0         68   ffixul.o
        14          0          0          0          0         68   ffltui.o
       122          0          0          0          0         72   fmul.o

    ----------------------------------------------------------------------
      6026        238         64          8          0       3348   Library Totals
         8          0          0          0          0          0   (incl. Padding)

    ----------------------------------------------------------------------

      Code (inc. data)   RO Data    RW Data    ZI Data      Debug   Library Name

      1070         66         64          0          0        416   m_ps.l
      2826        120          0          8          0       1204   mc_p.l
      2122         52          0          0          0       1728   mf_p.l

    ----------------------------------------------------------------------
      6026        238         64          8          0       3348   Library Totals

    ----------------------------------------------------------------------

==============================================================================


      Code (inc. data)   RO Data    RW Data    ZI Data      Debug   

     49704       4278        540        400       6664     951120   Grand Totals
     49704       4278        540         56       6664     951120   ELF Image Totals (compressed)
     49704       4278        540         56          0          0   ROM Totals

==============================================================================

    Total RO  Size (Code + RO Data)                50244 (  49.07kB)
    Total RW  Size (RW Data + ZI Data)              7064 (   6.90kB)
    Total ROM Size (Code + RO Data + RW Data)      50300 (  49.12kB)

==============================================================================

