<html>
<body>
<pre>
<h1>礦ision Build Log</h1>
<h2>Tool Versions:</h2>
IDE-Version: μVision V5.14.0.0
Copyright (C) 2015 ARM Ltd and ARM Germany GmbH. All rights reserved.
License Information: 1 11, 1, LIC=KRMW3-ADR81-JJY6S-LG9PE-7RG7H-FFX8E
 
Tool Versions:
Toolchain:       MDK-ARM Standard  Version: 5.14.0.0
Toolchain Path:  C:\Keil_v5\ARM\ARMCC\Bin
C Compiler:      Armcc.exe V5.05 update 1 (build 106)
Assembler:       Armasm.exe V5.05 update 1 (build 106)
Linker/Locator:  ArmLink.exe V5.05 update 1 (build 106)
Library Manager: ArmAr.exe V5.05 update 1 (build 106)
Hex Converter:   FromElf.exe V5.05 update 1 (build 106)
CPU DLL:         SARMCM3.DLL V5.14.0.0
Dialog DLL:      DARMCM1.DLL V1.12.0.0
Target DLL:      Segger\JL2CM3.dll V2.99.13.0
Dialog DLL:      TARMCM1.DLL V1.9.0.0
 
<h2>Project:</h2>
E:\work\20230220同步笔记本\V0119\ABFM03_V1.0(修改2.4G驱动)\MDK-ARM\ABFM03.uvprojx
Project File Date:  02/21/2023

<h2>Output:</h2>
Rebuild target 'ABFM03'
assembling startup_stm32g030xx.s...
compiling 00_Handle.c...
compiling 01_Key_Read.c...
compiling 02_Key_Process.c...
compiling 03_base_time.c...
compiling 04_Led_Display.c...
..\Core\ZJ_Drivers\ZJ_Src\04_Led_Display.c(48): warning:  #177-D: variable "Counts" was declared but never referenced
        static uint8_t Flag,Counts;
..\Core\ZJ_Drivers\ZJ_Src\04_Led_Display.c: 1 warning, 0 errors
compiling 05_Montor_Control.c...
compiling 06_YG6550.c...
compiling 07_Battery.c...
compiling 08_NTC.c...
..\Core\ZJ_Drivers\ZJ_Src\08_NTC.c(105): warning:  #177-D: variable "test_count" was declared but never referenced
        static uint32_t test_count=0;
..\Core\ZJ_Drivers\ZJ_Src\08_NTC.c: 1 warning, 0 errors
compiling 09_Skin.c...
compiling 10_Mbi5020.c...
compiling 11_RF.c...
compiling 12_EMS.c...
..\Core\ZJ_Drivers\ZJ_Src\12_EMS.c(433): warning:  #186-D: pointless comparison of unsigned integer with zero
      if(EmsLevel->vol_value >= Level_None && EmsLevel->vol_value <= Level_20)
..\Core\ZJ_Drivers\ZJ_Src\12_EMS.c: 1 warning, 0 errors
compiling 13_Eeprom.c...
compiling 14_Test_Mode.c...
..\Core\ZJ_Drivers\ZJ_Src\14_Test_Mode.c(742): warning:  #223-D: function "Fault_Led_Display" declared implicitly
                        Fault_Led_Display(0x04);
..\Core\ZJ_Drivers\ZJ_Src\14_Test_Mode.c(767): warning:  #177-D: variable "Lock_Flag" was declared but never referenced
        static uint8_t Lock_Flag,Test_Last_Mode=0;
..\Core\ZJ_Drivers\ZJ_Src\14_Test_Mode.c(767): warning:  #177-D: variable "Test_Last_Mode" was declared but never referenced
        static uint8_t Lock_Flag,Test_Last_Mode=0;
..\Core\ZJ_Drivers\ZJ_Src\14_Test_Mode.c(1211): warning:  #940-D: missing return statement at end of non-void function "Auto_Continuity_Test_Process"
  }
..\Core\ZJ_Drivers\ZJ_Src\14_Test_Mode.c(1497): warning:  #177-D: variable "Vbat" was declared but never referenced
        uint16_t Vbat;
..\Core\ZJ_Drivers\ZJ_Src\14_Test_Mode.c(2088): warning:  #177-D: variable "StandyCnt" was declared but never referenced
        static uint16_t StandyCnt;      
..\Core\ZJ_Drivers\ZJ_Src\14_Test_Mode.c: 6 warnings, 0 errors
compiling 15_Hw2000b.c...
compiling main.c...
compiling gpio.c...
compiling app_freertos.c...
compiling adc.c...
compiling dma.c...
compiling i2c.c...
compiling iwdg.c...
compiling rtc.c...
compiling spi.c...
compiling tim.c...
compiling usart.c...
compiling stm32g0xx_it.c...
../Core/Src/stm32g0xx_it.c(245): warning:  #223-D: function "uart_idle_callback" declared implicitly
        uart_idle_callback(&huart2);
../Core/Src/stm32g0xx_it.c: 1 warning, 0 errors
compiling stm32g0xx_hal_msp.c...
compiling stm32g0xx_hal_timebase_tim.c...
compiling stm32g0xx_hal_adc.c...
compiling stm32g0xx_hal_adc_ex.c...
compiling stm32g0xx_ll_adc.c...
compiling stm32g0xx_hal_rcc.c...
compiling stm32g0xx_hal_rcc_ex.c...
compiling stm32g0xx_ll_rcc.c...
compiling stm32g0xx_hal_flash.c...
compiling stm32g0xx_hal_flash_ex.c...
compiling stm32g0xx_hal_gpio.c...
compiling stm32g0xx_hal_dma.c...
compiling stm32g0xx_hal_dma_ex.c...
compiling stm32g0xx_ll_dma.c...
compiling stm32g0xx_hal_pwr.c...
compiling stm32g0xx_hal_pwr_ex.c...
compiling stm32g0xx_hal_cortex.c...
compiling stm32g0xx_hal.c...
compiling stm32g0xx_hal_exti.c...
compiling stm32g0xx_hal_i2c.c...
compiling stm32g0xx_hal_i2c_ex.c...
compiling stm32g0xx_hal_iwdg.c...
compiling stm32g0xx_hal_rtc.c...
compiling stm32g0xx_hal_rtc_ex.c...
compiling stm32g0xx_hal_spi.c...
compiling stm32g0xx_hal_spi_ex.c...
compiling stm32g0xx_hal_tim.c...
compiling stm32g0xx_hal_tim_ex.c...
compiling stm32g0xx_hal_uart.c...
compiling stm32g0xx_hal_uart_ex.c...
compiling system_stm32g0xx.c...
compiling croutine.c...
compiling event_groups.c...
compiling list.c...
compiling queue.c...
compiling stream_buffer.c...
compiling tasks.c...
compiling timers.c...
compiling cmsis_os.c...
compiling heap_4.c...
compiling port.c...
linking...
Program Size: Code=49924 RO-data=544 RW-data=432 ZI-data=7664  
FromELF: creating hex file...
After Build - User command #1: C:\Keil_v5\\ARM\ARMCC\bin\fromelf.exe --bin --output=ABFM03_Master_V0.1.0.bin .\ABFM03\ABFM03_Master_V0.1.0.0
".\ABFM03\ABFM03_Master_V0.1.0.0" - 0 Error(s), 10 Warning(s).

<h2>Software Packages used:</h2>

Package Vendor: ARM
                http://www.keil.com/pack/ARM.CMSIS.4.2.0.pack
                ARM::CMSIS:CORE:3.40.0
                CMSIS (Cortex Microcontroller Software Interface Standard)
   * Component: CORE Version: 3.40.0

<h2>Collection of Component include folders:</h2>
  E:\work\20230220同步笔记本\V0119\ABFM03_V1.0(修改2.4G驱动)\MDK-ARM\RTE
  C:\Keil_v5\ARM\PACK\ARM\CMSIS\4.2.0\CMSIS\Include
  C:\Keil_v5\ARM\PACK\Keil\STM32G0xx_DFP\1.2.0

<h2>Collection of Component Files used:</h2>

   * Component: ARM::CMSIS:CORE:3.40.0
      Source file:   CMSIS\UserCodeTemplates\ARM\ITM_Retarget.c
</pre>
</body>
</html>
