Component: ARM Compiler 6.13.1 Tool: armlink [5d895400]

==============================================================================

Section Cross References

    gd32e23x_it.o(.ARM.exidx.text.NMI_Handler) refers to gd32e23x_it.o(.text.NMI_Handler) for [Anonymous Symbol]
    gd32e23x_it.o(.ARM.exidx.text.HardFault_Handler) refers to gd32e23x_it.o(.text.HardFault_Handler) for [Anonymous Symbol]
    gd32e23x_it.o(.text.SysTick_Handler) refers to task_app.o(.bss.Task_Time_Arr) for Task_Time_Arr
    gd32e23x_it.o(.ARM.exidx.text.SysTick_Handler) refers to gd32e23x_it.o(.text.SysTick_Handler) for [Anonymous Symbol]
    task_app.o(.text.Listen_Task0) refers to drv_key.o(.text.Key_Scan_Process) for Key_Scan_Process
    task_app.o(.text.Listen_Task0) refers to drv_sensor.o(.text.Sensor_Process) for Sensor_Process
    task_app.o(.text.Listen_Task0) refers to drv_power.o(.text.Bat_Temp_Read) for Bat_Temp_Read
    task_app.o(.text.Listen_Task0) refers to drv_rf.o(.text.RF_Temp_Read) for RF_Temp_Read
    task_app.o(.text.Listen_Task0) refers to drv_ems.o(.text.EMS_Load_Detection) for EMS_Load_Detection
    task_app.o(.text.Listen_Task0) refers to drv_power.o(.text.Bat_Level_Detection) for Bat_Level_Detection
    task_app.o(.text.Listen_Task0) refers to test_app.o(.text.Test_Order_Process) for Test_Order_Process
    task_app.o(.text.Listen_Task0) refers to task_app.o(.bss.Listen_Task0.count) for [Anonymous Symbol]
    task_app.o(.text.Listen_Task0) refers to device_app.o(.bss.Device) for Device
    task_app.o(.text.Listen_Task0) refers to drv_rf.o(.bss.RF) for RF
    task_app.o(.text.Listen_Task0) refers to drv_ems.o(.bss.Ems) for Ems
    task_app.o(.text.Listen_Task0) refers to drv_uart.o(.bss.Uart_RX_Finish) for Uart_RX_Finish
    task_app.o(.text.Listen_Task0) refers to task_app.o(.bss.Task_Time_Arr) for Task_Time_Arr
    task_app.o(.ARM.exidx.text.Listen_Task0) refers to task_app.o(.text.Listen_Task0) for [Anonymous Symbol]
    task_app.o(.text.Out_Task1) refers to device_app.o(.text.Device_Out_Process) for Device_Out_Process
    task_app.o(.text.Out_Task1) refers to test_app.o(.text.Test_Mode_Device_Out_Process) for Test_Mode_Device_Out_Process
    task_app.o(.text.Out_Task1) refers to drv_rf.o(.text.RF_Control) for RF_Control
    task_app.o(.text.Out_Task1) refers to drv_ems.o(.text.Ems_Control) for Ems_Control
    task_app.o(.text.Out_Task1) refers to led_app.o(.text.Power_Led_Process) for Power_Led_Process
    task_app.o(.text.Out_Task1) refers to drv_motor.o(.text.Motor_Process_Cycle) for Motor_Process_Cycle
    task_app.o(.text.Out_Task1) refers to device_app.o(.bss.Device) for Device
    task_app.o(.text.Out_Task1) refers to task_app.o(.bss.Out_Task1.sys_adjust_cnt) for [Anonymous Symbol]
    task_app.o(.text.Out_Task1) refers to task_app.o(.bss.Out_Task1.count) for [Anonymous Symbol]
    task_app.o(.text.Out_Task1) refers to task_app.o(.bss.Task_Time_Arr) for Task_Time_Arr
    task_app.o(.ARM.exidx.text.Out_Task1) refers to task_app.o(.text.Out_Task1) for [Anonymous Symbol]
    task_app.o(.text.Sys_Task2) refers to gd32e23x_fwdgt.o(.text.fwdgt_counter_reload) for fwdgt_counter_reload
    task_app.o(.text.Sys_Task2) refers to device_app.o(.text.Device_AutoOff_Process) for Device_AutoOff_Process
    task_app.o(.text.Sys_Task2) refers to device_app.o(.text.Test_mode_Charge_Ctrl) for Test_mode_Charge_Ctrl
    task_app.o(.text.Sys_Task2) refers to device_app.o(.text.Normal_mode_Charge_Ctrl) for Normal_mode_Charge_Ctrl
    task_app.o(.text.Sys_Task2) refers to err_check_app.o(.text.bat_val_err_check) for bat_val_err_check
    task_app.o(.text.Sys_Task2) refers to err_check_app.o(.text.rf_temp_err_check) for rf_temp_err_check
    task_app.o(.text.Sys_Task2) refers to test_app.o(.text.RF_Ntc_Adjust_Process) for RF_Ntc_Adjust_Process
    task_app.o(.text.Sys_Task2) refers to task_app.o(.bss.Sys_Task2.printf_delay) for [Anonymous Symbol]
    task_app.o(.text.Sys_Task2) refers to task_app.o(.bss.Sys_Task2.count) for [Anonymous Symbol]
    task_app.o(.text.Sys_Task2) refers to device_app.o(.bss.Device) for Device
    task_app.o(.text.Sys_Task2) refers to test_app.o(.bss.Test) for Test
    task_app.o(.text.Sys_Task2) refers to task_app.o(.bss.Task_Time_Arr) for Task_Time_Arr
    task_app.o(.ARM.exidx.text.Sys_Task2) refers to task_app.o(.text.Sys_Task2) for [Anonymous Symbol]
    task_app.o(.data.Task_Arr) refers to task_app.o(.text.Listen_Task0) for Listen_Task0
    task_app.o(.data.Task_Arr) refers to task_app.o(.text.Out_Task1) for Out_Task1
    task_app.o(.data.Task_Arr) refers to task_app.o(.text.Sys_Task2) for Sys_Task2
    test_app.o(.text.Test_Init) refers to test_app.o(.bss.Test) for Test
    test_app.o(.ARM.exidx.text.Test_Init) refers to test_app.o(.text.Test_Init) for [Anonymous Symbol]
    test_app.o(.text.Test_Mode_Device_Out_Process) refers to drv_rf.o(.text.RF_Control) for RF_Control
    test_app.o(.text.Test_Mode_Device_Out_Process) refers to drv_ems.o(.text.Ems_Control) for Ems_Control
[...]
    [Anonymous Symbol]                       0x08008d44   Section        0  gd32e23x_timer.o(.text.timer_channel_output_shadow_config)
    [Anonymous Symbol]                       0x08008de6   Section        0  gd32e23x_timer.o(.text.timer_channel_output_struct_para_init)
    [Anonymous Symbol]                       0x08008e08   Section        0  gd32e23x_timer.o(.text.timer_counter_read)
    [Anonymous Symbol]                       0x08008e1c   Section        0  gd32e23x_timer.o(.text.timer_deinit)
    __arm_cp.0_1                             0x08008ee4   Number         4  gd32e23x_timer.o(.text.timer_deinit)
    __arm_cp.0_3                             0x08008ee8   Number         4  gd32e23x_timer.o(.text.timer_deinit)
    __arm_cp.0_7                             0x08008eec   Number         4  gd32e23x_timer.o(.text.timer_deinit)
    __arm_cp.0_8                             0x08008ef0   Number         4  gd32e23x_timer.o(.text.timer_deinit)
    __arm_cp.0_9                             0x08008ef4   Number         4  gd32e23x_timer.o(.text.timer_deinit)
    __arm_cp.0_10                            0x08008ef8   Number         4  gd32e23x_timer.o(.text.timer_deinit)
    __arm_cp.0_11                            0x08008efc   Number         4  gd32e23x_timer.o(.text.timer_deinit)
    [Anonymous Symbol]                       0x08008f00   Section        0  gd32e23x_timer.o(.text.timer_enable)
    [Anonymous Symbol]                       0x08008f14   Section        0  gd32e23x_timer.o(.text.timer_init)
    __arm_cp.2_0                             0x08008ff8   Number         4  gd32e23x_timer.o(.text.timer_init)
    __arm_cp.2_1                             0x08008ffc   Number         4  gd32e23x_timer.o(.text.timer_init)
    __arm_cp.2_2                             0x08009000   Number         4  gd32e23x_timer.o(.text.timer_init)
    __arm_cp.2_3                             0x08009004   Number         4  gd32e23x_timer.o(.text.timer_init)
    __arm_cp.2_4                             0x08009008   Number         4  gd32e23x_timer.o(.text.timer_init)
    __arm_cp.2_5                             0x0800900c   Number         4  gd32e23x_timer.o(.text.timer_init)
    [Anonymous Symbol]                       0x08009010   Section        0  gd32e23x_timer.o(.text.timer_interrupt_flag_clear)
    [Anonymous Symbol]                       0x08009022   Section        0  gd32e23x_timer.o(.text.timer_primary_output_config)
    [Anonymous Symbol]                       0x08009054   Section        0  gd32e23x_timer.o(.text.timer_struct_para_init)
    __arm_cp.1_0                             0x08009078   Number         4  gd32e23x_timer.o(.text.timer_struct_para_init)
    [Anonymous Symbol]                       0x0800907c   Section        0  gd32e23x_usart.o(.text.usart_baudrate_set)
    __arm_cp.1_2                             0x08009128   Number         4  gd32e23x_usart.o(.text.usart_baudrate_set)
    [Anonymous Symbol]                       0x0800912c   Section        0  gd32e23x_usart.o(.text.usart_data_transmit)
    __arm_cp.18_0                            0x08009140   Number         4  gd32e23x_usart.o(.text.usart_data_transmit)
    [Anonymous Symbol]                       0x08009144   Section        0  gd32e23x_usart.o(.text.usart_deinit)
    __arm_cp.0_0                             0x08009188   Number         4  gd32e23x_usart.o(.text.usart_deinit)
    __arm_cp.0_1                             0x0800918c   Number         4  gd32e23x_usart.o(.text.usart_deinit)
    __arm_cp.0_2                             0x08009190   Number         4  gd32e23x_usart.o(.text.usart_deinit)
    __arm_cp.0_3                             0x08009194   Number         4  gd32e23x_usart.o(.text.usart_deinit)
    [Anonymous Symbol]                       0x08009198   Section        0  gd32e23x_usart.o(.text.usart_dma_receive_config)
    [Anonymous Symbol]                       0x080091b6   Section        0  gd32e23x_usart.o(.text.usart_dma_transmit_config)
    [Anonymous Symbol]                       0x080091d4   Section        0  gd32e23x_usart.o(.text.usart_enable)
    [Anonymous Symbol]                       0x080091e6   Section        0  gd32e23x_usart.o(.text.usart_flag_clear)
    [Anonymous Symbol]                       0x08009206   Section        0  gd32e23x_usart.o(.text.usart_flag_get)
    [Anonymous Symbol]                       0x08009240   Section        0  gd32e23x_usart.o(.text.usart_interrupt_enable)
    [Anonymous Symbol]                       0x08009268   Section        0  gd32e23x_usart.o(.text.usart_interrupt_flag_clear)
    __arm_cp.70_0                            0x080092a4   Number         4  gd32e23x_usart.o(.text.usart_interrupt_flag_clear)
    [Anonymous Symbol]                       0x080092a8   Section        0  gd32e23x_usart.o(.text.usart_interrupt_flag_get)
    [Anonymous Symbol]                       0x0800930e   Section        0  gd32e23x_usart.o(.text.usart_receive_config)
    [Anonymous Symbol]                       0x0800932c   Section        0  gd32e23x_usart.o(.text.usart_transmit_config)
    i.__0printf                              0x0800934c   Section        0  printfa.o(i.__0printf)
    i.__ARM_clz                              0x0800936c   Section        0  depilogue.o(i.__ARM_clz)
    i.__kernel_poly                          0x0800939a   Section        0  poly.o(i.__kernel_poly)
    i.__mathlib_dbl_divzero                  0x08009448   Section        0  dunder.o(i.__mathlib_dbl_divzero)
    i.__mathlib_dbl_infnan                   0x0800945c   Section        0  dunder.o(i.__mathlib_dbl_infnan)
    i.__mathlib_dbl_invalid                  0x08009466   Section        0  dunder.o(i.__mathlib_dbl_invalid)
    i.__scatterload_copy                     0x08009476   Section       14  handlers.o(i.__scatterload_copy)
    i.__scatterload_null                     0x08009484   Section        2  handlers.o(i.__scatterload_null)
    i.__scatterload_zeroinit                 0x08009486   Section       14  handlers.o(i.__scatterload_zeroinit)
    i.__set_errno                            0x08009494   Section        0  errno.o(i.__set_errno)
    _fp_digits                               0x080094a1   Thumb Code   344  printfa.o(i._fp_digits)
    i._fp_digits                             0x080094a0   Section        0  printfa.o(i._fp_digits)
    _printf_core                             0x08009615   Thumb Code  1754  printfa.o(i._printf_core)
    i._printf_core                           0x08009614   Section        0  printfa.o(i._printf_core)
    _printf_post_padding                     0x08009d01   Thumb Code    32  printfa.o(i._printf_post_padding)
    i._printf_post_padding                   0x08009d00   Section        0  printfa.o(i._printf_post_padding)
    _printf_pre_padding                      0x08009d21   Thumb Code    44  printfa.o(i._printf_pre_padding)
    i._printf_pre_padding                    0x08009d20   Section        0  printfa.o(i._printf_pre_padding)
    i.log                                    0x08009d4c   Section        0  log.o(i.log)
    Lg2                                      0x0800a0a0   Data          24  log.o(.constdata)
    .constdata                               0x0800a0a0   Section       56  log.o(.constdata)
    Lg                                       0x0800a0b8   Data          32  log.o(.constdata)
    .constdata                               0x0800a0d8   Section        8  qnan.o(.constdata)
    .L.str                                   0x0800a158   Data          21  test_app.o(.rodata.str1.1)
    [Anonymous Symbol]                       0x0800a158   Section        0  test_app.o(.rodata.str1.1)
    .L.str.1                                 0x0800a16d   Data          15  test_app.o(.rodata.str1.1)
    .L.str                                   0x0800a17c   Data          14  key_app.o(.rodata.str1.1)
    [Anonymous Symbol]                       0x0800a17c   Section        0  key_app.o(.rodata.str1.1)
    .L.str                                   0x0800a18a   Data          21  device_app.o(.rodata.str1.1)
    [Anonymous Symbol]                       0x0800a18a   Section        0  device_app.o(.rodata.str1.1)
    .L.str.1                                 0x0800a19f   Data          26  device_app.o(.rodata.str1.1)
    .L.str                                   0x0800a1b9   Data          20  err_check_app.o(.rodata.str1.1)
    [Anonymous Symbol]                       0x0800a1b9   Section        0  err_check_app.o(.rodata.str1.1)
    .L.str.1                                 0x0800a1cd   Data          28  err_check_app.o(.rodata.str1.1)
    .L.str.2                                 0x0800a1e9   Data          44  err_check_app.o(.rodata.str1.1)
    .data                                    0x20000000   Section        4  stdout.o(.data)
    _errno                                   0x20000004   Data           4  errno.o(.data)
    .data                                    0x20000004   Section        4  errno.o(.data)
    Bat_Led_Full_Breathe.turn                0x20000008   Data           1  drv_led.o(.data.Bat_Led_Full_Breathe.turn)
    [Anonymous Symbol]                       0x20000008   Section        0  drv_led.o(.data.Bat_Led_Full_Breathe.turn)
    Bat_Led_Low_Breathe.turn                 0x20000009   Data           1  drv_led.o(.data.Bat_Led_Low_Breathe.turn)
    [Anonymous Symbol]                       0x20000009   Section        0  drv_led.o(.data.Bat_Led_Low_Breathe.turn)
    pwm_100k_config                          0x2000001c   Data           6  drv_ems.o(.data.pwm_100k_config)
    [Anonymous Symbol]                       0x2000001c   Section        0  drv_ems.o(.data.pwm_100k_config)
    pwm_200k_EMETY_config                    0x20000022   Data           6  drv_ems_rf_en_pin.o(.data.pwm_200k_EMETY_config)
    [Anonymous Symbol]                       0x20000022   Section        0  drv_ems_rf_en_pin.o(.data.pwm_200k_EMETY_config)
    Bat_Led_Full_Breathe.lev                 0x20000028   Data           1  drv_led.o(.bss.Bat_Led_Full_Breathe.lev)
    [Anonymous Symbol]                       0x20000028   Section        0  drv_led.o(.bss.Bat_Led_Full_Breathe.lev)
    Bat_Led_Low_Breathe.lev                  0x20000029   Data           1  drv_led.o(.bss.Bat_Led_Low_Breathe.lev)
    [Anonymous Symbol]                       0x20000029   Section        0  drv_led.o(.bss.Bat_Led_Low_Breathe.lev)
    Bat_Level_Detection.check_delay          0x2000002a   Data           1  drv_power.o(.bss.Bat_Level_Detection.check_delay)
    [Anonymous Symbol]                       0x2000002a   Section        0  drv_power.o(.bss.Bat_Level_Detection.check_delay)
    Bat_Level_Detection.count                0x2000002b   Data           1  drv_power.o(.bss.Bat_Level_Detection.count)
    [Anonymous Symbol]                       0x2000002b   Section        0  drv_power.o(.bss.Bat_Level_Detection.count)
    Bat_Level_Detection.sum                  0x2000002c   Data           4  drv_power.o(.bss.Bat_Level_Detection.sum)
    [Anonymous Symbol]                       0x2000002c   Section        0  drv_power.o(.bss.Bat_Level_Detection.sum)
    Bat_Temp_Read.arr                        0x20000030   Data          20  drv_power.o(.bss.Bat_Temp_Read.arr)
    [Anonymous Symbol]                       0x20000030   Section        0  drv_power.o(.bss.Bat_Temp_Read.arr)
    Bat_Temp_Read.count                      0x20000044   Data           1  drv_power.o(.bss.Bat_Temp_Read.count)
    [Anonymous Symbol]                       0x20000044   Section        0  drv_power.o(.bss.Bat_Temp_Read.count)
    Device_AutoOff_Process.adjust_rf_delay   0x20000062   Data           1  device_app.o(.bss.Device_AutoOff_Process.adjust_rf_delay)
    [Anonymous Symbol]                       0x20000062   Section        0  device_app.o(.bss.Device_AutoOff_Process.adjust_rf_delay)
    Device_AutoOff_Process.power_off_delay   0x20000063   Data           1  device_app.o(.bss.Device_AutoOff_Process.power_off_delay)
    [Anonymous Symbol]                       0x20000063   Section        0  device_app.o(.bss.Device_AutoOff_Process.power_off_delay)
    Device_Out_Process.Ems_1ms_out_cnt       0x20000064   Data           1  device_app.o(.bss.Device_Out_Process.Ems_1ms_out_cnt)
    [Anonymous Symbol]                       0x20000064   Section        0  device_app.o(.bss.Device_Out_Process.Ems_1ms_out_cnt)
    Device_Out_Process.MsCnt                 0x20000066   Data           2  device_app.o(.bss.Device_Out_Process.MsCnt)
    [Anonymous Symbol]                       0x20000066   Section        0  device_app.o(.bss.Device_Out_Process.MsCnt)
    EMS_Load_Detection.active_cnt            0x20000068   Data           1  drv_ems.o(.bss.EMS_Load_Detection.active_cnt)
    [Anonymous Symbol]                       0x20000068   Section        0  drv_ems.o(.bss.EMS_Load_Detection.active_cnt)
    EMS_Load_Detection.check_active_delay    0x2000006a   Data           2  drv_ems.o(.bss.EMS_Load_Detection.check_active_delay)
    [Anonymous Symbol]                       0x2000006a   Section        0  drv_ems.o(.bss.EMS_Load_Detection.check_active_delay)
    EMS_Load_Detection.unactive_cnt          0x2000006c   Data           1  drv_ems.o(.bss.EMS_Load_Detection.unactive_cnt)
    [Anonymous Symbol]                       0x2000006c   Section        0  drv_ems.o(.bss.EMS_Load_Detection.unactive_cnt)
    Level_Leds_Control.tmp_level             0x20000084   Data           1  led_app.o(.bss.Level_Leds_Control.tmp_level)
    [Anonymous Symbol]                       0x20000084   Section        0  led_app.o(.bss.Level_Leds_Control.tmp_level)
    Listen_Task0.count                       0x20000086   Data           2  task_app.o(.bss.Listen_Task0.count)
    [Anonymous Symbol]                       0x20000086   Section        0  task_app.o(.bss.Listen_Task0.count)
    Normal_mode_Charge_Ctrl.ChargeConut      0x2000008c   Data           1  device_app.o(.bss.Normal_mode_Charge_Ctrl.ChargeConut)
    [Anonymous Symbol]                       0x2000008c   Section        0  device_app.o(.bss.Normal_mode_Charge_Ctrl.ChargeConut)
    Out_Task1.count                          0x2000008e   Data           2  task_app.o(.bss.Out_Task1.count)
    [Anonymous Symbol]                       0x2000008e   Section        0  task_app.o(.bss.Out_Task1.count)
    Out_Task1.sys_adjust_cnt                 0x20000090   Data           2  task_app.o(.bss.Out_Task1.sys_adjust_cnt)
    [Anonymous Symbol]                       0x20000090   Section        0  task_app.o(.bss.Out_Task1.sys_adjust_cnt)
    Power_Led_Process.first_sys_off_flag     0x200000a0   Data           1  led_app.o(.bss.Power_Led_Process.first_sys_off_flag)
    [Anonymous Symbol]                       0x200000a0   Section        0  led_app.o(.bss.Power_Led_Process.first_sys_off_flag)
    RF_Temp_Read.arr                         0x200000b2   Data          20  drv_rf.o(.bss.RF_Temp_Read.arr)
    [Anonymous Symbol]                       0x200000b2   Section        0  drv_rf.o(.bss.RF_Temp_Read.arr)
    RF_Temp_Read.count                       0x200000c6   Data           1  drv_rf.o(.bss.RF_Temp_Read.count)
    [Anonymous Symbol]                       0x200000c6   Section        0  drv_rf.o(.bss.RF_Temp_Read.count)
    Sys_Task2.count                          0x200000f0   Data           2  task_app.o(.bss.Sys_Task2.count)
    [Anonymous Symbol]                       0x200000f0   Section        0  task_app.o(.bss.Sys_Task2.count)
    Sys_Task2.printf_delay                   0x200000f2   Data           2  task_app.o(.bss.Sys_Task2.printf_delay)
    [Anonymous Symbol]                       0x200000f2   Section        0  task_app.o(.bss.Sys_Task2.printf_delay)
    Temp_ctrl_RF_time.Temp_lower_39_cnt      0x200000fc   Data           4  device_app.o(.bss.Temp_ctrl_RF_time.Temp_lower_39_cnt)
    [Anonymous Symbol]                       0x200000fc   Section        0  device_app.o(.bss.Temp_ctrl_RF_time.Temp_lower_39_cnt)
    Temp_ctrl_RF_time.Temp_lower_40_cnt      0x20000100   Data           4  device_app.o(.bss.Temp_ctrl_RF_time.Temp_lower_40_cnt)
    [Anonymous Symbol]                       0x20000100   Section        0  device_app.o(.bss.Temp_ctrl_RF_time.Temp_lower_40_cnt)
    Temp_ctrl_RF_time.Temp_lower_41_cnt      0x20000104   Data           4  device_app.o(.bss.Temp_ctrl_RF_time.Temp_lower_41_cnt)
    [Anonymous Symbol]                       0x20000104   Section        0  device_app.o(.bss.Temp_ctrl_RF_time.Temp_lower_41_cnt)
    Test_Mode_Device_Out_Process.MsCnt       0x20000124   Data           2  test_app.o(.bss.Test_Mode_Device_Out_Process.MsCnt)
    [Anonymous Symbol]                       0x20000124   Section        0  test_app.o(.bss.Test_Mode_Device_Out_Process.MsCnt)
    Test_Mode_Device_Out_Process.read_temp_cnt 0x20000126   Data           2  test_app.o(.bss.Test_Mode_Device_Out_Process.read_temp_cnt)
    [Anonymous Symbol]                       0x20000126   Section        0  test_app.o(.bss.Test_Mode_Device_Out_Process.read_temp_cnt)
    Test_Mode_Device_Out_Process.test_1s_cnt 0x20000128   Data           2  test_app.o(.bss.Test_Mode_Device_Out_Process.test_1s_cnt)
    [Anonymous Symbol]                       0x20000128   Section        0  test_app.o(.bss.Test_Mode_Device_Out_Process.test_1s_cnt)
    Test_mode_Charge_Ctrl.Charge_100ms_cnt   0x2000012a   Data           2  device_app.o(.bss.Test_mode_Charge_Ctrl.Charge_100ms_cnt)
    [Anonymous Symbol]                       0x2000012a   Section        0  device_app.o(.bss.Test_mode_Charge_Ctrl.Charge_100ms_cnt)
    Test_mode_Charge_Ctrl.DC5V_not_online_cnt 0x2000012c   Data           1  device_app.o(.bss.Test_mode_Charge_Ctrl.DC5V_not_online_cnt)
    [Anonymous Symbol]                       0x2000012c   Section        0  device_app.o(.bss.Test_mode_Charge_Ctrl.DC5V_not_online_cnt)
    bat_val_3v2_check.High_lvl_change_delay  0x2000014c   Data           1  drv_power.o(.bss.bat_val_3v2_check.High_lvl_change_delay)
    [Anonymous Symbol]                       0x2000014c   Section        0  drv_power.o(.bss.bat_val_3v2_check.High_lvl_change_delay)
    bat_val_3v2_check.LOW_lvl_change_delay   0x2000014d   Data           1  drv_power.o(.bss.bat_val_3v2_check.LOW_lvl_change_delay)
    [Anonymous Symbol]                       0x2000014d   Section        0  drv_power.o(.bss.bat_val_3v2_check.LOW_lvl_change_delay)
    bat_val_3v3_check.High_lvl_change_delay  0x2000014e   Data           1  drv_power.o(.bss.bat_val_3v3_check.High_lvl_change_delay)
    [Anonymous Symbol]                       0x2000014e   Section        0  drv_power.o(.bss.bat_val_3v3_check.High_lvl_change_delay)
    bat_val_3v3_check.LOW_lvl_change_delay   0x2000014f   Data           1  drv_power.o(.bss.bat_val_3v3_check.LOW_lvl_change_delay)
    [Anonymous Symbol]                       0x2000014f   Section        0  drv_power.o(.bss.bat_val_3v3_check.LOW_lvl_change_delay)
    bat_val_3v4_check.High_lvl_change_delay  0x20000150   Data           1  drv_power.o(.bss.bat_val_3v4_check.High_lvl_change_delay)
    [Anonymous Symbol]                       0x20000150   Section        0  drv_power.o(.bss.bat_val_3v4_check.High_lvl_change_delay)
    bat_val_3v4_check.LOW_lvl_change_delay   0x20000151   Data           1  drv_power.o(.bss.bat_val_3v4_check.LOW_lvl_change_delay)
    [Anonymous Symbol]                       0x20000151   Section        0  drv_power.o(.bss.bat_val_3v4_check.LOW_lvl_change_delay)
    bat_val_3v9_check.High_lvl_change_delay  0x20000152   Data           1  drv_power.o(.bss.bat_val_3v9_check.High_lvl_change_delay)
    [Anonymous Symbol]                       0x20000152   Section        0  drv_power.o(.bss.bat_val_3v9_check.High_lvl_change_delay)
    bat_val_3v9_check.LOW_lvl_change_delay   0x20000153   Data           1  drv_power.o(.bss.bat_val_3v9_check.LOW_lvl_change_delay)
    [Anonymous Symbol]                       0x20000153   Section        0  drv_power.o(.bss.bat_val_3v9_check.LOW_lvl_change_delay)
    bat_val_err_check.bat_val_err_cnt        0x20000154   Data           1  err_check_app.o(.bss.bat_val_err_check.bat_val_err_cnt)
    [Anonymous Symbol]                       0x20000154   Section        0  err_check_app.o(.bss.bat_val_err_check.bat_val_err_cnt)
    bat_val_err_check.bat_val_normal_cnt     0x20000155   Data           1  err_check_app.o(.bss.bat_val_err_check.bat_val_normal_cnt)
    [Anonymous Symbol]                       0x20000155   Section        0  err_check_app.o(.bss.bat_val_err_check.bat_val_normal_cnt)
    pHead_Key                                0x20000158   Data           4  drv_key.o(.bss.pHead_Key)
    [Anonymous Symbol]                       0x20000158   Section        0  drv_key.o(.bss.pHead_Key)
    rf_temp_err_check.rf_temp_err_cnt        0x2000015c   Data           1  err_check_app.o(.bss.rf_temp_err_check.rf_temp_err_cnt)
    [Anonymous Symbol]                       0x2000015c   Section        0  err_check_app.o(.bss.rf_temp_err_check.rf_temp_err_cnt)
    rf_temp_err_check.rf_temp_normal_cnt     0x2000015d   Data           1  err_check_app.o(.bss.rf_temp_err_check.rf_temp_normal_cnt)
    [Anonymous Symbol]                       0x2000015d   Section        0  err_check_app.o(.bss.rf_temp_err_check.rf_temp_normal_cnt)
    sys_Err_leds_disp.alarm_leds_on_flag     0x2000015e   Data           1  led_app.o(.bss.sys_Err_leds_disp.alarm_leds_on_flag)
    [Anonymous Symbol]                       0x2000015e   Section        0  led_app.o(.bss.sys_Err_leds_disp.alarm_leds_on_flag)
    sys_Err_leds_disp.inver_alarm_cnt        0x2000015f   Data           1  led_app.o(.bss.sys_Err_leds_disp.inver_alarm_cnt)
    [Anonymous Symbol]                       0x2000015f   Section        0  led_app.o(.bss.sys_Err_leds_disp.inver_alarm_cnt)
    sys_wakeup_bat_leds_disp.breath_flag     0x20000160   Data           1  led_app.o(.bss.sys_wakeup_bat_leds_disp.breath_flag)
    [Anonymous Symbol]                       0x20000160   Section        0  led_app.o(.bss.sys_wakeup_bat_leds_disp.breath_flag)
    sys_wakeup_bat_leds_disp.i               0x20000161   Data           1  led_app.o(.bss.sys_wakeup_bat_leds_disp.i)
    [Anonymous Symbol]                       0x20000161   Section        0  led_app.o(.bss.sys_wakeup_bat_leds_disp.i)
    STACK                                    0x20000168   Section     1024  startup_gd32e23x.o(STACK)

    Global Symbols

    Symbol Name                              Value     Ov Type        Size  Object(Section)

    BuildAttributes$$THM_ISAv3M$S$8M$PE$A:L22$X:L11$S22$IEEE1$IW$~IW$USESV6$~STKCKD$USESV7$~SHL$OTIME$ROPI$IEEEX$EBA8$MICROLIB$REQ8$PRES8$EABIv2 0x00000000   Number         0  anon$$obj.o ABSOLUTE
    __cpp_initialize__aeabi_                  - Undefined Weak Reference
    __cxa_finalize                            - Undefined Weak Reference
    __decompress                              - Undefined Weak Reference
    _clock_init                               - Undefined Weak Reference
    _microlib_exit                            - Undefined Weak Reference
    __Vectors_Size                           0x000000cc   Number         0  startup_gd32e23x.o ABSOLUTE
    __Vectors                                0x08002800   Data           4  startup_gd32e23x.o(RESET)
    __Vectors_End                            0x080028cc   Data           0  startup_gd32e23x.o(RESET)
    __main                                   0x080028cd   Thumb Code     0  entry.o(.ARM.Collect$$$$00000000)
    _main_stk                                0x080028cd   Thumb Code     0  entry2.o(.ARM.Collect$$$$00000001)
    _main_scatterload                        0x080028d1   Thumb Code     0  entry5.o(.ARM.Collect$$$$00000004)
    __main_after_scatterload                 0x080028d5   Thumb Code     0  entry5.o(.ARM.Collect$$$$00000004)
    _main_clock                              0x080028d5   Thumb Code     0  entry7b.o(.ARM.Collect$$$$00000008)
    _main_cpp_init                           0x080028d5   Thumb Code     0  entry8b.o(.ARM.Collect$$$$0000000A)
    _main_init                               0x080028d5   Thumb Code     0  entry9a.o(.ARM.Collect$$$$0000000B)
    __rt_final_cpp                           0x080028dd   Thumb Code     0  entry10a.o(.ARM.Collect$$$$0000000D)
    __rt_final_exit                          0x080028dd   Thumb Code     0  entry11a.o(.ARM.Collect$$$$0000000F)
    Reset_Handler                            0x080028e1   Thumb Code     8  startup_gd32e23x.o(.text)
    SVC_Handler                              0x080028ed   Thumb Code     2  startup_gd32e23x.o(.text)
    PendSV_Handler                           0x080028ef   Thumb Code     2  startup_gd32e23x.o(.text)
    ADC_CMP_IRQHandler                       0x080028f3   Thumb Code     0  startup_gd32e23x.o(.text)
    DMA_Channel0_IRQHandler                  0x080028f3   Thumb Code     0  startup_gd32e23x.o(.text)
    DMA_Channel1_2_IRQHandler                0x080028f3   Thumb Code     0  startup_gd32e23x.o(.text)
    DMA_Channel3_4_IRQHandler                0x080028f3   Thumb Code     0  startup_gd32e23x.o(.text)
    EXTI0_1_IRQHandler                       0x080028f3   Thumb Code     0  startup_gd32e23x.o(.text)
    EXTI2_3_IRQHandler                       0x080028f3   Thumb Code     0  startup_gd32e23x.o(.text)
    EXTI4_15_IRQHandler                      0x080028f3   Thumb Code     0  startup_gd32e23x.o(.text)
    FMC_IRQHandler                           0x080028f3   Thumb Code     0  startup_gd32e23x.o(.text)
    I2C0_ER_IRQHandler                       0x080028f3   Thumb Code     0  startup_gd32e23x.o(.text)
    I2C0_EV_IRQHandler                       0x080028f3   Thumb Code     0  startup_gd32e23x.o(.text)
    I2C1_ER_IRQHandler                       0x080028f3   Thumb Code     0  startup_gd32e23x.o(.text)
    I2C1_EV_IRQHandler                       0x080028f3   Thumb Code     0  startup_gd32e23x.o(.text)
    LVD_IRQHandler                           0x080028f3   Thumb Code     0  startup_gd32e23x.o(.text)
    RCU_IRQHandler                           0x080028f3   Thumb Code     0  startup_gd32e23x.o(.text)
    RTC_IRQHandler                           0x080028f3   Thumb Code     0  startup_gd32e23x.o(.text)
    SPI0_IRQHandler                          0x080028f3   Thumb Code     0  startup_gd32e23x.o(.text)
    SPI1_IRQHandler                          0x080028f3   Thumb Code     0  startup_gd32e23x.o(.text)
    TIMER0_BRK_UP_TRG_COM_IRQHandler         0x080028f3   Thumb Code     0  startup_gd32e23x.o(.text)
    TIMER0_Channel_IRQHandler                0x080028f3   Thumb Code     0  startup_gd32e23x.o(.text)
    TIMER13_IRQHandler                       0x080028f3   Thumb Code     0  startup_gd32e23x.o(.text)
    TIMER14_IRQHandler                       0x080028f3   Thumb Code     0  startup_gd32e23x.o(.text)
    TIMER15_IRQHandler                       0x080028f3   Thumb Code     0  startup_gd32e23x.o(.text)
    TIMER16_IRQHandler                       0x080028f3   Thumb Code     0  startup_gd32e23x.o(.text)
    TIMER2_IRQHandler                        0x080028f3   Thumb Code     0  startup_gd32e23x.o(.text)
    TIMER5_IRQHandler                        0x080028f3   Thumb Code     0  startup_gd32e23x.o(.text)
    USART1_IRQHandler                        0x080028f3   Thumb Code     0  startup_gd32e23x.o(.text)
    WWDGT_IRQHandler                         0x080028f3   Thumb Code     0  startup_gd32e23x.o(.text)
    abs                                      0x080028fd   Thumb Code     8  siabs.o(.text)
    __aeabi_dadd                             0x08002905   Thumb Code   328  dadd.o(.text)
    __aeabi_dsub                             0x08002a4d   Thumb Code    12  dadd.o(.text)
    __aeabi_drsub                            0x08002a59   Thumb Code    12  dadd.o(.text)
    __aeabi_dmul                             0x08002a69   Thumb Code   202  dmul.o(.text)
    __aeabi_ddiv                             0x08002b39   Thumb Code   234  ddiv.o(.text)
    __aeabi_i2d                              0x08002c29   Thumb Code    34  dflti.o(.text)
    __aeabi_d2iz                             0x08002c51   Thumb Code    62  dfixi.o(.text)
    __aeabi_uidiv                            0x08002c99   Thumb Code     0  uidiv.o(.text)
    __aeabi_uidivmod                         0x08002c99   Thumb Code    44  uidiv.o(.text)
    __aeabi_uldivmod                         0x08002cc5   Thumb Code    96  uldiv.o(.text)
    __aeabi_llsl                             0x08002d25   Thumb Code    32  llshl.o(.text)
    _ll_shift_l                              0x08002d25   Thumb Code     0  llshl.o(.text)
    __aeabi_llsr                             0x08002d45   Thumb Code    34  llushr.o(.text)
    _ll_ushift_r                             0x08002d45   Thumb Code     0  llushr.o(.text)
    __aeabi_lasr                             0x08002d67   Thumb Code    38  llsshr.o(.text)
    _ll_sshift_r                             0x08002d67   Thumb Code     0  llsshr.o(.text)
    __I$use$fp                               0x08002d8d   Thumb Code     0  iusefp.o(.text)
    _double_round                            0x08002d8d   Thumb Code    26  depilogue.o(.text)
    _double_epilogue                         0x08002da7   Thumb Code   164  depilogue.o(.text)
    __ARM_scalbn                             0x08002e4b   Thumb Code    44  dscalb.o(.text)
    scalbn                                   0x08002e4b   Thumb Code     0  dscalb.o(.text)
    __aeabi_d2ulz                            0x08002e79   Thumb Code    54  dfixul.o(.text)
    __aeabi_cdcmpeq                          0x08002eb9   Thumb Code     0  cdcmple.o(.text)
    __aeabi_cdcmple                          0x08002eb9   Thumb Code    38  cdcmple.o(.text)
    __aeabi_cdrcmple                         0x08002ee1   Thumb Code    38  cdrcmple.o(.text)
    __scatterload                            0x08002f09   Thumb Code    28  init.o(.text)
    __scatterload_rt2                        0x08002f09   Thumb Code     0  init.o(.text)
    Adc_Clock_Config                         0x08002f2d   Thumb Code    28  drv_adc.o(.text.Adc_Clock_Config)
    Adc_Config                               0x08002f49   Thumb Code   154  drv_adc.o(.text.Adc_Config)
    Adc_DeInit                               0x08002fe3   Thumb Code    14  drv_adc.o(.text.Adc_DeInit)
    Adc_Dma_Config                           0x08002ff1   Thumb Code    88  drv_adc.o(.text.Adc_Dma_Config)
    Adc_Gpio_Config                          0x08003049   Thumb Code    76  drv_adc.o(.text.Adc_Gpio_Config)
    Adc_Init                                 0x08003095   Thumb Code    20  drv_adc.o(.text.Adc_Init)
    Adc_ReInit                               0x080030a9   Thumb Code    12  drv_adc.o(.text.Adc_ReInit)
    Bat_Led_Full_Breathe                     0x080031e5   Thumb Code    92  drv_led.o(.text.Bat_Led_Full_Breathe)
    Bat_Led_Full_Control                     0x08003241   Thumb Code    48  drv_led.o(.text.Bat_Led_Full_Control)
    Bat_Led_Init                             0x08003271   Thumb Code   320  drv_led.o(.text.Bat_Led_Init)
    Bat_Led_Low_Breathe                      0x080033b1   Thumb Code    92  drv_led.o(.text.Bat_Led_Low_Breathe)
    Bat_Led_Low_Control                      0x0800340d   Thumb Code    52  drv_led.o(.text.Bat_Led_Low_Control)
    Bat_Level_Detection                      0x08003441   Thumb Code   392  drv_power.o(.text.Bat_Level_Detection)
    Bat_Temp_Read                            0x080035c9   Thumb Code   360  drv_power.o(.text.Bat_Temp_Read)
    Delay_Init                               0x08003731   Thumb Code    72  drv_delay.o(.text.Delay_Init)
    Delay_ms                                 0x08003779   Thumb Code    56  drv_delay.o(.text.Delay_ms)
    Delay_us                                 0x080037b1   Thumb Code   164  drv_delay.o(.text.Delay_us)
    Device_AutoOff_Process                   0x08003855   Thumb Code   384  device_app.o(.text.Device_AutoOff_Process)
    Device_Data_Read                         0x080039d5   Thumb Code   160  device_app.o(.text.Device_Data_Read)
    Device_Data_Write                        0x08003a75   Thumb Code    72  device_app.o(.text.Device_Data_Write)
    Device_Init                              0x08003abd   Thumb Code    40  device_app.o(.text.Device_Init)
    Device_Level_Set                         0x08003ae5   Thumb Code    96  device_app.o(.text.Device_Level_Set)
    Device_Out_Process                       0x08003b45   Thumb Code   564  device_app.o(.text.Device_Out_Process)
    Drv_Uart_Init                            0x08003e49   Thumb Code   128  drv_uart.o(.text.Drv_Uart_Init)
    Drv_Uart_Send                            0x08003ed5   Thumb Code   128  drv_uart.o(.text.Drv_Uart_Send)
    EMS_Load_Detection                       0x08003f55   Thumb Code   244  drv_ems.o(.text.EMS_Load_Detection)
    Ems_Control                              0x08004049   Thumb Code    68  drv_ems.o(.text.Ems_Control)
    Ems_Init                                 0x0800408d   Thumb Code    12  drv_ems.o(.text.Ems_Init)
    Ems_PWM_Config                           0x08004099   Thumb Code   196  drv_ems.o(.text.Ems_PWM_Config)
    Ems_PWM_OFF                              0x0800415d   Thumb Code    64  drv_ems.o(.text.Ems_PWM_OFF)
    Flash_Write_Word                         0x0800419d   Thumb Code   142  drv_flash.o(.text.Flash_Write_Word)
    GPIO_Init                                0x0800422d   Thumb Code   424  drv_gpio.o(.text.GPIO_Init)
    Gpio_Reset                               0x080043d5   Thumb Code   116  drv_gpio.o(.text.Gpio_Reset)
    HardFault_Handler                        0x08004449   Thumb Code     4  gd32e23x_it.o(.text.HardFault_Handler)
    Key_App_Init                             0x08004691   Thumb Code    28  key_app.o(.text.Key_App_Init)
    Key_Create                               0x080046ad   Thumb Code    94  drv_key.o(.text.Key_Create)
    Key_Hardware_Init                        0x0800470d   Thumb Code    40  drv_key.o(.text.Key_Hardware_Init)
    Key_Process                              0x08004735   Thumb Code   604  drv_key.o(.text.Key_Process)
    Key_Scan_Process                         0x08004991   Thumb Code    44  drv_key.o(.text.Key_Scan_Process)
    Level_Leds_Control                       0x080049bd   Thumb Code   120  led_app.o(.text.Level_Leds_Control)
    Level_Leds_Force_refresh                 0x08004a35   Thumb Code   172  led_app.o(.text.Level_Leds_Force_refresh)
    Listen_Task0                             0x08004ae1   Thumb Code   192  task_app.o(.text.Listen_Task0)
    Motor_Init                               0x08004ba1   Thumb Code    68  drv_motor.o(.text.Motor_Init)
    Motor_Process_Cycle                      0x08004be5   Thumb Code    60  drv_motor.o(.text.Motor_Process_Cycle)
    Motor_Start_Time                         0x08004c21   Thumb Code    72  drv_motor.o(.text.Motor_Start_Time)
    NMI_Handler                              0x08004c69   Thumb Code     2  gd32e23x_it.o(.text.NMI_Handler)
    Normal_mode_Charge_Ctrl                  0x08004c6d   Thumb Code   212  device_app.o(.text.Normal_mode_Charge_Ctrl)
    Out_Task1                                0x08004d41   Thumb Code   200  task_app.o(.text.Out_Task1)
    Power_Charge_Control                     0x08004e09   Thumb Code    52  drv_power.o(.text.Power_Charge_Control)
    Power_Init                               0x08004e3d   Thumb Code    36  drv_power.o(.text.Power_Init)
    Power_Led_Process                        0x08004e61   Thumb Code   168  led_app.o(.text.Power_Led_Process)
    RF_Control                               0x08004f09   Thumb Code    72  drv_rf.o(.text.RF_Control)
    RF_Freq_Set                              0x08004f51   Thumb Code    20  drv_rf.o(.text.RF_Freq_Set)
    RF_Init                                  0x08004f65   Thumb Code    60  drv_rf.o(.text.RF_Init)
    RF_Ntc_Adjust_Process                    0x08004fa1   Thumb Code   192  test_app.o(.text.RF_Ntc_Adjust_Process)
    RF_OutFreq_Cycle                         0x08005061   Thumb Code    64  drv_rf.o(.text.RF_OutFreq_Cycle)
    RF_PWM_Config                            0x080050a1   Thumb Code   264  drv_rf.o(.text.RF_PWM_Config)
    RF_PWM_OFF                               0x080051a9   Thumb Code    64  drv_rf.o(.text.RF_PWM_OFF)
    RF_Temp_Read                             0x080051e9   Thumb Code   504  drv_rf.o(.text.RF_Temp_Read)
    Read_KeyPower_Level                      0x080053e1   Thumb Code    48  drv_key.o(.text.Read_KeyPower_Level)
    SensorCharge_Read                        0x08005411   Thumb Code    44  drv_sensor.o(.text.SensorCharge_Read)
    SensorPPR_Read                           0x0800543d   Thumb Code    44  drv_sensor.o(.text.SensorPPR_Read)
    Sensor_Init                              0x08005469   Thumb Code   120  drv_sensor.o(.text.Sensor_Init)
    Sensor_Process                           0x080054e1   Thumb Code   196  drv_sensor.o(.text.Sensor_Process)
    SysTick_Handler                          0x080055f9   Thumb Code    68  gd32e23x_it.o(.text.SysTick_Handler)
    Sys_Task2                                0x0800563d   Thumb Code   196  task_app.o(.text.Sys_Task2)
    Sys_state_Ctrl                           0x08005701   Thumb Code   228  device_app.o(.text.Sys_state_Ctrl)
    SystemInit                               0x080057e5   Thumb Code   252  system_gd32e23x.o(.text.SystemInit)
    Temp_ctrl_RF_time                        0x080058e1   Thumb Code   492  device_app.o(.text.Temp_ctrl_RF_time)
    Test_Mode_Device_Out_Process             0x08005acd   Thumb Code   816  test_app.o(.text.Test_Mode_Device_Out_Process)
    Test_Order_Process                       0x08005dfd   Thumb Code  1628  test_app.o(.text.Test_Order_Process)
    Test_mode_Charge_Ctrl                    0x08006459   Thumb Code   240  device_app.o(.text.Test_mode_Charge_Ctrl)
    USART0_IRQHandler                        0x08006549   Thumb Code    92  drv_uart.o(.text.USART0_IRQHandler)
    adc_calibration_enable                   0x080066e1   Thumb Code    56  gd32e23x_adc.o(.text.adc_calibration_enable)
    adc_channel_length_config                0x08006719   Thumb Code   104  gd32e23x_adc.o(.text.adc_channel_length_config)
    adc_data_alignment_config                0x08006781   Thumb Code    44  gd32e23x_adc.o(.text.adc_data_alignment_config)
    adc_deinit                               0x080067ad   Thumb Code    28  gd32e23x_adc.o(.text.adc_deinit)
    adc_dma_mode_enable                      0x080067c9   Thumb Code    16  gd32e23x_adc.o(.text.adc_dma_mode_enable)
    adc_enable                               0x080067d9   Thumb Code    28  gd32e23x_adc.o(.text.adc_enable)
    adc_external_trigger_config              0x080067f5   Thumb Code   136  gd32e23x_adc.o(.text.adc_external_trigger_config)
    adc_external_trigger_source_config       0x0800687d   Thumb Code    80  gd32e23x_adc.o(.text.adc_external_trigger_source_config)
    adc_regular_channel_config               0x080068cd   Thumb Code   348  gd32e23x_adc.o(.text.adc_regular_channel_config)
    adc_software_trigger_enable              0x08006a29   Thumb Code    68  gd32e23x_adc.o(.text.adc_software_trigger_enable)
    adc_special_function_config              0x08006a6d   Thumb Code   188  gd32e23x_adc.o(.text.adc_special_function_config)
    bat_val_err_check                        0x08006e45   Thumb Code   328  err_check_app.o(.text.bat_val_err_check)
    change_to_err_state                      0x08006f8d   Thumb Code    24  device_app.o(.text.change_to_err_state)
    crc16_compute                            0x08006fa5   Thumb Code   104  test_app.o(.text.crc16_compute)
    dma_channel_disable                      0x0800700d   Thumb Code    32  gd32e23x_dma.o(.text.dma_channel_disable)
    dma_channel_enable                       0x0800702d   Thumb Code    32  gd32e23x_dma.o(.text.dma_channel_enable)
    dma_circulation_disable                  0x0800704d   Thumb Code    32  gd32e23x_dma.o(.text.dma_circulation_disable)
    dma_circulation_enable                   0x0800706d   Thumb Code    32  gd32e23x_dma.o(.text.dma_circulation_enable)
    dma_deinit                               0x0800708d   Thumb Code    92  gd32e23x_dma.o(.text.dma_deinit)
    dma_init                                 0x080070e9   Thumb Code   284  gd32e23x_dma.o(.text.dma_init)
    dma_transfer_number_config               0x08007205   Thumb Code    28  gd32e23x_dma.o(.text.dma_transfer_number_config)
    dma_transfer_number_get                  0x08007221   Thumb Code    28  gd32e23x_dma.o(.text.dma_transfer_number_get)
    ems_rf_en_change                         0x0800723d   Thumb Code   132  drv_ems_rf_en_pin.o(.text.ems_rf_en_change)
    fmc_flag_clear                           0x080072c1   Thumb Code    16  gd32e23x_fmc.o(.text.fmc_flag_clear)
    fmc_lock                                 0x080072d1   Thumb Code    12  gd32e23x_fmc.o(.text.fmc_lock)
    fmc_page_erase                           0x080072dd   Thumb Code    92  gd32e23x_fmc.o(.text.fmc_page_erase)
    fmc_ready_wait                           0x08007339   Thumb Code    90  gd32e23x_fmc.o(.text.fmc_ready_wait)
    fmc_state_get                            0x08007395   Thumb Code    84  gd32e23x_fmc.o(.text.fmc_state_get)
    fmc_unlock                               0x080073e9   Thumb Code    40  gd32e23x_fmc.o(.text.fmc_unlock)
    fmc_word_program                         0x08007411   Thumb Code    88  gd32e23x_fmc.o(.text.fmc_word_program)
    fputc                                    0x08007469   Thumb Code    52  drv_uart.o(.text.fputc)
    fwdgt_config                             0x0800749d   Thumb Code   232  gd32e23x_fwdgt.o(.text.fwdgt_config)
    fwdgt_counter_reload                     0x08007585   Thumb Code    12  gd32e23x_fwdgt.o(.text.fwdgt_counter_reload)
    fwdgt_enable                             0x08007591   Thumb Code    16  gd32e23x_fwdgt.o(.text.fwdgt_enable)
    gpio_af_set                              0x080075a1   Thumb Code   196  gd32e23x_gpio.o(.text.gpio_af_set)
    gpio_bit_write                           0x08007665   Thumb Code    40  gd32e23x_gpio.o(.text.gpio_bit_write)
    gpio_input_bit_get                       0x0800768d   Thumb Code    42  gd32e23x_gpio.o(.text.gpio_input_bit_get)
    gpio_mode_set                            0x080076b7   Thumb Code   144  gd32e23x_gpio.o(.text.gpio_mode_set)
    gpio_output_options_set                  0x08007747   Thumb Code   142  gd32e23x_gpio.o(.text.gpio_output_options_set)
    main                                     0x080077ed   Thumb Code   192  main.o(.text.main)
    nvic_irq_enable                          0x080078ad   Thumb Code    52  gd32e23x_misc.o(.text.nvic_irq_enable)
    nvic_vector_table_set                    0x080078e1   Thumb Code    36  gd32e23x_misc.o(.text.nvic_vector_table_set)
    rcu_adc_clock_config                     0x08007905   Thumb Code   396  gd32e23x_rcu.o(.text.rcu_adc_clock_config)
    rcu_clock_freq_get                       0x08007a91   Thumb Code   768  gd32e23x_rcu.o(.text.rcu_clock_freq_get)
    rcu_deinit                               0x08007d91   Thumb Code   152  gd32e23x_rcu.o(.text.rcu_deinit)
    rcu_flag_get                             0x08007e29   Thumb Code    56  gd32e23x_rcu.o(.text.rcu_flag_get)
    rcu_osci_on                              0x08007e61   Thumb Code    36  gd32e23x_rcu.o(.text.rcu_osci_on)
    rcu_osci_stab_wait                       0x08007e85   Thumb Code   600  gd32e23x_rcu.o(.text.rcu_osci_stab_wait)
    rcu_periph_clock_enable                  0x080080dd   Thumb Code    36  gd32e23x_rcu.o(.text.rcu_periph_clock_enable)
    rcu_periph_reset_disable                 0x08008101   Thumb Code    36  gd32e23x_rcu.o(.text.rcu_periph_reset_disable)
    rcu_periph_reset_enable                  0x08008125   Thumb Code    40  gd32e23x_rcu.o(.text.rcu_periph_reset_enable)
    rcu_system_clock_source_config           0x0800814d   Thumb Code    40  gd32e23x_rcu.o(.text.rcu_system_clock_source_config)
    rf_temp_err_check                        0x08008175   Thumb Code   248  err_check_app.o(.text.rf_temp_err_check)
    systick_clksource_set                    0x080086c1   Thumb Code    44  gd32e23x_misc.o(.text.systick_clksource_set)
    timer15_init                             0x08008899   Thumb Code   168  drv_ems_rf_en_pin.o(.text.timer15_init)
    timer_auto_reload_shadow_enable          0x08008941   Thumb Code    18  gd32e23x_timer.o(.text.timer_auto_reload_shadow_enable)
    timer_channel_output_config              0x08008955   Thumb Code   756  gd32e23x_timer.o(.text.timer_channel_output_config)
    timer_channel_output_mode_config         0x08008c49   Thumb Code   162  gd32e23x_timer.o(.text.timer_channel_output_mode_config)
    timer_channel_output_pulse_value_config  0x08008ced   Thumb Code    86  gd32e23x_timer.o(.text.timer_channel_output_pulse_value_config)
    timer_channel_output_shadow_config       0x08008d45   Thumb Code   162  gd32e23x_timer.o(.text.timer_channel_output_shadow_config)
    timer_channel_output_struct_para_init    0x08008de7   Thumb Code    34  gd32e23x_timer.o(.text.timer_channel_output_struct_para_init)
    timer_counter_read                       0x08008e09   Thumb Code    20  gd32e23x_timer.o(.text.timer_counter_read)
    timer_deinit                             0x08008e1d   Thumb Code   228  gd32e23x_timer.o(.text.timer_deinit)
    timer_enable                             0x08008f01   Thumb Code    18  gd32e23x_timer.o(.text.timer_enable)
    timer_init                               0x08008f15   Thumb Code   252  gd32e23x_timer.o(.text.timer_init)
    timer_interrupt_flag_clear               0x08009011   Thumb Code    18  gd32e23x_timer.o(.text.timer_interrupt_flag_clear)
    timer_primary_output_config              0x08009023   Thumb Code    50  gd32e23x_timer.o(.text.timer_primary_output_config)
    timer_struct_para_init                   0x08009055   Thumb Code    40  gd32e23x_timer.o(.text.timer_struct_para_init)
    usart_baudrate_set                       0x0800907d   Thumb Code   176  gd32e23x_usart.o(.text.usart_baudrate_set)
    usart_data_transmit                      0x0800912d   Thumb Code    24  gd32e23x_usart.o(.text.usart_data_transmit)
    usart_deinit                             0x08009145   Thumb Code    84  gd32e23x_usart.o(.text.usart_deinit)
    usart_dma_receive_config                 0x08009199   Thumb Code    30  gd32e23x_usart.o(.text.usart_dma_receive_config)
    usart_dma_transmit_config                0x080091b7   Thumb Code    30  gd32e23x_usart.o(.text.usart_dma_transmit_config)
    usart_enable                             0x080091d5   Thumb Code    18  gd32e23x_usart.o(.text.usart_enable)
    usart_flag_clear                         0x080091e7   Thumb Code    32  gd32e23x_usart.o(.text.usart_flag_clear)
    usart_flag_get                           0x08009207   Thumb Code    58  gd32e23x_usart.o(.text.usart_flag_get)
    usart_interrupt_enable                   0x08009241   Thumb Code    38  gd32e23x_usart.o(.text.usart_interrupt_enable)
    usart_interrupt_flag_clear               0x08009269   Thumb Code    64  gd32e23x_usart.o(.text.usart_interrupt_flag_clear)
    usart_interrupt_flag_get                 0x080092a9   Thumb Code   102  gd32e23x_usart.o(.text.usart_interrupt_flag_get)
    usart_receive_config                     0x0800930f   Thumb Code    30  gd32e23x_usart.o(.text.usart_receive_config)
    usart_transmit_config                    0x0800932d   Thumb Code    30  gd32e23x_usart.o(.text.usart_transmit_config)
    __0printf                                0x0800934d   Thumb Code    24  printfa.o(i.__0printf)
    __1printf                                0x0800934d   Thumb Code     0  printfa.o(i.__0printf)
    __2printf                                0x0800934d   Thumb Code     0  printfa.o(i.__0printf)
    __c89printf                              0x0800934d   Thumb Code     0  printfa.o(i.__0printf)
    printf                                   0x0800934d   Thumb Code     0  printfa.o(i.__0printf)
    __ARM_clz                                0x0800936d   Thumb Code    46  depilogue.o(i.__ARM_clz)
    __kernel_poly                            0x0800939b   Thumb Code   172  poly.o(i.__kernel_poly)
    __mathlib_dbl_divzero                    0x08009449   Thumb Code    16  dunder.o(i.__mathlib_dbl_divzero)
    __mathlib_dbl_infnan                     0x0800945d   Thumb Code    10  dunder.o(i.__mathlib_dbl_infnan)
    __mathlib_dbl_invalid                    0x08009467   Thumb Code    16  dunder.o(i.__mathlib_dbl_invalid)
    __scatterload_copy                       0x08009477   Thumb Code    14  handlers.o(i.__scatterload_copy)
    __scatterload_null                       0x08009485   Thumb Code     2  handlers.o(i.__scatterload_null)
    __scatterload_zeroinit                   0x08009487   Thumb Code    14  handlers.o(i.__scatterload_zeroinit)
    __set_errno                              0x08009495   Thumb Code     6  errno.o(i.__set_errno)
    log                                      0x08009d4d   Thumb Code   790  log.o(i.log)
    __mathlib_zero                           0x0800a0d8   Data           8  qnan.o(.constdata)
    NTC_ADC_ARRAY                            0x0800a0e0   Data         120  drv_rf.o(.rodata.NTC_ADC_ARRAY)
    Region$$Table$$Base                      0x0800a1ec   Number         0  anon$$obj.o(Region$$Table)
    Region$$Table$$Limit                     0x0800a20c   Number         0  anon$$obj.o(Region$$Table)
    __stdout                                 0x20000000   Data           4  stdout.o(.data)
    SystemCoreClock                          0x2000000c   Data           4  system_gd32e23x.o(.data.SystemCoreClock)
    Task_Arr                                 0x20000010   Data          12  task_app.o(.data.Task_Arr)
    Debug_data                               0x20000048   Data           4  common.o(.bss.Debug_data)
    Device                                   0x2000004c   Data          22  device_app.o(.bss.Device)
    Ems                                      0x2000006d   Data           1  drv_ems.o(.bss.Ems)
    KeyPower                                 0x20000070   Data          20  key_app.o(.bss.KeyPower)
    Motor                                    0x20000088   Data           4  drv_motor.o(.bss.Motor)
    Power                                    0x20000094   Data          12  drv_power.o(.bss.Power)
    RF                                       0x200000a2   Data          16  drv_rf.o(.bss.RF)
    SensorArr                                0x200000c8   Data           8  drv_sensor.o(.bss.SensorArr)
    SensorCharge                             0x200000d0   Data          16  drv_sensor.o(.bss.SensorCharge)
    SensorPPR                                0x200000e0   Data          16  drv_sensor.o(.bss.SensorPPR)
    Task_Time_Arr                            0x200000f4   Data           6  task_app.o(.bss.Task_Time_Arr)
    Test                                     0x20000108   Data          28  test_app.o(.bss.Test)
    Uart_RX_Buffer                           0x2000012d   Data          20  drv_uart.o(.bss.Uart_RX_Buffer)
    Uart_RX_Finish                           0x20000141   Data           1  drv_uart.o(.bss.Uart_RX_Finish)
    Uart_RX_Len                              0x20000142   Data           1  drv_uart.o(.bss.Uart_RX_Len)
    adc_value                                0x20000144   Data           8  drv_adc.o(.bss.adc_value)
    disp_data                                0x20000156   Data           2  led_app.o(.bss.disp_data)
    __initial_sp                             0x20000568   Data           0  startup_gd32e23x.o(STACK)



==============================================================================

Memory Map of the image

  Image Entry point : 0x080028cd

  Load Region LR_IROM1 (Base: 0x08002800, Size: 0x00007a38, Max: 0x0000d400, ABSOLUTE)

    Execution Region ER_IROM1 (Exec base: 0x08002800, Load base: 0x08002800, Size: 0x00007a0c, Max: 0x0000d400, ABSOLUTE)

    Exec Addr    Load Addr    Size         Type   Attr      Idx    E Section Name        Object

    0x08002800   0x08002800   0x000000cc   Data   RO         1637    RESET               startup_gd32e23x.o
    0x080028cc   0x080028cc   0x00000000   Code   RO         1672  * .ARM.Collect$$$$00000000  mc_p.l(entry.o)
    0x080028cc   0x080028cc   0x00000004   Code   RO         1734    .ARM.Collect$$$$00000001  mc_p.l(entry2.o)
    0x080028d0   0x080028d0   0x00000004   Code   RO         1737    .ARM.Collect$$$$00000004  mc_p.l(entry5.o)
    0x080028d4   0x080028d4   0x00000000   Code   RO         1739    .ARM.Collect$$$$00000008  mc_p.l(entry7b.o)
    0x080028d4   0x080028d4   0x00000000   Code   RO         1741    .ARM.Collect$$$$0000000A  mc_p.l(entry8b.o)
    0x080028d4   0x080028d4   0x00000008   Code   RO         1742    .ARM.Collect$$$$0000000B  mc_p.l(entry9a.o)
    0x080028dc   0x080028dc   0x00000000   Code   RO         1744    .ARM.Collect$$$$0000000D  mc_p.l(entry10a.o)
    0x080028dc   0x080028dc   0x00000000   Code   RO         1746    .ARM.Collect$$$$0000000F  mc_p.l(entry11a.o)
    0x080028dc   0x080028dc   0x00000004   Code   RO         1735    .ARM.Collect$$$$00002712  mc_p.l(entry2.o)
    0x080028e0   0x080028e0   0x0000001c   Code   RO         1638    .text               startup_gd32e23x.o
    0x080028fc   0x080028fc   0x00000008   Code   RO         1675    .text               mc_p.l(siabs.o)
    0x08002904   0x08002904   0x00000164   Code   RO         1707    .text               mf_p.l(dadd.o)
    0x08002a68   0x08002a68   0x000000d0   Code   RO         1709    .text               mf_p.l(dmul.o)
    0x08002b38   0x08002b38   0x000000f0   Code   RO         1711    .text               mf_p.l(ddiv.o)
    0x08002c28   0x08002c28   0x00000028   Code   RO         1713    .text               mf_p.l(dflti.o)
    0x08002c50   0x08002c50   0x00000048   Code   RO         1715    .text               mf_p.l(dfixi.o)
    0x08002c98   0x08002c98   0x0000002c   Code   RO         1749    .text               mc_p.l(uidiv.o)
    0x08002cc4   0x08002cc4   0x00000060   Code   RO         1751    .text               mc_p.l(uldiv.o)
    0x08002d24   0x08002d24   0x00000020   Code   RO         1753    .text               mc_p.l(llshl.o)
    0x08002d44   0x08002d44   0x00000022   Code   RO         1755    .text               mc_p.l(llushr.o)
    0x08002d66   0x08002d66   0x00000026   Code   RO         1757    .text               mc_p.l(llsshr.o)
    0x08002d8c   0x08002d8c   0x00000000   Code   RO         1766    .text               mc_p.l(iusefp.o)
    0x08002d8c   0x08002d8c   0x000000be   Code   RO         1767    .text               mf_p.l(depilogue.o)
    0x08002e4a   0x08002e4a   0x0000002c   Code   RO         1771    .text               mf_p.l(dscalb.o)
    0x08002e76   0x08002e76   0x00000002   PAD
    0x08002e78   0x08002e78   0x00000040   Code   RO         1773    .text               mf_p.l(dfixul.o)
    0x08002eb8   0x08002eb8   0x00000028   Code   RO         1775    .text               mf_p.l(cdcmple.o)
    0x08002ee0   0x08002ee0   0x00000028   Code   RO         1777    .text               mf_p.l(cdrcmple.o)
    0x08002f08   0x08002f08   0x00000024   Code   RO         1779    .text               mc_p.l(init.o)
    0x08002f2c   0x08002f2c   0x0000001c   Code   RO          252    .text.Adc_Clock_Config  drv_adc.o
    0x08002f48   0x08002f48   0x0000009a   Code   RO          258    .text.Adc_Config    drv_adc.o
    0x08002fe2   0x08002fe2   0x0000000e   Code   RO          260    .text.Adc_DeInit    drv_adc.o
    0x08002ff0   0x08002ff0   0x00000058   Code   RO          256    .text.Adc_Dma_Config  drv_adc.o
    0x08003048   0x08003048   0x0000004c   Code   RO          254    .text.Adc_Gpio_Config  drv_adc.o
    0x08003094   0x08003094   0x00000014   Code   RO          264    .text.Adc_Init      drv_adc.o
    0x080030a8   0x080030a8   0x0000000c   Code   RO          262    .text.Adc_ReInit    drv_adc.o
    0x080030b4   0x080030b4   0x00000018   Code   RO          304    .text.Add_Key       drv_key.o
    0x080030cc   0x080030cc   0x0000008c   Code   RO          185    .text.Aging_EMS_RF_disp  led_app.o
    0x08003158   0x08003158   0x0000008c   Code   RO          183    .text.Aging_charge_disp  led_app.o
    0x080031e4   0x080031e4   0x0000005c   Code   RO          490    .text.Bat_Led_Full_Breathe  drv_led.o
    0x08003240   0x08003240   0x00000030   Code   RO          488    .text.Bat_Led_Full_Control  drv_led.o
    0x08003270   0x08003270   0x00000140   Code   RO          482    .text.Bat_Led_Init  drv_led.o
    0x080033b0   0x080033b0   0x0000005c   Code   RO          486    .text.Bat_Led_Low_Breathe  drv_led.o
    0x0800340c   0x0800340c   0x00000034   Code   RO          484    .text.Bat_Led_Low_Control  drv_led.o
    0x08003440   0x08003440   0x00000188   Code   RO          348    .text.Bat_Level_Detection  drv_power.o
    0x080035c8   0x080035c8   0x00000168   Code   RO          346    .text.Bat_Temp_Read  drv_power.o
    0x08003730   0x08003730   0x00000048   Code   RO          238    .text.Delay_Init    drv_delay.o
    0x08003778   0x08003778   0x00000038   Code   RO          242    .text.Delay_ms      drv_delay.o
    0x080037b0   0x080037b0   0x000000a4   Code   RO          240    .text.Delay_us      drv_delay.o
    0x08003854   0x08003854   0x00000180   Code   RO          100    .text.Device_AutoOff_Process  device_app.o
    0x080039d4   0x080039d4   0x000000a0   Code   RO           86    .text.Device_Data_Read  device_app.o
    0x08003a74   0x08003a74   0x00000048   Code   RO           92    .text.Device_Data_Write  device_app.o
    0x08003abc   0x08003abc   0x00000028   Code   RO           84    .text.Device_Init   device_app.o
    0x08003ae4   0x08003ae4   0x00000060   Code   RO           88    .text.Device_Level_Set  device_app.o
    0x08003b44   0x08003b44   0x00000234   Code   RO           98    .text.Device_Out_Process  device_app.o
    0x08003d78   0x08003d78   0x0000005c   Code   RO          448    .text.Drv_Uart_DMA_Config  drv_uart.o
    0x08003dd4   0x08003dd4   0x00000074   Code   RO          450    .text.Drv_Uart_GPIO_Config  drv_uart.o
    0x08003e48   0x08003e48   0x00000080   Code   RO          444    .text.Drv_Uart_Init  drv_uart.o
    0x08003ec8   0x08003ec8   0x0000000c   Code   RO          446    .text.Drv_Uart_NVIC_Config  drv_uart.o
    0x08003ed4   0x08003ed4   0x00000080   Code   RO          452    .text.Drv_Uart_Send  drv_uart.o
    0x08003f54   0x08003f54   0x000000f4   Code   RO          283    .text.EMS_Load_Detection  drv_ems.o
    0x08004048   0x08004048   0x00000044   Code   RO          277    .text.Ems_Control   drv_ems.o
    0x0800408c   0x0800408c   0x0000000c   Code   RO          275    .text.Ems_Init      drv_ems.o
    0x08004098   0x08004098   0x000000c4   Code   RO          279    .text.Ems_PWM_Config  drv_ems.o
    0x0800415c   0x0800415c   0x00000040   Code   RO          281    .text.Ems_PWM_OFF   drv_ems.o
    0x0800419c   0x0800419c   0x0000008e   Code   RO          434    .text.Flash_Write_Word  drv_flash.o
    0x0800422a   0x0800422a   0x00000002   PAD
    0x0800422c   0x0800422c   0x000001a8   Code   RO          226    .text.GPIO_Init     drv_gpio.o
    0x080043d4   0x080043d4   0x00000074   Code   RO          228    .text.Gpio_Reset    drv_gpio.o
    0x08004448   0x08004448   0x00000004   Code   RO            4    .text.HardFault_Handler  gd32e23x_it.o
    0x0800444c   0x0800444c   0x00000244   Code   RO           72    .text.KeyPower_CallBack  key_app.o
    0x08004690   0x08004690   0x0000001c   Code   RO           70    .text.Key_App_Init  key_app.o
    0x080046ac   0x080046ac   0x0000005e   Code   RO          302    .text.Key_Create    drv_key.o
    0x0800470a   0x0800470a   0x00000002   PAD
    0x0800470c   0x0800470c   0x00000028   Code   RO          298    .text.Key_Hardware_Init  drv_key.o
    0x08004734   0x08004734   0x0000025c   Code   RO          310    .text.Key_Process   drv_key.o
    0x08004990   0x08004990   0x0000002c   Code   RO          312    .text.Key_Scan_Process  drv_key.o
    0x080049bc   0x080049bc   0x00000078   Code   RO          165    .text.Level_Leds_Control  led_app.o
    0x08004a34   0x08004a34   0x000000ac   Code   RO          163    .text.Level_Leds_Force_refresh  led_app.o
    0x08004ae0   0x08004ae0   0x000000c0   Code   RO           16    .text.Listen_Task0  task_app.o
    0x08004ba0   0x08004ba0   0x00000044   Code   RO          325    .text.Motor_Init    drv_motor.o
    0x08004be4   0x08004be4   0x0000003c   Code   RO          331    .text.Motor_Process_Cycle  drv_motor.o
    0x08004c20   0x08004c20   0x00000048   Code   RO          327    .text.Motor_Start_Time  drv_motor.o
    0x08004c68   0x08004c68   0x00000002   Code   RO            2    .text.NMI_Handler   gd32e23x_it.o
    0x08004c6a   0x08004c6a   0x00000002   PAD
    0x08004c6c   0x08004c6c   0x000000d4   Code   RO          104    .text.Normal_mode_Charge_Ctrl  device_app.o
    0x08004d40   0x08004d40   0x000000c8   Code   RO           18    .text.Out_Task1     task_app.o
    0x08004e08   0x08004e08   0x00000034   Code   RO          344    .text.Power_Charge_Control  drv_power.o
    0x08004e3c   0x08004e3c   0x00000024   Code   RO          342    .text.Power_Init    drv_power.o
    0x08004e60   0x08004e60   0x000000a8   Code   RO          167    .text.Power_Led_Process  led_app.o
    0x08004f08   0x08004f08   0x00000048   Code   RO          386    .text.RF_Control    drv_rf.o
    0x08004f50   0x08004f50   0x00000014   Code   RO          390    .text.RF_Freq_Set   drv_rf.o
    0x08004f64   0x08004f64   0x0000003c   Code   RO          382    .text.RF_Init       drv_rf.o
    0x08004fa0   0x08004fa0   0x000000c0   Code   RO           50    .text.RF_Ntc_Adjust_Process  test_app.o
    0x08005060   0x08005060   0x00000040   Code   RO          392    .text.RF_OutFreq_Cycle  drv_rf.o
    0x080050a0   0x080050a0   0x00000108   Code   RO          384    .text.RF_PWM_Config  drv_rf.o
    0x080051a8   0x080051a8   0x00000040   Code   RO          388    .text.RF_PWM_OFF    drv_rf.o
    0x080051e8   0x080051e8   0x000001f8   Code   RO          394    .text.RF_Temp_Read  drv_rf.o
    0x080053e0   0x080053e0   0x00000030   Code   RO          300    .text.Read_KeyPower_Level  drv_key.o
    0x08005410   0x08005410   0x0000002c   Code   RO          415    .text.SensorCharge_Read  drv_sensor.o
    0x0800543c   0x0800543c   0x0000002c   Code   RO          417    .text.SensorPPR_Read  drv_sensor.o
    0x08005468   0x08005468   0x00000078   Code   RO          413    .text.Sensor_Init   drv_sensor.o
    0x080054e0   0x080054e0   0x000000c4   Code   RO          419    .text.Sensor_Process  drv_sensor.o
    0x080055a4   0x080055a4   0x00000054   Code   RO          138    .text.SysTick_Config  main.o
    0x080055f8   0x080055f8   0x00000044   Code   RO            6    .text.SysTick_Handler  gd32e23x_it.o
    0x0800563c   0x0800563c   0x000000c4   Code   RO           20    .text.Sys_Task2     task_app.o
    0x08005700   0x08005700   0x000000e4   Code   RO           90    .text.Sys_state_Ctrl  device_app.o
    0x080057e4   0x080057e4   0x000000fc   Code   RO         1645    .text.SystemInit    system_gd32e23x.o
    0x080058e0   0x080058e0   0x000001ec   Code   RO           96    .text.Temp_ctrl_RF_time  device_app.o
    0x08005acc   0x08005acc   0x00000330   Code   RO           42    .text.Test_Mode_Device_Out_Process  test_app.o
    0x08005dfc   0x08005dfc   0x0000065c   Code   RO           46    .text.Test_Order_Process  test_app.o
    0x08006458   0x08006458   0x000000f0   Code   RO          102    .text.Test_mode_Charge_Ctrl  device_app.o
    0x08006548   0x08006548   0x0000005c   Code   RO          454    .text.USART0_IRQHandler  drv_uart.o
    0x080065a4   0x080065a4   0x00000034   Code   RO          968    .text.__NVIC_EnableIRQ  gd32e23x_misc.o
    0x080065d8   0x080065d8   0x00000080   Code   RO          140    .text.__NVIC_SetPriority  main.o
    0x08006658   0x08006658   0x00000088   Code   RO          966    .text.__NVIC_SetPriority  gd32e23x_misc.o
    0x080066e0   0x080066e0   0x00000038   Code   RO          510    .text.adc_calibration_enable  gd32e23x_adc.o
    0x08006718   0x08006718   0x00000068   Code   RO          526    .text.adc_channel_length_config  gd32e23x_adc.o
    0x08006780   0x08006780   0x0000002c   Code   RO          524    .text.adc_data_alignment_config  gd32e23x_adc.o
    0x080067ac   0x080067ac   0x0000001c   Code   RO          504    .text.adc_deinit    gd32e23x_adc.o
    0x080067c8   0x080067c8   0x00000010   Code   RO          512    .text.adc_dma_mode_enable  gd32e23x_adc.o
    0x080067d8   0x080067d8   0x0000001c   Code   RO          506    .text.adc_enable    gd32e23x_adc.o
    0x080067f4   0x080067f4   0x00000088   Code   RO          534    .text.adc_external_trigger_config  gd32e23x_adc.o
    0x0800687c   0x0800687c   0x00000050   Code   RO          536    .text.adc_external_trigger_source_config  gd32e23x_adc.o
    0x080068cc   0x080068cc   0x0000015c   Code   RO          528    .text.adc_regular_channel_config  gd32e23x_adc.o
    0x08006a28   0x08006a28   0x00000044   Code   RO          538    .text.adc_software_trigger_enable  gd32e23x_adc.o
    0x08006a6c   0x08006a6c   0x000000bc   Code   RO          522    .text.adc_special_function_config  gd32e23x_adc.o
    0x08006b28   0x08006b28   0x000000b0   Code   RO          350    .text.bat_val_3v2_check  drv_power.o
    0x08006bd8   0x08006bd8   0x000000b4   Code   RO          352    .text.bat_val_3v3_check  drv_power.o
    0x08006c8c   0x08006c8c   0x000000b4   Code   RO          354    .text.bat_val_3v4_check  drv_power.o
    0x08006d40   0x08006d40   0x000000b4   Code   RO          356    .text.bat_val_3v9_check  drv_power.o
    0x08006df4   0x08006df4   0x00000050   Code   RO          358    .text.bat_val_4v1_check  drv_power.o
    0x08006e44   0x08006e44   0x00000148   Code   RO          206    .text.bat_val_err_check  err_check_app.o
    0x08006f8c   0x08006f8c   0x00000018   Code   RO           94    .text.change_to_err_state  device_app.o
    0x08006fa4   0x08006fa4   0x00000068   Code   RO           48    .text.crc16_compute  test_app.o
    0x0800700c   0x0800700c   0x00000020   Code   RO          666    .text.dma_channel_disable  gd32e23x_dma.o
    0x0800702c   0x0800702c   0x00000020   Code   RO          676    .text.dma_channel_enable  gd32e23x_dma.o
    0x0800704c   0x0800704c   0x00000020   Code   RO          670    .text.dma_circulation_disable  gd32e23x_dma.o
    0x0800706c   0x0800706c   0x00000020   Code   RO          668    .text.dma_circulation_enable  gd32e23x_dma.o
    0x0800708c   0x0800708c   0x0000005c   Code   RO          660    .text.dma_deinit    gd32e23x_dma.o
    0x080070e8   0x080070e8   0x0000011c   Code   RO          664    .text.dma_init      gd32e23x_dma.o
    0x08007204   0x08007204   0x0000001c   Code   RO          682    .text.dma_transfer_number_config  gd32e23x_dma.o
    0x08007220   0x08007220   0x0000001c   Code   RO          684    .text.dma_transfer_number_get  gd32e23x_dma.o
    0x0800723c   0x0800723c   0x00000084   Code   RO          469    .text.ems_rf_en_change  drv_ems_rf_en_pin.o
    0x080072c0   0x080072c0   0x00000010   Code   RO          806    .text.fmc_flag_clear  gd32e23x_fmc.o
    0x080072d0   0x080072d0   0x0000000c   Code   RO          756    .text.fmc_lock      gd32e23x_fmc.o
    0x080072dc   0x080072dc   0x0000005c   Code   RO          764    .text.fmc_page_erase  gd32e23x_fmc.o
    0x08007338   0x08007338   0x0000005a   Code   RO          766    .text.fmc_ready_wait  gd32e23x_fmc.o
    0x08007392   0x08007392   0x00000002   PAD
    0x08007394   0x08007394   0x00000054   Code   RO          812    .text.fmc_state_get  gd32e23x_fmc.o
    0x080073e8   0x080073e8   0x00000028   Code   RO          754    .text.fmc_unlock    gd32e23x_fmc.o
    0x08007410   0x08007410   0x00000058   Code   RO          772    .text.fmc_word_program  gd32e23x_fmc.o
    0x08007468   0x08007468   0x00000034   Code   RO          456    .text.fputc         drv_uart.o
    0x0800749c   0x0800749c   0x000000e8   Code   RO          836    .text.fwdgt_config  gd32e23x_fwdgt.o
    0x08007584   0x08007584   0x0000000c   Code   RO          834    .text.fwdgt_counter_reload  gd32e23x_fwdgt.o
    0x08007590   0x08007590   0x00000010   Code   RO          826    .text.fwdgt_enable  gd32e23x_fwdgt.o
    0x080075a0   0x080075a0   0x000000c4   Code   RO          870    .text.gpio_af_set   gd32e23x_gpio.o
    0x08007664   0x08007664   0x00000028   Code   RO          858    .text.gpio_bit_write  gd32e23x_gpio.o
    0x0800768c   0x0800768c   0x0000002a   Code   RO          862    .text.gpio_input_bit_get  gd32e23x_gpio.o
    0x080076b6   0x080076b6   0x00000090   Code   RO          850    .text.gpio_mode_set  gd32e23x_gpio.o
    0x08007746   0x08007746   0x0000008e   Code   RO          852    .text.gpio_output_options_set  gd32e23x_gpio.o
    0x080077d4   0x080077d4   0x00000018   Code   RO          134    .text.irc40k_config  main.o
    0x080077ec   0x080077ec   0x000000c0   Code   RO          130    .text.main          main.o
    0x080078ac   0x080078ac   0x00000034   Code   RO          964    .text.nvic_irq_enable  gd32e23x_misc.o
    0x080078e0   0x080078e0   0x00000024   Code   RO          978    .text.nvic_vector_table_set  gd32e23x_misc.o
    0x08007904   0x08007904   0x0000018c   Code   RO         1056    .text.rcu_adc_clock_config  gd32e23x_rcu.o
    0x08007a90   0x08007a90   0x00000300   Code   RO         1094    .text.rcu_clock_freq_get  gd32e23x_rcu.o
    0x08007d90   0x08007d90   0x00000098   Code   RO         1028    .text.rcu_deinit    gd32e23x_rcu.o
    0x08007e28   0x08007e28   0x00000038   Code   RO         1072    .text.rcu_flag_get  gd32e23x_rcu.o
    0x08007e60   0x08007e60   0x00000024   Code   RO         1074    .text.rcu_osci_on   gd32e23x_rcu.o
    0x08007e84   0x08007e84   0x00000258   Code   RO         1070    .text.rcu_osci_stab_wait  gd32e23x_rcu.o
    0x080080dc   0x080080dc   0x00000024   Code   RO         1030    .text.rcu_periph_clock_enable  gd32e23x_rcu.o
    0x08008100   0x08008100   0x00000024   Code   RO         1040    .text.rcu_periph_reset_disable  gd32e23x_rcu.o
    0x08008124   0x08008124   0x00000028   Code   RO         1038    .text.rcu_periph_reset_enable  gd32e23x_rcu.o
    0x0800814c   0x0800814c   0x00000028   Code   RO         1046    .text.rcu_system_clock_source_config  gd32e23x_rcu.o
    0x08008174   0x08008174   0x000000f8   Code   RO          208    .text.rf_temp_err_check  err_check_app.o
    0x0800826c   0x0800826c   0x000000dc   Code   RO          132    .text.switch_system_clock_to_72m_irc8m  main.o
    0x08008348   0x08008348   0x00000118   Code   RO          177    .text.sys_Err_leds_disp  led_app.o
    0x08008460   0x08008460   0x00000050   Code   RO          173    .text.sys_charge_bat_leds_disp  led_app.o
    0x080084b0   0x080084b0   0x0000001c   Code   RO          175    .text.sys_off_bat_leds_disp  led_app.o
    0x080084cc   0x080084cc   0x00000054   Code   RO          169    .text.sys_on_bat_leds_disp  led_app.o
    0x08008520   0x08008520   0x000000b8   Code   RO          171    .text.sys_wakeup_bat_leds_disp  led_app.o
    0x080085d8   0x080085d8   0x000000e0   Code   RO         1651    .text.system_clock_72m_irc8m  system_gd32e23x.o
    0x080086b8   0x080086b8   0x00000008   Code   RO         1647    .text.system_clock_config  system_gd32e23x.o
    0x080086c0   0x080086c0   0x0000002c   Code   RO          984    .text.systick_clksource_set  gd32e23x_misc.o
    0x080086ec   0x080086ec   0x00000030   Code   RO          136    .text.systick_config  main.o
    0x0800871c   0x0800871c   0x00000040   Code   RO          181    .text.test_Aging_disp  led_app.o
    0x0800875c   0x0800875c   0x00000070   Code   RO           44    .text.test_ems_rf_ctrl  test_app.o
    0x080087cc   0x080087cc   0x000000cc   Code   RO          179    .text.test_leds_disp  led_app.o
    0x08008898   0x08008898   0x000000a8   Code   RO          471    .text.timer15_init  drv_ems_rf_en_pin.o
    0x08008940   0x08008940   0x00000012   Code   RO         1320    .text.timer_auto_reload_shadow_enable  gd32e23x_timer.o
    0x08008952   0x08008952   0x00000002   PAD
    0x08008954   0x08008954   0x000002f4   Code   RO         1394    .text.timer_channel_output_config  gd32e23x_timer.o
    0x08008c48   0x08008c48   0x000000a2   Code   RO         1396    .text.timer_channel_output_mode_config  gd32e23x_timer.o
    0x08008cea   0x08008cea   0x00000002   PAD
    0x08008cec   0x08008cec   0x00000056   Code   RO         1398    .text.timer_channel_output_pulse_value_config  gd32e23x_timer.o
    0x08008d42   0x08008d42   0x00000002   PAD
    0x08008d44   0x08008d44   0x000000a2   Code   RO         1400    .text.timer_channel_output_shadow_config  gd32e23x_timer.o
    0x08008de6   0x08008de6   0x00000022   Code   RO         1392    .text.timer_channel_output_struct_para_init  gd32e23x_timer.o
    0x08008e08   0x08008e08   0x00000014   Code   RO         1342    .text.timer_counter_read  gd32e23x_timer.o
    0x08008e1c   0x08008e1c   0x000000e4   Code   RO         1310    .text.timer_deinit  gd32e23x_timer.o
    0x08008f00   0x08008f00   0x00000012   Code   RO         1316    .text.timer_enable  gd32e23x_timer.o
    0x08008f12   0x08008f12   0x00000002   PAD
    0x08008f14   0x08008f14   0x000000fc   Code   RO         1314    .text.timer_init    gd32e23x_timer.o
    0x08009010   0x08009010   0x00000012   Code   RO         1358    .text.timer_interrupt_flag_clear  gd32e23x_timer.o
    0x08009022   0x08009022   0x00000032   Code   RO         1386    .text.timer_primary_output_config  gd32e23x_timer.o
    0x08009054   0x08009054   0x00000028   Code   RO         1312    .text.timer_struct_para_init  gd32e23x_timer.o
    0x0800907c   0x0800907c   0x000000b0   Code   RO         1466    .text.usart_baudrate_set  gd32e23x_usart.o
    0x0800912c   0x0800912c   0x00000018   Code   RO         1500    .text.usart_data_transmit  gd32e23x_usart.o
    0x08009144   0x08009144   0x00000054   Code   RO         1464    .text.usart_deinit  gd32e23x_usart.o
    0x08009198   0x08009198   0x0000001e   Code   RO         1572    .text.usart_dma_receive_config  gd32e23x_usart.o
    0x080091b6   0x080091b6   0x0000001e   Code   RO         1574    .text.usart_dma_transmit_config  gd32e23x_usart.o
    0x080091d4   0x080091d4   0x00000012   Code   RO         1474    .text.usart_enable  gd32e23x_usart.o
    0x080091e6   0x080091e6   0x00000020   Code   RO         1594    .text.usart_flag_clear  gd32e23x_usart.o
    0x08009206   0x08009206   0x0000003a   Code   RO         1592    .text.usart_flag_get  gd32e23x_usart.o
    0x08009240   0x08009240   0x00000026   Code   RO         1596    .text.usart_interrupt_enable  gd32e23x_usart.o
    0x08009266   0x08009266   0x00000002   PAD
    0x08009268   0x08009268   0x00000040   Code   RO         1604    .text.usart_interrupt_flag_clear  gd32e23x_usart.o
    0x080092a8   0x080092a8   0x00000066   Code   RO         1602    .text.usart_interrupt_flag_get  gd32e23x_usart.o
    0x0800930e   0x0800930e   0x0000001e   Code   RO         1480    .text.usart_receive_config  gd32e23x_usart.o
    0x0800932c   0x0800932c   0x0000001e   Code   RO         1478    .text.usart_transmit_config  gd32e23x_usart.o
    0x0800934a   0x0800934a   0x00000002   PAD
    0x0800934c   0x0800934c   0x00000020   Code   RO         1680    i.__0printf         mc_p.l(printfa.o)
    0x0800936c   0x0800936c   0x0000002e   Code   RO         1769    i.__ARM_clz         mf_p.l(depilogue.o)
    0x0800939a   0x0800939a   0x000000ac   Code   RO         1731    i.__kernel_poly     m_ps.l(poly.o)
    0x08009446   0x08009446   0x00000002   PAD
    0x08009448   0x08009448   0x00000014   Code   RO         1717    i.__mathlib_dbl_divzero  m_ps.l(dunder.o)
    0x0800945c   0x0800945c   0x0000000a   Code   RO         1718    i.__mathlib_dbl_infnan  m_ps.l(dunder.o)
    0x08009466   0x08009466   0x00000010   Code   RO         1720    i.__mathlib_dbl_invalid  m_ps.l(dunder.o)
    0x08009476   0x08009476   0x0000000e   Code   RO         1783    i.__scatterload_copy  mc_p.l(handlers.o)
    0x08009484   0x08009484   0x00000002   Code   RO         1784    i.__scatterload_null  mc_p.l(handlers.o)
    0x08009486   0x08009486   0x0000000e   Code   RO         1785    i.__scatterload_zeroinit  mc_p.l(handlers.o)
    0x08009494   0x08009494   0x0000000c   Code   RO         1761    i.__set_errno       mc_p.l(errno.o)
    0x080094a0   0x080094a0   0x00000174   Code   RO         1687    i._fp_digits        mc_p.l(printfa.o)
    0x08009614   0x08009614   0x000006ec   Code   RO         1688    i._printf_core      mc_p.l(printfa.o)
    0x08009d00   0x08009d00   0x00000020   Code   RO         1689    i._printf_post_padding  mc_p.l(printfa.o)
    0x08009d20   0x08009d20   0x0000002c   Code   RO         1690    i._printf_pre_padding  mc_p.l(printfa.o)
    0x08009d4c   0x08009d4c   0x00000354   Code   RO         1663    i.log               m_ps.l(log.o)
    0x0800a0a0   0x0800a0a0   0x00000038   Data   RO         1664    .constdata          m_ps.l(log.o)
    0x0800a0d8   0x0800a0d8   0x00000008   Data   RO         1733    .constdata          m_ps.l(qnan.o)
    0x0800a0e0   0x0800a0e0   0x00000078   Data   RO          398    .rodata.NTC_ADC_ARRAY  drv_rf.o
    0x0800a158   0x0800a158   0x00000024   Data   RO           61    .rodata.str1.1      test_app.o
    0x0800a17c   0x0800a17c   0x0000000e   Data   RO           75    .rodata.str1.1      key_app.o
    0x0800a18a   0x0800a18a   0x0000002f   Data   RO          107    .rodata.str1.1      device_app.o
    0x0800a1b9   0x0800a1b9   0x00000030   Data   RO          213    .rodata.str1.1      err_check_app.o
    0x0800a1e9   0x0800a1e9   0x00000003   PAD
    0x0800a1ec   0x0800a1ec   0x00000020   Data   RO         1782    Region$$Table       anon$$obj.o


    Execution Region RW_IRAM1 (Exec base: 0x20000000, Load base: 0x0800a210, Size: 0x00000568, Max: 0x00002000, ABSOLUTE)

    Exec Addr    Load Addr    Size         Type   Attr      Idx    E Section Name        Object

    0x20000000   0x0800a210   0x00000004   Data   RW         1748    .data               mc_p.l(stdout.o)
    0x20000004   0x0800a214   0x00000004   Data   RW         1762    .data               mc_p.l(errno.o)
    0x20000008   0x0800a218   0x00000001   Data   RW          495    .data.Bat_Led_Full_Breathe.turn  drv_led.o
    0x20000009   0x0800a219   0x00000001   Data   RW          493    .data.Bat_Led_Low_Breathe.turn  drv_led.o
    0x2000000a   0x0800a21a   0x00000002   PAD
    0x2000000c   0x0800a21c   0x00000004   Data   RW         1653    .data.SystemCoreClock  system_gd32e23x.o
    0x20000010   0x0800a220   0x0000000c   Data   RW           22    .data.Task_Arr      task_app.o
    0x2000001c   0x0800a22c   0x00000006   Data   RW          286    .data.pwm_100k_config  drv_ems.o
    0x20000022   0x0800a232   0x00000006   Data   RW          473    .data.pwm_200k_EMETY_config  drv_ems_rf_en_pin.o
    0x20000028        -       0x00000001   Zero   RW          494    .bss.Bat_Led_Full_Breathe.lev  drv_led.o
    0x20000029        -       0x00000001   Zero   RW          492    .bss.Bat_Led_Low_Breathe.lev  drv_led.o
    0x2000002a        -       0x00000001   Zero   RW          365    .bss.Bat_Level_Detection.check_delay  drv_power.o
    0x2000002b        -       0x00000001   Zero   RW          363    .bss.Bat_Level_Detection.count  drv_power.o
    0x2000002c        -       0x00000004   Zero   RW          364    .bss.Bat_Level_Detection.sum  drv_power.o
    0x20000030        -       0x00000014   Zero   RW          361    .bss.Bat_Temp_Read.arr  drv_power.o
    0x20000044        -       0x00000001   Zero   RW          362    .bss.Bat_Temp_Read.count  drv_power.o
    0x20000045   0x0800a238   0x00000003   PAD
    0x20000048        -       0x00000004   Zero   RW          154    .bss.Debug_data     common.o
    0x2000004c        -       0x00000016   Zero   RW          106    .bss.Device         device_app.o
    0x20000062        -       0x00000001   Zero   RW          118    .bss.Device_AutoOff_Process.adjust_rf_delay  device_app.o
    0x20000063        -       0x00000001   Zero   RW          117    .bss.Device_AutoOff_Process.power_off_delay  device_app.o
    0x20000064        -       0x00000001   Zero   RW          116    .bss.Device_Out_Process.Ems_1ms_out_cnt  device_app.o
    0x20000065   0x0800a238   0x00000001   PAD
    0x20000066        -       0x00000002   Zero   RW          113    .bss.Device_Out_Process.MsCnt  device_app.o
    0x20000068        -       0x00000001   Zero   RW          287    .bss.EMS_Load_Detection.active_cnt  drv_ems.o
    0x20000069   0x0800a238   0x00000001   PAD
    0x2000006a        -       0x00000002   Zero   RW          289    .bss.EMS_Load_Detection.check_active_delay  drv_ems.o
    0x2000006c        -       0x00000001   Zero   RW          288    .bss.EMS_Load_Detection.unactive_cnt  drv_ems.o
    0x2000006d        -       0x00000001   Zero   RW          285    .bss.Ems            drv_ems.o
    0x2000006e   0x0800a238   0x00000002   PAD
    0x20000070        -       0x00000014   Zero   RW           74    .bss.KeyPower       key_app.o
    0x20000084        -       0x00000001   Zero   RW          187    .bss.Level_Leds_Control.tmp_level  led_app.o
    0x20000085   0x0800a238   0x00000001   PAD
    0x20000086        -       0x00000002   Zero   RW           24    .bss.Listen_Task0.count  task_app.o
    0x20000088        -       0x00000004   Zero   RW          333    .bss.Motor          drv_motor.o
    0x2000008c        -       0x00000001   Zero   RW          121    .bss.Normal_mode_Charge_Ctrl.ChargeConut  device_app.o
    0x2000008d   0x0800a238   0x00000001   PAD
    0x2000008e        -       0x00000002   Zero   RW           25    .bss.Out_Task1.count  task_app.o
    0x20000090        -       0x00000002   Zero   RW           26    .bss.Out_Task1.sys_adjust_cnt  task_app.o
    0x20000092   0x0800a238   0x00000002   PAD
    0x20000094        -       0x0000000c   Zero   RW          360    .bss.Power          drv_power.o
    0x200000a0        -       0x00000001   Zero   RW          188    .bss.Power_Led_Process.first_sys_off_flag  led_app.o
    0x200000a1   0x0800a238   0x00000001   PAD
    0x200000a2        -       0x00000010   Zero   RW          399    .bss.RF             drv_rf.o
    0x200000b2        -       0x00000014   Zero   RW          400    .bss.RF_Temp_Read.arr  drv_rf.o
    0x200000c6        -       0x00000001   Zero   RW          401    .bss.RF_Temp_Read.count  drv_rf.o
    0x200000c7   0x0800a238   0x00000001   PAD
    0x200000c8        -       0x00000008   Zero   RW          423    .bss.SensorArr      drv_sensor.o
    0x200000d0        -       0x00000010   Zero   RW          421    .bss.SensorCharge   drv_sensor.o
    0x200000e0        -       0x00000010   Zero   RW          422    .bss.SensorPPR      drv_sensor.o
    0x200000f0        -       0x00000002   Zero   RW           27    .bss.Sys_Task2.count  task_app.o
    0x200000f2        -       0x00000002   Zero   RW           31    .bss.Sys_Task2.printf_delay  task_app.o
    0x200000f4        -       0x00000006   Zero   RW           23    .bss.Task_Time_Arr  task_app.o
    0x200000fa   0x0800a238   0x00000002   PAD
    0x200000fc        -       0x00000004   Zero   RW          109    .bss.Temp_ctrl_RF_time.Temp_lower_39_cnt  device_app.o
    0x20000100        -       0x00000004   Zero   RW          110    .bss.Temp_ctrl_RF_time.Temp_lower_40_cnt  device_app.o
    0x20000104        -       0x00000004   Zero   RW          111    .bss.Temp_ctrl_RF_time.Temp_lower_41_cnt  device_app.o
    0x20000108        -       0x0000001c   Zero   RW           52    .bss.Test           test_app.o
    0x20000124        -       0x00000002   Zero   RW           53    .bss.Test_Mode_Device_Out_Process.MsCnt  test_app.o
    0x20000126        -       0x00000002   Zero   RW           59    .bss.Test_Mode_Device_Out_Process.read_temp_cnt  test_app.o
    0x20000128        -       0x00000002   Zero   RW           60    .bss.Test_Mode_Device_Out_Process.test_1s_cnt  test_app.o
    0x2000012a        -       0x00000002   Zero   RW          119    .bss.Test_mode_Charge_Ctrl.Charge_100ms_cnt  device_app.o
    0x2000012c        -       0x00000001   Zero   RW          120    .bss.Test_mode_Charge_Ctrl.DC5V_not_online_cnt  device_app.o
    0x2000012d        -       0x00000014   Zero   RW          458    .bss.Uart_RX_Buffer  drv_uart.o
    0x20000141        -       0x00000001   Zero   RW          460    .bss.Uart_RX_Finish  drv_uart.o
    0x20000142        -       0x00000001   Zero   RW          459    .bss.Uart_RX_Len    drv_uart.o
    0x20000143   0x0800a238   0x00000001   PAD
    0x20000144        -       0x00000008   Zero   RW          266    .bss.adc_value      drv_adc.o
    0x2000014c        -       0x00000001   Zero   RW          366    .bss.bat_val_3v2_check.High_lvl_change_delay  drv_power.o
    0x2000014d        -       0x00000001   Zero   RW          367    .bss.bat_val_3v2_check.LOW_lvl_change_delay  drv_power.o
    0x2000014e        -       0x00000001   Zero   RW          368    .bss.bat_val_3v3_check.High_lvl_change_delay  drv_power.o
    0x2000014f        -       0x00000001   Zero   RW          369    .bss.bat_val_3v3_check.LOW_lvl_change_delay  drv_power.o
    0x20000150        -       0x00000001   Zero   RW          370    .bss.bat_val_3v4_check.High_lvl_change_delay  drv_power.o
    0x20000151        -       0x00000001   Zero   RW          371    .bss.bat_val_3v4_check.LOW_lvl_change_delay  drv_power.o
    0x20000152        -       0x00000001   Zero   RW          372    .bss.bat_val_3v9_check.High_lvl_change_delay  drv_power.o
    0x20000153        -       0x00000001   Zero   RW          373    .bss.bat_val_3v9_check.LOW_lvl_change_delay  drv_power.o
    0x20000154        -       0x00000001   Zero   RW          211    .bss.bat_val_err_check.bat_val_err_cnt  err_check_app.o
    0x20000155        -       0x00000001   Zero   RW          212    .bss.bat_val_err_check.bat_val_normal_cnt  err_check_app.o
    0x20000156        -       0x00000002   Zero   RW          189    .bss.disp_data      led_app.o
    0x20000158        -       0x00000004   Zero   RW          316    .bss.pHead_Key      drv_key.o
    0x2000015c        -       0x00000001   Zero   RW          214    .bss.rf_temp_err_check.rf_temp_err_cnt  err_check_app.o
    0x2000015d        -       0x00000001   Zero   RW          215    .bss.rf_temp_err_check.rf_temp_normal_cnt  err_check_app.o
    0x2000015e        -       0x00000001   Zero   RW          193    .bss.sys_Err_leds_disp.alarm_leds_on_flag  led_app.o
    0x2000015f        -       0x00000001   Zero   RW          192    .bss.sys_Err_leds_disp.inver_alarm_cnt  led_app.o
    0x20000160        -       0x00000001   Zero   RW          191    .bss.sys_wakeup_bat_leds_disp.breath_flag  led_app.o
    0x20000161        -       0x00000001   Zero   RW          190    .bss.sys_wakeup_bat_leds_disp.i  led_app.o
    0x20000162   0x0800a238   0x00000006   PAD
    0x20000168        -       0x00000400   Zero   RW         1635    STACK               startup_gd32e23x.o


==============================================================================

Image component sizes


      Code (inc. data)   RO Data    RW Data    ZI Data      Debug   Object Name

         0          0          0          0          4        865   common.o
      2512        164         47          0         43       5418   device_app.o
       392         12          0          0          8       2594   drv_adc.o
       292         12          0          0          0       1940   drv_delay.o
       584         52          0          6          5       2594   drv_ems.o
       300         16          0          6          0       2429   drv_ems_rf_en_pin.o
       142          0          0          0          0        969   drv_flash.o
       540         12          0          0          0       1263   drv_gpio.o
       854         28          0          0          4       3893   drv_key.o
       604         40          0          2          2       2531   drv_led.o
       200         12          0          0          4       1828   drv_motor.o
      1636        188          0          0         47       3744   drv_power.o
      1048         36        120          0         37       4579   drv_rf.o
       404         28          0          0         40       2293   drv_sensor.o
       620         60          0          0         22       5167   drv_uart.o
       576         40         48          0          4       2347   err_check_app.o
      1096         44          0          0          0       7707   gd32e23x_adc.o
       560         20          0          0          0       5601   gd32e23x_dma.o
       422         24          0          0          0       6400   gd32e23x_fmc.o
       260         36          0          0          0       2466   gd32e23x_fwdgt.o
       564          0          0          0          0       4127   gd32e23x_gpio.o
        74          0          0          0          0        773   gd32e23x_it.o
       320         24          0          0          0       3828   gd32e23x_misc.o
      2160        108          0          0          0      11385   gd32e23x_rcu.o
      1844         72          0          0          0      17002   gd32e23x_timer.o
       716         28          0          0          0      13675   gd32e23x_usart.o
       608         28         14          0         20       3049   key_app.o
      1664         84          0          0          8       3377   led_app.o
       696         36          0          0          0       3632   main.o
        28          8        204          0       1024        648   startup_gd32e23x.o
       484         56          0          4          0       1863   system_gd32e23x.o
       588         64          0         12         16       2235   task_app.o
      2852        112         36          0         34       6432   test_app.o

    ----------------------------------------------------------------------
     25660       1444        504         32       1344     138654   Object Totals
         0          0         32          0          0          0   (incl. Generated)
        20          0          3          2         22          0   (incl. Padding)

    ----------------------------------------------------------------------

      Code (inc. data)   RO Data    RW Data    ZI Data      Debug   Library Member Name

        46          4          0          0          0        204   dunder.o
       852         62         56          0          0        136   log.o
       172          0          0          0          0         76   poly.o
         0          0          8          0          0          0   qnan.o
         0          0          0          0          0          0   entry.o
         0          0          0          0          0          0   entry10a.o
         0          0          0          0          0          0   entry11a.o
         8          4          0          0          0          0   entry2.o
         4          0          0          0          0          0   entry5.o
         0          0          0          0          0          0   entry7b.o
         0          0          0          0          0          0   entry8b.o
         8          4          0          0          0          0   entry9a.o
        12          6          0          4          0         60   errno.o
        30          0          0          0          0          0   handlers.o
        36          8          0          0          0         68   init.o
         0          0          0          0          0          0   iusefp.o
        32          0          0          0          0         68   llshl.o
        38          0          0          0          0         68   llsshr.o
        34          0          0          0          0         68   llushr.o
      2252         98          0          0          0        412   printfa.o
         8          0          0          0          0         60   siabs.o
         0          0          0          4          0          0   stdout.o
        44          0          0          0          0         72   uidiv.o
        96          0          0          0          0         84   uldiv.o
        40          2          0          0          0         68   cdcmple.o
        40          2          0          0          0         68   cdrcmple.o
       356          4          0          0          0        140   dadd.o
       240          6          0          0          0         84   ddiv.o
       236          0          0          0          0        216   depilogue.o
        72         10          0          0          0         72   dfixi.o
        64         10          0          0          0         68   dfixul.o
        40          6          0          0          0         68   dflti.o
       208          6          0          0          0         88   dmul.o
        44          0          0          0          0         72   dscalb.o

    ----------------------------------------------------------------------
      5016        232         64          8          0       2320   Library Totals
         4          0          0          0          0          0   (incl. Padding)

    ----------------------------------------------------------------------

      Code (inc. data)   RO Data    RW Data    ZI Data      Debug   Library Name

      1070         66         64          0          0        416   m_ps.l
      2602        120          0          8          0        960   mc_p.l
      1340         46          0          0          0        944   mf_p.l

    ----------------------------------------------------------------------
      5016        232         64          8          0       2320   Library Totals

    ----------------------------------------------------------------------

==============================================================================


      Code (inc. data)   RO Data    RW Data    ZI Data      Debug   

     30676       1676        568         40       1344     139530   Grand Totals
     30676       1676        568         40       1344     139530   ELF Image Totals
     30676       1676        568         40          0          0   ROM Totals

==============================================================================

    Total RO  Size (Code + RO Data)                31244 (  30.51kB)
    Total RW  Size (RW Data + ZI Data)              1384 (   1.35kB)
    Total ROM Size (Code + RO Data + RW Data)      31284 (  30.55kB)

==============================================================================

